2025-06-21 20:57:42,131 - asyncio - DEBUG - Using proactor: IocpProactor
2025-06-21 20:57:42,137 - httpx - DEBUG - load_ssl_context verify=True cert=None trust_env=True http2=False
2025-06-21 20:57:42,141 - httpx - DEBUG - load_verify_locations cafile='c:\\Users\\Rachid Aitali\\OneDrive - 4JM Solutions Limited\\Desktop\\SniperX\\SniperX\\.venv\\lib\\site-packages\\certifi\\cacert.pem'
2025-06-21 20:57:42,156 - httpx - DEBUG - load_ssl_context verify=True cert=None trust_env=True http2=False
2025-06-21 20:57:42,156 - httpx - DEBUG - load_verify_locations cafile='c:\\Users\\Rachid Aitali\\OneDrive - 4JM Solutions Limited\\Desktop\\SniperX\\SniperX\\.venv\\lib\\site-packages\\certifi\\cacert.pem'
2025-06-21 20:57:42,182 - __main__ - INFO - Telegram Manager Bot started. Send /menu to interact.
2025-06-21 20:57:42,184 - telegram.ext.ExtBot - DEBUG - Entering: send_message
2025-06-21 20:57:42,203 - httpcore.connection - DEBUG - connect_tcp.started host='api.telegram.org' port=443 local_address=None timeout=5.0 socket_options=None
2025-06-21 20:57:42,329 - httpcore.connection - DEBUG - connect_tcp.complete return_value=<httpcore._backends.anyio.AnyIOStream object at 0x000001341DCCA6B0>
2025-06-21 20:57:42,331 - httpcore.connection - DEBUG - start_tls.started ssl_context=<ssl.SSLContext object at 0x000001341DC25AC0> server_hostname='api.telegram.org' timeout=5.0
2025-06-21 20:57:42,444 - httpcore.connection - DEBUG - start_tls.complete return_value=<httpcore._backends.anyio.AnyIOStream object at 0x000001341DCCB430>
2025-06-21 20:57:42,448 - httpcore.http11 - DEBUG - send_request_headers.started request=<Request [b'POST']>
2025-06-21 20:57:42,451 - httpcore.http11 - DEBUG - send_request_headers.complete
2025-06-21 20:57:42,451 - httpcore.http11 - DEBUG - send_request_body.started request=<Request [b'POST']>
2025-06-21 20:57:42,451 - httpcore.http11 - DEBUG - send_request_body.complete
2025-06-21 20:57:42,451 - httpcore.http11 - DEBUG - receive_response_headers.started request=<Request [b'POST']>
2025-06-21 20:57:42,577 - httpcore.http11 - DEBUG - receive_response_headers.complete return_value=(b'HTTP/1.1', 200, b'OK', [(b'Server', b'nginx/1.18.0'), (b'Date', b'Sat, 21 Jun 2025 19:57:42 GMT'), (b'Content-Type', b'application/json'), (b'Content-Length', b'351'), (b'Connection', b'keep-alive'), (b'Strict-Transport-Security', b'max-age=31536000; includeSubDomains; preload'), (b'Access-Control-Allow-Origin', b'*'), (b'Access-Control-Allow-Methods', b'GET, POST, OPTIONS'), (b'Access-Control-Expose-Headers', b'Content-Length,Content-Type,Date,Server,Connection')])
2025-06-21 20:57:42,581 - httpx - INFO - HTTP Request: POST https://api.telegram.org/bot7707158318:AAE8rWa4Q8Z_3avql6K0HAmXaooZAReoNF0/sendMessage "HTTP/1.1 200 OK"
2025-06-21 20:57:42,583 - httpcore.http11 - DEBUG - receive_response_body.started request=<Request [b'POST']>
2025-06-21 20:57:42,583 - httpcore.http11 - DEBUG - receive_response_body.complete
2025-06-21 20:57:42,583 - httpcore.http11 - DEBUG - response_closed.started
2025-06-21 20:57:42,583 - httpcore.http11 - DEBUG - response_closed.complete
2025-06-21 20:57:42,590 - telegram.ext.ExtBot - DEBUG - Message(channel_chat_created=False, chat=Chat(first_name='Ghost', id=7049055170, last_name='Number1', type=<ChatType.PRIVATE>), date=datetime.datetime(2025, 6, 21, 19, 57, 42, tzinfo=<UTC>), delete_chat_photo=False, entities=(MessageEntity(length=5, offset=36, type=<MessageEntityType.BOT_COMMAND>),), from_user=User(first_name='SPRD', id=7707158318, is_bot=True, username='tizi91Bot'), group_chat_created=False, message_id=5849, supergroup_chat_created=False, text='SniperX Control Bot is online! Send /menu to see options.')
2025-06-21 20:57:42,593 - telegram.ext.ExtBot - DEBUG - Exiting: send_message
2025-06-21 20:57:42,594 - telegram.ext.ExtBot - DEBUG - Entering: get_me
2025-06-21 20:57:42,597 - httpcore.http11 - DEBUG - send_request_headers.started request=<Request [b'POST']>
2025-06-21 20:57:42,598 - httpcore.http11 - DEBUG - send_request_headers.complete
2025-06-21 20:57:42,598 - httpcore.http11 - DEBUG - send_request_body.started request=<Request [b'POST']>
2025-06-21 20:57:42,598 - httpcore.http11 - DEBUG - send_request_body.complete
2025-06-21 20:57:42,598 - httpcore.http11 - DEBUG - receive_response_headers.started request=<Request [b'POST']>
2025-06-21 20:57:42,694 - httpcore.http11 - DEBUG - receive_response_headers.complete return_value=(b'HTTP/1.1', 200, b'OK', [(b'Server', b'nginx/1.18.0'), (b'Date', b'Sat, 21 Jun 2025 19:57:43 GMT'), (b'Content-Type', b'application/json'), (b'Content-Length', b'243'), (b'Connection', b'keep-alive'), (b'Strict-Transport-Security', b'max-age=31536000; includeSubDomains; preload'), (b'Access-Control-Allow-Origin', b'*'), (b'Access-Control-Allow-Methods', b'GET, POST, OPTIONS'), (b'Access-Control-Expose-Headers', b'Content-Length,Content-Type,Date,Server,Connection')])
2025-06-21 20:57:42,697 - httpx - INFO - HTTP Request: POST https://api.telegram.org/bot7707158318:AAE8rWa4Q8Z_3avql6K0HAmXaooZAReoNF0/getMe "HTTP/1.1 200 OK"
2025-06-21 20:57:42,697 - httpcore.http11 - DEBUG - receive_response_body.started request=<Request [b'POST']>
2025-06-21 20:57:42,697 - httpcore.http11 - DEBUG - receive_response_body.complete
2025-06-21 20:57:42,699 - httpcore.http11 - DEBUG - response_closed.started
2025-06-21 20:57:42,699 - httpcore.http11 - DEBUG - response_closed.complete
2025-06-21 20:57:42,699 - telegram.ext.ExtBot - DEBUG - User(api_kwargs={'can_connect_to_business': False, 'has_main_web_app': False}, can_join_groups=True, can_read_all_group_messages=False, first_name='SPRD', id=7707158318, is_bot=True, supports_inline_queries=False, username='tizi91Bot')
2025-06-21 20:57:42,699 - telegram.ext.ExtBot - DEBUG - Exiting: get_me
2025-06-21 20:57:42,701 - telegram.ext.ExtBot - DEBUG - This Bot is already initialized.
2025-06-21 20:57:42,701 - telegram.ext.Updater - DEBUG - Updater started (polling)
2025-06-21 20:57:42,701 - telegram.ext.Updater - DEBUG - Start network loop retry bootstrap del webhook
2025-06-21 20:57:42,701 - telegram.ext.Updater - DEBUG - Deleting webhook
2025-06-21 20:57:42,701 - telegram.ext.ExtBot - DEBUG - Entering: delete_webhook
2025-06-21 20:57:42,703 - httpcore.http11 - DEBUG - send_request_headers.started request=<Request [b'POST']>
2025-06-21 20:57:42,703 - httpcore.http11 - DEBUG - send_request_headers.complete
2025-06-21 20:57:42,703 - httpcore.http11 - DEBUG - send_request_body.started request=<Request [b'POST']>
2025-06-21 20:57:42,703 - httpcore.http11 - DEBUG - send_request_body.complete
2025-06-21 20:57:42,703 - httpcore.http11 - DEBUG - receive_response_headers.started request=<Request [b'POST']>
2025-06-21 20:57:42,812 - httpcore.http11 - DEBUG - receive_response_headers.complete return_value=(b'HTTP/1.1', 200, b'OK', [(b'Server', b'nginx/1.18.0'), (b'Date', b'Sat, 21 Jun 2025 19:57:43 GMT'), (b'Content-Type', b'application/json'), (b'Content-Length', b'68'), (b'Connection', b'keep-alive'), (b'Strict-Transport-Security', b'max-age=31536000; includeSubDomains; preload'), (b'Access-Control-Allow-Origin', b'*'), (b'Access-Control-Allow-Methods', b'GET, POST, OPTIONS'), (b'Access-Control-Expose-Headers', b'Content-Length,Content-Type,Date,Server,Connection')])
2025-06-21 20:57:42,815 - httpx - INFO - HTTP Request: POST https://api.telegram.org/bot7707158318:AAE8rWa4Q8Z_3avql6K0HAmXaooZAReoNF0/deleteWebhook "HTTP/1.1 200 OK"
2025-06-21 20:57:42,820 - httpcore.http11 - DEBUG - receive_response_body.started request=<Request [b'POST']>
2025-06-21 20:57:42,821 - httpcore.http11 - DEBUG - receive_response_body.complete
2025-06-21 20:57:42,821 - httpcore.http11 - DEBUG - response_closed.started
2025-06-21 20:57:42,821 - httpcore.http11 - DEBUG - response_closed.complete
2025-06-21 20:57:42,823 - telegram.ext.ExtBot - DEBUG - True
2025-06-21 20:57:42,823 - telegram.ext.ExtBot - DEBUG - Exiting: delete_webhook
2025-06-21 20:57:42,823 - telegram.ext.Updater - DEBUG - Bootstrap done
2025-06-21 20:57:42,823 - telegram.ext.Updater - DEBUG - Waiting for polling to start
2025-06-21 20:57:42,823 - telegram.ext.Updater - DEBUG - Polling updates from Telegram started
2025-06-21 20:57:42,825 - telegram.ext.Updater - DEBUG - Start network loop retry getting Updates
2025-06-21 20:57:42,825 - telegram.ext.ExtBot - DEBUG - Entering: get_updates
2025-06-21 20:57:42,829 - telegram.ext.Application - INFO - Application started
2025-06-21 20:57:42,830 - httpcore.connection - DEBUG - connect_tcp.started host='api.telegram.org' port=443 local_address=None timeout=5.0 socket_options=None
2025-06-21 20:57:42,925 - httpcore.connection - DEBUG - connect_tcp.complete return_value=<httpcore._backends.anyio.AnyIOStream object at 0x000001341DD1E8F0>
2025-06-21 20:57:42,925 - httpcore.connection - DEBUG - start_tls.started ssl_context=<ssl.SSLContext object at 0x000001341DC25BC0> server_hostname='api.telegram.org' timeout=5.0
2025-06-21 20:57:43,012 - httpcore.connection - DEBUG - start_tls.complete return_value=<httpcore._backends.anyio.AnyIOStream object at 0x000001341DD1E7A0>
2025-06-21 20:57:43,014 - httpcore.http11 - DEBUG - send_request_headers.started request=<Request [b'POST']>
2025-06-21 20:57:43,015 - httpcore.http11 - DEBUG - send_request_headers.complete
2025-06-21 20:57:43,015 - httpcore.http11 - DEBUG - send_request_body.started request=<Request [b'POST']>
2025-06-21 20:57:43,015 - httpcore.http11 - DEBUG - send_request_body.complete
2025-06-21 20:57:43,015 - httpcore.http11 - DEBUG - receive_response_headers.started request=<Request [b'POST']>
2025-06-21 20:57:48,423 - httpcore.http11 - DEBUG - receive_response_headers.complete return_value=(b'HTTP/1.1', 200, b'OK', [(b'Server', b'nginx/1.18.0'), (b'Date', b'Sat, 21 Jun 2025 19:57:48 GMT'), (b'Content-Type', b'application/json'), (b'Content-Length', b'356'), (b'Connection', b'keep-alive'), (b'Strict-Transport-Security', b'max-age=31536000; includeSubDomains; preload'), (b'Access-Control-Allow-Origin', b'*'), (b'Access-Control-Allow-Methods', b'GET, POST, OPTIONS'), (b'Access-Control-Expose-Headers', b'Content-Length,Content-Type,Date,Server,Connection')])
2025-06-21 20:57:48,424 - httpx - INFO - HTTP Request: POST https://api.telegram.org/bot7707158318:AAE8rWa4Q8Z_3avql6K0HAmXaooZAReoNF0/getUpdates "HTTP/1.1 200 OK"
2025-06-21 20:57:48,424 - httpcore.http11 - DEBUG - receive_response_body.started request=<Request [b'POST']>
2025-06-21 20:57:48,425 - httpcore.http11 - DEBUG - receive_response_body.complete
2025-06-21 20:57:48,425 - httpcore.http11 - DEBUG - response_closed.started
2025-06-21 20:57:48,426 - httpcore.http11 - DEBUG - response_closed.complete
2025-06-21 20:57:48,427 - telegram.ext.ExtBot - DEBUG - Getting updates: [37530013]
2025-06-21 20:57:48,428 - telegram.ext.ExtBot - DEBUG - (Update(message=Message(channel_chat_created=False, chat=Chat(first_name='Ghost', id=7049055170, last_name='Number1', type=<ChatType.PRIVATE>), date=datetime.datetime(2025, 6, 21, 19, 57, 48, tzinfo=<UTC>), delete_chat_photo=False, entities=(MessageEntity(length=5, offset=0, type=<MessageEntityType.BOT_COMMAND>),), from_user=User(first_name='Ghost', id=7049055170, is_bot=False, language_code='en', last_name='Number1'), group_chat_created=False, message_id=5850, supergroup_chat_created=False, text='/menu'), update_id=37530013),)
2025-06-21 20:57:48,430 - telegram.ext.ExtBot - DEBUG - Exiting: get_updates
2025-06-21 20:57:48,431 - telegram.ext.ExtBot - DEBUG - Entering: get_updates
2025-06-21 20:57:48,433 - telegram.ext.Application - DEBUG - Processing update Update(message=Message(channel_chat_created=False, chat=Chat(first_name='Ghost', id=7049055170, last_name='Number1', type=<ChatType.PRIVATE>), date=datetime.datetime(2025, 6, 21, 19, 57, 48, tzinfo=<UTC>), delete_chat_photo=False, entities=(MessageEntity(length=5, offset=0, type=<MessageEntityType.BOT_COMMAND>),), from_user=User(first_name='Ghost', id=7049055170, is_bot=False, language_code='en', last_name='Number1'), group_chat_created=False, message_id=5850, supergroup_chat_created=False, text='/menu'), update_id=37530013)
2025-06-21 20:57:48,436 - telegram.ext.ExtBot - DEBUG - Entering: send_message
2025-06-21 20:57:48,440 - httpcore.connection - DEBUG - close.started
2025-06-21 20:57:48,441 - httpcore.connection - DEBUG - close.complete
2025-06-21 20:57:48,442 - httpcore.http11 - DEBUG - send_request_headers.started request=<Request [b'POST']>
2025-06-21 20:57:48,443 - httpcore.connection - DEBUG - connect_tcp.started host='api.telegram.org' port=443 local_address=None timeout=5.0 socket_options=None
2025-06-21 20:57:48,444 - httpcore.http11 - DEBUG - send_request_headers.complete
2025-06-21 20:57:48,444 - httpcore.http11 - DEBUG - send_request_body.started request=<Request [b'POST']>
2025-06-21 20:57:48,447 - httpcore.http11 - DEBUG - send_request_body.complete
2025-06-21 20:57:48,447 - httpcore.http11 - DEBUG - receive_response_headers.started request=<Request [b'POST']>
2025-06-21 20:57:48,562 - httpcore.connection - DEBUG - connect_tcp.complete return_value=<httpcore._backends.anyio.AnyIOStream object at 0x000001341DD1E260>
2025-06-21 20:57:48,562 - httpcore.connection - DEBUG - start_tls.started ssl_context=<ssl.SSLContext object at 0x000001341DC25AC0> server_hostname='api.telegram.org' timeout=5.0
2025-06-21 20:57:48,673 - httpcore.connection - DEBUG - start_tls.complete return_value=<httpcore._backends.anyio.AnyIOStream object at 0x000001341DD1F010>
2025-06-21 20:57:48,675 - httpcore.http11 - DEBUG - send_request_headers.started request=<Request [b'POST']>
2025-06-21 20:57:48,676 - httpcore.http11 - DEBUG - send_request_headers.complete
2025-06-21 20:57:48,677 - httpcore.http11 - DEBUG - send_request_body.started request=<Request [b'POST']>
2025-06-21 20:57:48,678 - httpcore.http11 - DEBUG - send_request_body.complete
2025-06-21 20:57:48,678 - httpcore.http11 - DEBUG - receive_response_headers.started request=<Request [b'POST']>
2025-06-21 20:57:48,787 - httpcore.http11 - DEBUG - receive_response_headers.complete return_value=(b'HTTP/1.1', 200, b'OK', [(b'Server', b'nginx/1.18.0'), (b'Date', b'Sat, 21 Jun 2025 19:57:49 GMT'), (b'Content-Type', b'application/json'), (b'Content-Length', b'569'), (b'Connection', b'keep-alive'), (b'Strict-Transport-Security', b'max-age=31536000; includeSubDomains; preload'), (b'Access-Control-Allow-Origin', b'*'), (b'Access-Control-Allow-Methods', b'GET, POST, OPTIONS'), (b'Access-Control-Expose-Headers', b'Content-Length,Content-Type,Date,Server,Connection')])
2025-06-21 20:57:48,789 - httpx - INFO - HTTP Request: POST https://api.telegram.org/bot7707158318:AAE8rWa4Q8Z_3avql6K0HAmXaooZAReoNF0/sendMessage "HTTP/1.1 200 OK"
2025-06-21 20:57:48,790 - httpcore.http11 - DEBUG - receive_response_body.started request=<Request [b'POST']>
2025-06-21 20:57:48,792 - httpcore.http11 - DEBUG - receive_response_body.complete
2025-06-21 20:57:48,792 - httpcore.http11 - DEBUG - response_closed.started
2025-06-21 20:57:48,792 - httpcore.http11 - DEBUG - response_closed.complete
2025-06-21 20:57:48,795 - telegram.ext.ExtBot - DEBUG - Message(channel_chat_created=False, chat=Chat(first_name='Ghost', id=7049055170, last_name='Number1', type=<ChatType.PRIVATE>), date=datetime.datetime(2025, 6, 21, 19, 57, 49, tzinfo=<UTC>), delete_chat_photo=False, from_user=User(first_name='SPRD', id=7707158318, is_bot=True, username='tizi91Bot'), group_chat_created=False, message_id=5851, reply_markup=InlineKeyboardMarkup(inline_keyboard=((InlineKeyboardButton(callback_data='start_sniperx', text='🚀 Start SniperX'),), (InlineKeyboardButton(callback_data='stop_sniperx', text='🛑 Stop SniperX'), InlineKeyboardButton(callback_data='status_sniperx', text='📊 Status')), (InlineKeyboardButton(callback_data='show_balance', text='💰 Balance'),))), supergroup_chat_created=False, text='SniperX Bot Control Panel:')
2025-06-21 20:57:48,796 - telegram.ext.ExtBot - DEBUG - Exiting: send_message
2025-06-21 20:57:50,391 - httpcore.http11 - DEBUG - receive_response_headers.complete return_value=(b'HTTP/1.1', 200, b'OK', [(b'Server', b'nginx/1.18.0'), (b'Date', b'Sat, 21 Jun 2025 19:57:50 GMT'), (b'Content-Type', b'application/json'), (b'Content-Length', b'817'), (b'Connection', b'keep-alive'), (b'Strict-Transport-Security', b'max-age=31536000; includeSubDomains; preload'), (b'Access-Control-Allow-Origin', b'*'), (b'Access-Control-Allow-Methods', b'GET, POST, OPTIONS'), (b'Access-Control-Expose-Headers', b'Content-Length,Content-Type,Date,Server,Connection')])
2025-06-21 20:57:50,393 - httpx - INFO - HTTP Request: POST https://api.telegram.org/bot7707158318:AAE8rWa4Q8Z_3avql6K0HAmXaooZAReoNF0/getUpdates "HTTP/1.1 200 OK"
2025-06-21 20:57:50,395 - httpcore.http11 - DEBUG - receive_response_body.started request=<Request [b'POST']>
2025-06-21 20:57:50,396 - httpcore.http11 - DEBUG - receive_response_body.complete
2025-06-21 20:57:50,396 - httpcore.http11 - DEBUG - response_closed.started
2025-06-21 20:57:50,397 - httpcore.http11 - DEBUG - response_closed.complete
2025-06-21 20:57:50,398 - telegram.ext.ExtBot - DEBUG - Getting updates: [37530014]
2025-06-21 20:57:50,400 - telegram.ext.ExtBot - DEBUG - (Update(callback_query=CallbackQuery(chat_instance='-1307310250263184334', data='start_sniperx', from_user=User(first_name='Ghost', id=7049055170, is_bot=False, language_code='en', last_name='Number1'), id='2605345315336146842', message=Message(channel_chat_created=False, chat=Chat(first_name='Ghost', id=7049055170, last_name='Number1', type=<ChatType.PRIVATE>), date=datetime.datetime(2025, 6, 21, 19, 57, 49, tzinfo=<UTC>), delete_chat_photo=False, from_user=User(first_name='SPRD', id=7707158318, is_bot=True, username='tizi91Bot'), group_chat_created=False, message_id=5851, reply_markup=InlineKeyboardMarkup(inline_keyboard=((InlineKeyboardButton(callback_data='start_sniperx', text='🚀 Start SniperX'),), (InlineKeyboardButton(callback_data='stop_sniperx', text='🛑 Stop SniperX'), InlineKeyboardButton(callback_data='status_sniperx', text='📊 Status')), (InlineKeyboardButton(callback_data='show_balance', text='💰 Balance'),))), supergroup_chat_created=False, text='SniperX Bot Control Panel:')), update_id=37530014),)
2025-06-21 20:57:50,402 - telegram.ext.ExtBot - DEBUG - Exiting: get_updates
2025-06-21 20:57:50,403 - telegram.ext.ExtBot - DEBUG - Entering: get_updates
2025-06-21 20:57:50,405 - telegram.ext.Application - DEBUG - Processing update Update(callback_query=CallbackQuery(chat_instance='-1307310250263184334', data='start_sniperx', from_user=User(first_name='Ghost', id=7049055170, is_bot=False, language_code='en', last_name='Number1'), id='2605345315336146842', message=Message(channel_chat_created=False, chat=Chat(first_name='Ghost', id=7049055170, last_name='Number1', type=<ChatType.PRIVATE>), date=datetime.datetime(2025, 6, 21, 19, 57, 49, tzinfo=<UTC>), delete_chat_photo=False, from_user=User(first_name='SPRD', id=7707158318, is_bot=True, username='tizi91Bot'), group_chat_created=False, message_id=5851, reply_markup=InlineKeyboardMarkup(inline_keyboard=((InlineKeyboardButton(callback_data='start_sniperx', text='🚀 Start SniperX'),), (InlineKeyboardButton(callback_data='stop_sniperx', text='🛑 Stop SniperX'), InlineKeyboardButton(callback_data='status_sniperx', text='📊 Status')), (InlineKeyboardButton(callback_data='show_balance', text='💰 Balance'),))), supergroup_chat_created=False, text='SniperX Bot Control Panel:')), update_id=37530014)
2025-06-21 20:57:50,409 - __main__ - INFO - Button callback received: Update(callback_query=CallbackQuery(chat_instance='-1307310250263184334', data='start_sniperx', from_user=User(first_name='Ghost', id=7049055170, is_bot=False, language_code='en', last_name='Number1'), id='2605345315336146842', message=Message(channel_chat_created=False, chat=Chat(first_name='Ghost', id=7049055170, last_name='Number1', type=<ChatType.PRIVATE>), date=datetime.datetime(2025, 6, 21, 19, 57, 49, tzinfo=<UTC>), delete_chat_photo=False, from_user=User(first_name='SPRD', id=7707158318, is_bot=True, username='tizi91Bot'), group_chat_created=False, message_id=5851, reply_markup=InlineKeyboardMarkup(inline_keyboard=((InlineKeyboardButton(callback_data='start_sniperx', text='🚀 Start SniperX'),), (InlineKeyboardButton(callback_data='stop_sniperx', text='🛑 Stop SniperX'), InlineKeyboardButton(callback_data='status_sniperx', text='📊 Status')), (InlineKeyboardButton(callback_data='show_balance', text='💰 Balance'),))), supergroup_chat_created=False, text='SniperX Bot Control Panel:')), update_id=37530014)
2025-06-21 20:57:50,410 - telegram.ext.ExtBot - DEBUG - Entering: answer_callback_query
2025-06-21 20:57:50,423 - httpcore.http11 - DEBUG - send_request_headers.started request=<Request [b'POST']>
2025-06-21 20:57:50,424 - httpcore.http11 - DEBUG - send_request_headers.started request=<Request [b'POST']>
2025-06-21 20:57:50,427 - httpcore.http11 - DEBUG - send_request_headers.complete
2025-06-21 20:57:50,427 - httpcore.http11 - DEBUG - send_request_body.started request=<Request [b'POST']>
2025-06-21 20:57:50,428 - httpcore.http11 - DEBUG - send_request_headers.complete
2025-06-21 20:57:50,429 - httpcore.http11 - DEBUG - send_request_body.started request=<Request [b'POST']>
2025-06-21 20:57:50,435 - httpcore.http11 - DEBUG - send_request_body.complete
2025-06-21 20:57:50,435 - httpcore.http11 - DEBUG - receive_response_headers.started request=<Request [b'POST']>
2025-06-21 20:57:50,438 - httpcore.http11 - DEBUG - send_request_body.complete
2025-06-21 20:57:50,439 - httpcore.http11 - DEBUG - receive_response_headers.started request=<Request [b'POST']>
2025-06-21 20:57:50,576 - httpcore.http11 - DEBUG - receive_response_headers.complete return_value=(b'HTTP/1.1', 200, b'OK', [(b'Server', b'nginx/1.18.0'), (b'Date', b'Sat, 21 Jun 2025 19:57:50 GMT'), (b'Content-Type', b'application/json'), (b'Content-Length', b'25'), (b'Connection', b'keep-alive'), (b'Strict-Transport-Security', b'max-age=31536000; includeSubDomains; preload'), (b'Access-Control-Allow-Origin', b'*'), (b'Access-Control-Allow-Methods', b'GET, POST, OPTIONS'), (b'Access-Control-Expose-Headers', b'Content-Length,Content-Type,Date,Server,Connection')])
2025-06-21 20:57:50,579 - httpx - INFO - HTTP Request: POST https://api.telegram.org/bot7707158318:AAE8rWa4Q8Z_3avql6K0HAmXaooZAReoNF0/answerCallbackQuery "HTTP/1.1 200 OK"
2025-06-21 20:57:50,579 - httpcore.http11 - DEBUG - receive_response_body.started request=<Request [b'POST']>
2025-06-21 20:57:50,581 - httpcore.http11 - DEBUG - receive_response_body.complete
2025-06-21 20:57:50,582 - httpcore.http11 - DEBUG - response_closed.started
2025-06-21 20:57:50,583 - httpcore.http11 - DEBUG - response_closed.complete
2025-06-21 20:57:50,583 - telegram.ext.ExtBot - DEBUG - True
2025-06-21 20:57:50,584 - telegram.ext.ExtBot - DEBUG - Exiting: answer_callback_query
2025-06-21 20:57:50,584 - __main__ - INFO - Processing action: start_sniperx
2025-06-21 20:57:50,591 - telegram.ext.ExtBot - DEBUG - Entering: send_message
2025-06-21 20:57:50,595 - httpcore.http11 - DEBUG - send_request_headers.started request=<Request [b'POST']>
2025-06-21 20:57:50,598 - httpcore.http11 - DEBUG - send_request_headers.complete
2025-06-21 20:57:50,598 - httpcore.http11 - DEBUG - send_request_body.started request=<Request [b'POST']>
2025-06-21 20:57:50,601 - httpcore.http11 - DEBUG - send_request_body.complete
2025-06-21 20:57:50,601 - httpcore.http11 - DEBUG - receive_response_headers.started request=<Request [b'POST']>
2025-06-21 20:57:50,720 - httpcore.http11 - DEBUG - receive_response_headers.complete return_value=(b'HTTP/1.1', 200, b'OK', [(b'Server', b'nginx/1.18.0'), (b'Date', b'Sat, 21 Jun 2025 19:57:51 GMT'), (b'Content-Type', b'application/json'), (b'Content-Length', b'261'), (b'Connection', b'keep-alive'), (b'Strict-Transport-Security', b'max-age=31536000; includeSubDomains; preload'), (b'Access-Control-Allow-Origin', b'*'), (b'Access-Control-Allow-Methods', b'GET, POST, OPTIONS'), (b'Access-Control-Expose-Headers', b'Content-Length,Content-Type,Date,Server,Connection')])
2025-06-21 20:57:50,722 - httpx - INFO - HTTP Request: POST https://api.telegram.org/bot7707158318:AAE8rWa4Q8Z_3avql6K0HAmXaooZAReoNF0/sendMessage "HTTP/1.1 200 OK"
2025-06-21 20:57:50,736 - httpcore.http11 - DEBUG - receive_response_body.started request=<Request [b'POST']>
2025-06-21 20:57:50,736 - httpcore.http11 - DEBUG - receive_response_body.complete
2025-06-21 20:57:50,737 - httpcore.http11 - DEBUG - response_closed.started
2025-06-21 20:57:50,738 - httpcore.http11 - DEBUG - response_closed.complete
2025-06-21 20:57:50,741 - telegram.ext.ExtBot - DEBUG - Message(channel_chat_created=False, chat=Chat(first_name='Ghost', id=7049055170, last_name='Number1', type=<ChatType.PRIVATE>), date=datetime.datetime(2025, 6, 21, 19, 57, 51, tzinfo=<UTC>), delete_chat_photo=False, from_user=User(first_name='SPRD', id=7707158318, is_bot=True, username='tizi91Bot'), group_chat_created=False, message_id=5852, supergroup_chat_created=False, text='Starting wallet manager...')
2025-06-21 20:57:50,741 - telegram.ext.ExtBot - DEBUG - Exiting: send_message
2025-06-21 20:57:52,932 - telegram.ext.ExtBot - DEBUG - Entering: send_message
2025-06-21 20:57:52,936 - httpcore.http11 - DEBUG - send_request_headers.started request=<Request [b'POST']>
2025-06-21 20:57:52,937 - httpcore.http11 - DEBUG - send_request_headers.complete
2025-06-21 20:57:52,938 - httpcore.http11 - DEBUG - send_request_body.started request=<Request [b'POST']>
2025-06-21 20:57:52,938 - httpcore.http11 - DEBUG - send_request_body.complete
2025-06-21 20:57:52,938 - httpcore.http11 - DEBUG - receive_response_headers.started request=<Request [b'POST']>
2025-06-21 20:57:53,141 - httpcore.http11 - DEBUG - receive_response_headers.complete return_value=(b'HTTP/1.1', 200, b'OK', [(b'Server', b'nginx/1.18.0'), (b'Date', b'Sat, 21 Jun 2025 19:57:53 GMT'), (b'Content-Type', b'application/json'), (b'Content-Length', b'322'), (b'Connection', b'keep-alive'), (b'Strict-Transport-Security', b'max-age=31536000; includeSubDomains; preload'), (b'Access-Control-Allow-Origin', b'*'), (b'Access-Control-Allow-Methods', b'GET, POST, OPTIONS'), (b'Access-Control-Expose-Headers', b'Content-Length,Content-Type,Date,Server,Connection')])
2025-06-21 20:57:53,142 - httpx - INFO - HTTP Request: POST https://api.telegram.org/bot7707158318:AAE8rWa4Q8Z_3avql6K0HAmXaooZAReoNF0/sendMessage "HTTP/1.1 200 OK"
2025-06-21 20:57:53,144 - httpcore.http11 - DEBUG - receive_response_body.started request=<Request [b'POST']>
2025-06-21 20:57:53,145 - httpcore.http11 - DEBUG - receive_response_body.complete
2025-06-21 20:57:53,146 - httpcore.http11 - DEBUG - response_closed.started
2025-06-21 20:57:53,147 - httpcore.http11 - DEBUG - response_closed.complete
2025-06-21 20:57:53,149 - telegram.ext.ExtBot - DEBUG - Message(channel_chat_created=False, chat=Chat(first_name='Ghost', id=7049055170, last_name='Number1', type=<ChatType.PRIVATE>), date=datetime.datetime(2025, 6, 21, 19, 57, 53, tzinfo=<UTC>), delete_chat_photo=False, entities=(MessageEntity(length=5, offset=8, type=<MessageEntityType.URL>),), from_user=User(first_name='SPRD', id=7707158318, is_bot=True, username='tizi91Bot'), group_chat_created=False, message_id=5853, supergroup_chat_created=False, text='SniperX V2.py started with PID 17780.')
2025-06-21 20:57:53,150 - telegram.ext.ExtBot - DEBUG - Exiting: send_message
2025-06-21 20:57:53,150 - __main__ - INFO - SniperX V2.py started with PID 17780 by user tizi91Bot
2025-06-21 20:57:53,150 - telegram.ext.ExtBot - DEBUG - Entering: edit_message_text
2025-06-21 20:57:53,157 - httpcore.http11 - DEBUG - send_request_headers.started request=<Request [b'POST']>
2025-06-21 20:57:53,159 - httpcore.http11 - DEBUG - send_request_headers.complete
2025-06-21 20:57:53,160 - httpcore.http11 - DEBUG - send_request_body.started request=<Request [b'POST']>
2025-06-21 20:57:53,161 - httpcore.http11 - DEBUG - send_request_body.complete
2025-06-21 20:57:53,162 - httpcore.http11 - DEBUG - receive_response_headers.started request=<Request [b'POST']>
2025-06-21 20:57:53,278 - httpcore.http11 - DEBUG - receive_response_headers.complete return_value=(b'HTTP/1.1', 400, b'Bad Request', [(b'Server', b'nginx/1.18.0'), (b'Date', b'Sat, 21 Jun 2025 19:57:53 GMT'), (b'Content-Type', b'application/json'), (b'Content-Length', b'204'), (b'Connection', b'keep-alive'), (b'Strict-Transport-Security', b'max-age=31536000; includeSubDomains; preload'), (b'Access-Control-Allow-Origin', b'*'), (b'Access-Control-Expose-Headers', b'Content-Length,Content-Type,Date,Server,Connection')])
2025-06-21 20:57:53,279 - httpx - INFO - HTTP Request: POST https://api.telegram.org/bot7707158318:AAE8rWa4Q8Z_3avql6K0HAmXaooZAReoNF0/editMessageText "HTTP/1.1 400 Bad Request"
2025-06-21 20:57:53,280 - httpcore.http11 - DEBUG - receive_response_body.started request=<Request [b'POST']>
2025-06-21 20:57:53,280 - httpcore.http11 - DEBUG - receive_response_body.complete
2025-06-21 20:57:53,282 - httpcore.http11 - DEBUG - response_closed.started
2025-06-21 20:57:53,282 - httpcore.http11 - DEBUG - response_closed.complete
2025-06-21 20:57:53,283 - __main__ - ERROR - Error showing menu: Message is not modified: specified new message content and reply markup are exactly the same as a current content and reply markup of the message
2025-06-21 20:57:53,284 - telegram.ext.ExtBot - DEBUG - Entering: send_message
2025-06-21 20:57:53,288 - httpcore.http11 - DEBUG - send_request_headers.started request=<Request [b'POST']>
2025-06-21 20:57:53,290 - httpcore.http11 - DEBUG - send_request_headers.complete
2025-06-21 20:57:53,290 - httpcore.http11 - DEBUG - send_request_body.started request=<Request [b'POST']>
2025-06-21 20:57:53,291 - httpcore.http11 - DEBUG - send_request_body.complete
2025-06-21 20:57:53,292 - httpcore.http11 - DEBUG - receive_response_headers.started request=<Request [b'POST']>
2025-06-21 20:57:53,411 - httpcore.http11 - DEBUG - receive_response_headers.complete return_value=(b'HTTP/1.1', 200, b'OK', [(b'Server', b'nginx/1.18.0'), (b'Date', b'Sat, 21 Jun 2025 19:57:53 GMT'), (b'Content-Type', b'application/json'), (b'Content-Length', b'569'), (b'Connection', b'keep-alive'), (b'Strict-Transport-Security', b'max-age=31536000; includeSubDomains; preload'), (b'Access-Control-Allow-Origin', b'*'), (b'Access-Control-Allow-Methods', b'GET, POST, OPTIONS'), (b'Access-Control-Expose-Headers', b'Content-Length,Content-Type,Date,Server,Connection')])
2025-06-21 20:57:53,412 - httpx - INFO - HTTP Request: POST https://api.telegram.org/bot7707158318:AAE8rWa4Q8Z_3avql6K0HAmXaooZAReoNF0/sendMessage "HTTP/1.1 200 OK"
2025-06-21 20:57:53,414 - httpcore.http11 - DEBUG - receive_response_body.started request=<Request [b'POST']>
2025-06-21 20:57:53,415 - httpcore.http11 - DEBUG - receive_response_body.complete
2025-06-21 20:57:53,416 - httpcore.http11 - DEBUG - response_closed.started
2025-06-21 20:57:53,416 - httpcore.http11 - DEBUG - response_closed.complete
2025-06-21 20:57:53,417 - telegram.ext.ExtBot - DEBUG - Message(channel_chat_created=False, chat=Chat(first_name='Ghost', id=7049055170, last_name='Number1', type=<ChatType.PRIVATE>), date=datetime.datetime(2025, 6, 21, 19, 57, 53, tzinfo=<UTC>), delete_chat_photo=False, from_user=User(first_name='SPRD', id=7707158318, is_bot=True, username='tizi91Bot'), group_chat_created=False, message_id=5854, reply_markup=InlineKeyboardMarkup(inline_keyboard=((InlineKeyboardButton(callback_data='start_sniperx', text='🚀 Start SniperX'),), (InlineKeyboardButton(callback_data='stop_sniperx', text='🛑 Stop SniperX'), InlineKeyboardButton(callback_data='status_sniperx', text='📊 Status')), (InlineKeyboardButton(callback_data='show_balance', text='💰 Balance'),))), supergroup_chat_created=False, text='SniperX Bot Control Panel:')
2025-06-21 20:57:53,419 - telegram.ext.ExtBot - DEBUG - Exiting: send_message
2025-06-21 20:58:00,534 - httpcore.http11 - DEBUG - receive_response_headers.complete return_value=(b'HTTP/1.1', 200, b'OK', [(b'Server', b'nginx/1.18.0'), (b'Date', b'Sat, 21 Jun 2025 19:58:00 GMT'), (b'Content-Type', b'application/json'), (b'Content-Length', b'23'), (b'Connection', b'keep-alive'), (b'Strict-Transport-Security', b'max-age=31536000; includeSubDomains; preload'), (b'Access-Control-Allow-Origin', b'*'), (b'Access-Control-Allow-Methods', b'GET, POST, OPTIONS'), (b'Access-Control-Expose-Headers', b'Content-Length,Content-Type,Date,Server,Connection')])
2025-06-21 20:58:00,535 - httpx - INFO - HTTP Request: POST https://api.telegram.org/bot7707158318:AAE8rWa4Q8Z_3avql6K0HAmXaooZAReoNF0/getUpdates "HTTP/1.1 200 OK"
2025-06-21 20:58:00,536 - httpcore.http11 - DEBUG - receive_response_body.started request=<Request [b'POST']>
2025-06-21 20:58:00,537 - httpcore.http11 - DEBUG - receive_response_body.complete
2025-06-21 20:58:00,538 - httpcore.http11 - DEBUG - response_closed.started
2025-06-21 20:58:00,538 - httpcore.http11 - DEBUG - response_closed.complete
2025-06-21 20:58:00,539 - telegram.ext.ExtBot - DEBUG - No new updates found.
2025-06-21 20:58:00,541 - telegram.ext.ExtBot - DEBUG - ()
2025-06-21 20:58:00,541 - telegram.ext.ExtBot - DEBUG - Exiting: get_updates
2025-06-21 20:58:00,541 - telegram.ext.ExtBot - DEBUG - Entering: get_updates
2025-06-21 20:58:00,545 - httpcore.http11 - DEBUG - send_request_headers.started request=<Request [b'POST']>
2025-06-21 20:58:00,546 - httpcore.http11 - DEBUG - send_request_headers.complete
2025-06-21 20:58:00,546 - httpcore.http11 - DEBUG - send_request_body.started request=<Request [b'POST']>
2025-06-21 20:58:00,548 - httpcore.http11 - DEBUG - send_request_body.complete
2025-06-21 20:58:00,549 - httpcore.http11 - DEBUG - receive_response_headers.started request=<Request [b'POST']>
2025-06-21 20:58:10,873 - httpcore.http11 - DEBUG - receive_response_headers.complete return_value=(b'HTTP/1.1', 200, b'OK', [(b'Server', b'nginx/1.18.0'), (b'Date', b'Sat, 21 Jun 2025 19:58:10 GMT'), (b'Content-Type', b'application/json'), (b'Content-Length', b'23'), (b'Connection', b'keep-alive'), (b'Strict-Transport-Security', b'max-age=31536000; includeSubDomains; preload'), (b'Access-Control-Allow-Origin', b'*'), (b'Access-Control-Allow-Methods', b'GET, POST, OPTIONS'), (b'Access-Control-Expose-Headers', b'Content-Length,Content-Type,Date,Server,Connection')])
2025-06-21 20:58:10,879 - httpx - INFO - HTTP Request: POST https://api.telegram.org/bot7707158318:AAE8rWa4Q8Z_3avql6K0HAmXaooZAReoNF0/getUpdates "HTTP/1.1 200 OK"
2025-06-21 20:58:10,880 - httpcore.http11 - DEBUG - receive_response_body.started request=<Request [b'POST']>
2025-06-21 20:58:10,880 - httpcore.http11 - DEBUG - receive_response_body.complete
2025-06-21 20:58:10,881 - httpcore.http11 - DEBUG - response_closed.started
2025-06-21 20:58:10,881 - httpcore.http11 - DEBUG - response_closed.complete
2025-06-21 20:58:10,882 - telegram.ext.ExtBot - DEBUG - No new updates found.
2025-06-21 20:58:10,882 - telegram.ext.ExtBot - DEBUG - ()
2025-06-21 20:58:10,882 - telegram.ext.ExtBot - DEBUG - Exiting: get_updates
2025-06-21 20:58:10,882 - telegram.ext.ExtBot - DEBUG - Entering: get_updates
2025-06-21 20:58:10,882 - httpcore.http11 - DEBUG - send_request_headers.started request=<Request [b'POST']>
2025-06-21 20:58:10,884 - httpcore.http11 - DEBUG - send_request_headers.complete
2025-06-21 20:58:10,884 - httpcore.http11 - DEBUG - send_request_body.started request=<Request [b'POST']>
2025-06-21 20:58:10,886 - httpcore.http11 - DEBUG - send_request_body.complete
2025-06-21 20:58:10,886 - httpcore.http11 - DEBUG - receive_response_headers.started request=<Request [b'POST']>
2025-06-21 20:58:20,998 - httpcore.http11 - DEBUG - receive_response_headers.complete return_value=(b'HTTP/1.1', 200, b'OK', [(b'Server', b'nginx/1.18.0'), (b'Date', b'Sat, 21 Jun 2025 19:58:21 GMT'), (b'Content-Type', b'application/json'), (b'Content-Length', b'23'), (b'Connection', b'keep-alive'), (b'Strict-Transport-Security', b'max-age=31536000; includeSubDomains; preload'), (b'Access-Control-Allow-Origin', b'*'), (b'Access-Control-Allow-Methods', b'GET, POST, OPTIONS'), (b'Access-Control-Expose-Headers', b'Content-Length,Content-Type,Date,Server,Connection')])
2025-06-21 20:58:20,999 - httpx - INFO - HTTP Request: POST https://api.telegram.org/bot7707158318:AAE8rWa4Q8Z_3avql6K0HAmXaooZAReoNF0/getUpdates "HTTP/1.1 200 OK"
2025-06-21 20:58:21,001 - httpcore.http11 - DEBUG - receive_response_body.started request=<Request [b'POST']>
2025-06-21 20:58:21,002 - httpcore.http11 - DEBUG - receive_response_body.complete
2025-06-21 20:58:21,002 - httpcore.http11 - DEBUG - response_closed.started
2025-06-21 20:58:21,003 - httpcore.http11 - DEBUG - response_closed.complete
2025-06-21 20:58:21,003 - telegram.ext.ExtBot - DEBUG - No new updates found.
2025-06-21 20:58:21,003 - telegram.ext.ExtBot - DEBUG - ()
2025-06-21 20:58:21,003 - telegram.ext.ExtBot - DEBUG - Exiting: get_updates
2025-06-21 20:58:21,003 - telegram.ext.ExtBot - DEBUG - Entering: get_updates
2025-06-21 20:58:21,007 - httpcore.http11 - DEBUG - send_request_headers.started request=<Request [b'POST']>
2025-06-21 20:58:21,007 - httpcore.http11 - DEBUG - send_request_headers.complete
2025-06-21 20:58:21,009 - httpcore.http11 - DEBUG - send_request_body.started request=<Request [b'POST']>
2025-06-21 20:58:21,009 - httpcore.http11 - DEBUG - send_request_body.complete
2025-06-21 20:58:21,009 - httpcore.http11 - DEBUG - receive_response_headers.started request=<Request [b'POST']>
2025-06-21 20:58:31,260 - httpcore.http11 - DEBUG - receive_response_headers.complete return_value=(b'HTTP/1.1', 200, b'OK', [(b'Server', b'nginx/1.18.0'), (b'Date', b'Sat, 21 Jun 2025 19:58:31 GMT'), (b'Content-Type', b'application/json'), (b'Content-Length', b'23'), (b'Connection', b'keep-alive'), (b'Strict-Transport-Security', b'max-age=31536000; includeSubDomains; preload'), (b'Access-Control-Allow-Origin', b'*'), (b'Access-Control-Allow-Methods', b'GET, POST, OPTIONS'), (b'Access-Control-Expose-Headers', b'Content-Length,Content-Type,Date,Server,Connection')])
2025-06-21 20:58:31,262 - httpx - INFO - HTTP Request: POST https://api.telegram.org/bot7707158318:AAE8rWa4Q8Z_3avql6K0HAmXaooZAReoNF0/getUpdates "HTTP/1.1 200 OK"
2025-06-21 20:58:31,264 - httpcore.http11 - DEBUG - receive_response_body.started request=<Request [b'POST']>
2025-06-21 20:58:31,264 - httpcore.http11 - DEBUG - receive_response_body.complete
2025-06-21 20:58:31,265 - httpcore.http11 - DEBUG - response_closed.started
2025-06-21 20:58:31,265 - httpcore.http11 - DEBUG - response_closed.complete
2025-06-21 20:58:31,266 - telegram.ext.ExtBot - DEBUG - No new updates found.
2025-06-21 20:58:31,267 - telegram.ext.ExtBot - DEBUG - ()
2025-06-21 20:58:31,267 - telegram.ext.ExtBot - DEBUG - Exiting: get_updates
2025-06-21 20:58:31,267 - telegram.ext.ExtBot - DEBUG - Entering: get_updates
2025-06-21 20:58:31,270 - httpcore.http11 - DEBUG - send_request_headers.started request=<Request [b'POST']>
2025-06-21 20:58:31,272 - httpcore.http11 - DEBUG - send_request_headers.complete
2025-06-21 20:58:31,272 - httpcore.http11 - DEBUG - send_request_body.started request=<Request [b'POST']>
2025-06-21 20:58:31,273 - httpcore.http11 - DEBUG - send_request_body.complete
2025-06-21 20:58:31,273 - httpcore.http11 - DEBUG - receive_response_headers.started request=<Request [b'POST']>
2025-06-21 20:58:41,370 - httpcore.http11 - DEBUG - receive_response_headers.complete return_value=(b'HTTP/1.1', 200, b'OK', [(b'Server', b'nginx/1.18.0'), (b'Date', b'Sat, 21 Jun 2025 19:58:41 GMT'), (b'Content-Type', b'application/json'), (b'Content-Length', b'23'), (b'Connection', b'keep-alive'), (b'Strict-Transport-Security', b'max-age=31536000; includeSubDomains; preload'), (b'Access-Control-Allow-Origin', b'*'), (b'Access-Control-Allow-Methods', b'GET, POST, OPTIONS'), (b'Access-Control-Expose-Headers', b'Content-Length,Content-Type,Date,Server,Connection')])
2025-06-21 20:58:41,372 - httpx - INFO - HTTP Request: POST https://api.telegram.org/bot7707158318:AAE8rWa4Q8Z_3avql6K0HAmXaooZAReoNF0/getUpdates "HTTP/1.1 200 OK"
2025-06-21 20:58:41,380 - httpcore.http11 - DEBUG - receive_response_body.started request=<Request [b'POST']>
2025-06-21 20:58:41,381 - httpcore.http11 - DEBUG - receive_response_body.complete
2025-06-21 20:58:41,381 - httpcore.http11 - DEBUG - response_closed.started
2025-06-21 20:58:41,382 - httpcore.http11 - DEBUG - response_closed.complete
2025-06-21 20:58:41,383 - telegram.ext.ExtBot - DEBUG - No new updates found.
2025-06-21 20:58:41,383 - telegram.ext.ExtBot - DEBUG - ()
2025-06-21 20:58:41,384 - telegram.ext.ExtBot - DEBUG - Exiting: get_updates
2025-06-21 20:58:41,384 - telegram.ext.ExtBot - DEBUG - Entering: get_updates
2025-06-21 20:58:41,387 - httpcore.http11 - DEBUG - send_request_headers.started request=<Request [b'POST']>
2025-06-21 20:58:41,389 - httpcore.http11 - DEBUG - send_request_headers.complete
2025-06-21 20:58:41,389 - httpcore.http11 - DEBUG - send_request_body.started request=<Request [b'POST']>
2025-06-21 20:58:41,391 - httpcore.http11 - DEBUG - send_request_body.complete
2025-06-21 20:58:41,391 - httpcore.http11 - DEBUG - receive_response_headers.started request=<Request [b'POST']>
2025-06-21 20:58:51,619 - httpcore.http11 - DEBUG - receive_response_headers.complete return_value=(b'HTTP/1.1', 200, b'OK', [(b'Server', b'nginx/1.18.0'), (b'Date', b'Sat, 21 Jun 2025 19:58:51 GMT'), (b'Content-Type', b'application/json'), (b'Content-Length', b'23'), (b'Connection', b'keep-alive'), (b'Strict-Transport-Security', b'max-age=31536000; includeSubDomains; preload'), (b'Access-Control-Allow-Origin', b'*'), (b'Access-Control-Allow-Methods', b'GET, POST, OPTIONS'), (b'Access-Control-Expose-Headers', b'Content-Length,Content-Type,Date,Server,Connection')])
2025-06-21 20:58:51,619 - httpx - INFO - HTTP Request: POST https://api.telegram.org/bot7707158318:AAE8rWa4Q8Z_3avql6K0HAmXaooZAReoNF0/getUpdates "HTTP/1.1 200 OK"
2025-06-21 20:58:51,619 - httpcore.http11 - DEBUG - receive_response_body.started request=<Request [b'POST']>
2025-06-21 20:58:51,623 - httpcore.http11 - DEBUG - receive_response_body.complete
2025-06-21 20:58:51,623 - httpcore.http11 - DEBUG - response_closed.started
2025-06-21 20:58:51,623 - httpcore.http11 - DEBUG - response_closed.complete
2025-06-21 20:58:51,623 - telegram.ext.ExtBot - DEBUG - No new updates found.
2025-06-21 20:58:51,623 - telegram.ext.ExtBot - DEBUG - ()
2025-06-21 20:58:51,623 - telegram.ext.ExtBot - DEBUG - Exiting: get_updates
2025-06-21 20:58:51,625 - telegram.ext.ExtBot - DEBUG - Entering: get_updates
2025-06-21 20:58:51,627 - httpcore.http11 - DEBUG - send_request_headers.started request=<Request [b'POST']>
2025-06-21 20:58:51,627 - httpcore.http11 - DEBUG - send_request_headers.complete
2025-06-21 20:58:51,629 - httpcore.http11 - DEBUG - send_request_body.started request=<Request [b'POST']>
2025-06-21 20:58:51,630 - httpcore.http11 - DEBUG - send_request_body.complete
2025-06-21 20:58:51,630 - httpcore.http11 - DEBUG - receive_response_headers.started request=<Request [b'POST']>
2025-06-21 20:59:01,769 - httpcore.http11 - DEBUG - receive_response_headers.complete return_value=(b'HTTP/1.1', 200, b'OK', [(b'Server', b'nginx/1.18.0'), (b'Date', b'Sat, 21 Jun 2025 19:59:02 GMT'), (b'Content-Type', b'application/json'), (b'Content-Length', b'23'), (b'Connection', b'keep-alive'), (b'Strict-Transport-Security', b'max-age=31536000; includeSubDomains; preload'), (b'Access-Control-Allow-Origin', b'*'), (b'Access-Control-Allow-Methods', b'GET, POST, OPTIONS'), (b'Access-Control-Expose-Headers', b'Content-Length,Content-Type,Date,Server,Connection')])
2025-06-21 20:59:01,769 - httpx - INFO - HTTP Request: POST https://api.telegram.org/bot7707158318:AAE8rWa4Q8Z_3avql6K0HAmXaooZAReoNF0/getUpdates "HTTP/1.1 200 OK"
2025-06-21 20:59:01,769 - httpcore.http11 - DEBUG - receive_response_body.started request=<Request [b'POST']>
2025-06-21 20:59:01,769 - httpcore.http11 - DEBUG - receive_response_body.complete
2025-06-21 20:59:01,769 - httpcore.http11 - DEBUG - response_closed.started
2025-06-21 20:59:01,773 - httpcore.http11 - DEBUG - response_closed.complete
2025-06-21 20:59:01,773 - telegram.ext.ExtBot - DEBUG - No new updates found.
2025-06-21 20:59:01,773 - telegram.ext.ExtBot - DEBUG - ()
2025-06-21 20:59:01,773 - telegram.ext.ExtBot - DEBUG - Exiting: get_updates
2025-06-21 20:59:01,773 - telegram.ext.ExtBot - DEBUG - Entering: get_updates
2025-06-21 20:59:01,773 - httpcore.http11 - DEBUG - send_request_headers.started request=<Request [b'POST']>
2025-06-21 20:59:01,773 - httpcore.http11 - DEBUG - send_request_headers.complete
2025-06-21 20:59:01,773 - httpcore.http11 - DEBUG - send_request_body.started request=<Request [b'POST']>
2025-06-21 20:59:01,773 - httpcore.http11 - DEBUG - send_request_body.complete
2025-06-21 20:59:01,778 - httpcore.http11 - DEBUG - receive_response_headers.started request=<Request [b'POST']>
2025-06-21 20:59:11,952 - httpcore.http11 - DEBUG - receive_response_headers.complete return_value=(b'HTTP/1.1', 200, b'OK', [(b'Server', b'nginx/1.18.0'), (b'Date', b'Sat, 21 Jun 2025 19:59:12 GMT'), (b'Content-Type', b'application/json'), (b'Content-Length', b'23'), (b'Connection', b'keep-alive'), (b'Strict-Transport-Security', b'max-age=31536000; includeSubDomains; preload'), (b'Access-Control-Allow-Origin', b'*'), (b'Access-Control-Allow-Methods', b'GET, POST, OPTIONS'), (b'Access-Control-Expose-Headers', b'Content-Length,Content-Type,Date,Server,Connection')])
2025-06-21 20:59:11,952 - httpx - INFO - HTTP Request: POST https://api.telegram.org/bot7707158318:AAE8rWa4Q8Z_3avql6K0HAmXaooZAReoNF0/getUpdates "HTTP/1.1 200 OK"
2025-06-21 20:59:11,955 - httpcore.http11 - DEBUG - receive_response_body.started request=<Request [b'POST']>
2025-06-21 20:59:11,955 - httpcore.http11 - DEBUG - receive_response_body.complete
2025-06-21 20:59:11,955 - httpcore.http11 - DEBUG - response_closed.started
2025-06-21 20:59:11,955 - httpcore.http11 - DEBUG - response_closed.complete
2025-06-21 20:59:11,957 - telegram.ext.ExtBot - DEBUG - No new updates found.
2025-06-21 20:59:11,957 - telegram.ext.ExtBot - DEBUG - ()
2025-06-21 20:59:11,957 - telegram.ext.ExtBot - DEBUG - Exiting: get_updates
2025-06-21 20:59:11,960 - telegram.ext.ExtBot - DEBUG - Entering: get_updates
2025-06-21 20:59:11,960 - httpcore.http11 - DEBUG - send_request_headers.started request=<Request [b'POST']>
2025-06-21 20:59:11,960 - httpcore.http11 - DEBUG - send_request_headers.complete
2025-06-21 20:59:11,960 - httpcore.http11 - DEBUG - send_request_body.started request=<Request [b'POST']>
2025-06-21 20:59:11,965 - httpcore.http11 - DEBUG - send_request_body.complete
2025-06-21 20:59:11,965 - httpcore.http11 - DEBUG - receive_response_headers.started request=<Request [b'POST']>
2025-06-21 20:59:22,144 - httpcore.http11 - DEBUG - receive_response_headers.complete return_value=(b'HTTP/1.1', 200, b'OK', [(b'Server', b'nginx/1.18.0'), (b'Date', b'Sat, 21 Jun 2025 19:59:22 GMT'), (b'Content-Type', b'application/json'), (b'Content-Length', b'23'), (b'Connection', b'keep-alive'), (b'Strict-Transport-Security', b'max-age=31536000; includeSubDomains; preload'), (b'Access-Control-Allow-Origin', b'*'), (b'Access-Control-Allow-Methods', b'GET, POST, OPTIONS'), (b'Access-Control-Expose-Headers', b'Content-Length,Content-Type,Date,Server,Connection')])
2025-06-21 20:59:22,144 - httpx - INFO - HTTP Request: POST https://api.telegram.org/bot7707158318:AAE8rWa4Q8Z_3avql6K0HAmXaooZAReoNF0/getUpdates "HTTP/1.1 200 OK"
2025-06-21 20:59:22,144 - httpcore.http11 - DEBUG - receive_response_body.started request=<Request [b'POST']>
2025-06-21 20:59:22,144 - httpcore.http11 - DEBUG - receive_response_body.complete
2025-06-21 20:59:22,144 - httpcore.http11 - DEBUG - response_closed.started
2025-06-21 20:59:22,150 - httpcore.http11 - DEBUG - response_closed.complete
2025-06-21 20:59:22,150 - telegram.ext.ExtBot - DEBUG - No new updates found.
2025-06-21 20:59:22,150 - telegram.ext.ExtBot - DEBUG - ()
2025-06-21 20:59:22,150 - telegram.ext.ExtBot - DEBUG - Exiting: get_updates
2025-06-21 20:59:22,152 - telegram.ext.ExtBot - DEBUG - Entering: get_updates
2025-06-21 20:59:22,153 - httpcore.http11 - DEBUG - send_request_headers.started request=<Request [b'POST']>
2025-06-21 20:59:22,153 - httpcore.http11 - DEBUG - send_request_headers.complete
2025-06-21 20:59:22,153 - httpcore.http11 - DEBUG - send_request_body.started request=<Request [b'POST']>
2025-06-21 20:59:22,155 - httpcore.http11 - DEBUG - send_request_body.complete
2025-06-21 20:59:22,155 - httpcore.http11 - DEBUG - receive_response_headers.started request=<Request [b'POST']>
2025-06-21 20:59:32,592 - httpcore.http11 - DEBUG - receive_response_headers.complete return_value=(b'HTTP/1.1', 200, b'OK', [(b'Server', b'nginx/1.18.0'), (b'Date', b'Sat, 21 Jun 2025 19:59:32 GMT'), (b'Content-Type', b'application/json'), (b'Content-Length', b'23'), (b'Connection', b'keep-alive'), (b'Strict-Transport-Security', b'max-age=31536000; includeSubDomains; preload'), (b'Access-Control-Allow-Origin', b'*'), (b'Access-Control-Allow-Methods', b'GET, POST, OPTIONS'), (b'Access-Control-Expose-Headers', b'Content-Length,Content-Type,Date,Server,Connection')])
2025-06-21 20:59:32,593 - httpx - INFO - HTTP Request: POST https://api.telegram.org/bot7707158318:AAE8rWa4Q8Z_3avql6K0HAmXaooZAReoNF0/getUpdates "HTTP/1.1 200 OK"
2025-06-21 20:59:32,595 - httpcore.http11 - DEBUG - receive_response_body.started request=<Request [b'POST']>
2025-06-21 20:59:32,596 - httpcore.http11 - DEBUG - receive_response_body.complete
2025-06-21 20:59:32,596 - httpcore.http11 - DEBUG - response_closed.started
2025-06-21 20:59:32,597 - httpcore.http11 - DEBUG - response_closed.complete
2025-06-21 20:59:32,597 - telegram.ext.ExtBot - DEBUG - No new updates found.
2025-06-21 20:59:32,597 - telegram.ext.ExtBot - DEBUG - ()
2025-06-21 20:59:32,597 - telegram.ext.ExtBot - DEBUG - Exiting: get_updates
2025-06-21 20:59:32,597 - telegram.ext.ExtBot - DEBUG - Entering: get_updates
2025-06-21 20:59:32,599 - httpcore.http11 - DEBUG - send_request_headers.started request=<Request [b'POST']>
2025-06-21 20:59:32,600 - httpcore.http11 - DEBUG - send_request_headers.complete
2025-06-21 20:59:32,600 - httpcore.http11 - DEBUG - send_request_body.started request=<Request [b'POST']>
2025-06-21 20:59:32,600 - httpcore.http11 - DEBUG - send_request_body.complete
2025-06-21 20:59:32,602 - httpcore.http11 - DEBUG - receive_response_headers.started request=<Request [b'POST']>
2025-06-21 20:59:42,832 - httpcore.http11 - DEBUG - receive_response_headers.complete return_value=(b'HTTP/1.1', 200, b'OK', [(b'Server', b'nginx/1.18.0'), (b'Date', b'Sat, 21 Jun 2025 19:59:43 GMT'), (b'Content-Type', b'application/json'), (b'Content-Length', b'23'), (b'Connection', b'keep-alive'), (b'Strict-Transport-Security', b'max-age=31536000; includeSubDomains; preload'), (b'Access-Control-Allow-Origin', b'*'), (b'Access-Control-Allow-Methods', b'GET, POST, OPTIONS'), (b'Access-Control-Expose-Headers', b'Content-Length,Content-Type,Date,Server,Connection')])
2025-06-21 20:59:42,834 - httpx - INFO - HTTP Request: POST https://api.telegram.org/bot7707158318:AAE8rWa4Q8Z_3avql6K0HAmXaooZAReoNF0/getUpdates "HTTP/1.1 200 OK"
2025-06-21 20:59:42,834 - httpcore.http11 - DEBUG - receive_response_body.started request=<Request [b'POST']>
2025-06-21 20:59:42,834 - httpcore.http11 - DEBUG - receive_response_body.complete
2025-06-21 20:59:42,836 - httpcore.http11 - DEBUG - response_closed.started
2025-06-21 20:59:42,836 - httpcore.http11 - DEBUG - response_closed.complete
2025-06-21 20:59:42,836 - telegram.ext.ExtBot - DEBUG - No new updates found.
2025-06-21 20:59:42,837 - telegram.ext.ExtBot - DEBUG - ()
2025-06-21 20:59:42,837 - telegram.ext.ExtBot - DEBUG - Exiting: get_updates
2025-06-21 20:59:42,837 - telegram.ext.ExtBot - DEBUG - Entering: get_updates
2025-06-21 20:59:42,841 - httpcore.http11 - DEBUG - send_request_headers.started request=<Request [b'POST']>
2025-06-21 20:59:42,842 - httpcore.http11 - DEBUG - send_request_headers.complete
2025-06-21 20:59:42,842 - httpcore.http11 - DEBUG - send_request_body.started request=<Request [b'POST']>
2025-06-21 20:59:42,843 - httpcore.http11 - DEBUG - send_request_body.complete
2025-06-21 20:59:42,843 - httpcore.http11 - DEBUG - receive_response_headers.started request=<Request [b'POST']>
2025-06-21 20:59:53,072 - httpcore.http11 - DEBUG - receive_response_headers.complete return_value=(b'HTTP/1.1', 200, b'OK', [(b'Server', b'nginx/1.18.0'), (b'Date', b'Sat, 21 Jun 2025 19:59:53 GMT'), (b'Content-Type', b'application/json'), (b'Content-Length', b'23'), (b'Connection', b'keep-alive'), (b'Strict-Transport-Security', b'max-age=31536000; includeSubDomains; preload'), (b'Access-Control-Allow-Origin', b'*'), (b'Access-Control-Allow-Methods', b'GET, POST, OPTIONS'), (b'Access-Control-Expose-Headers', b'Content-Length,Content-Type,Date,Server,Connection')])
2025-06-21 20:59:53,073 - httpx - INFO - HTTP Request: POST https://api.telegram.org/bot7707158318:AAE8rWa4Q8Z_3avql6K0HAmXaooZAReoNF0/getUpdates "HTTP/1.1 200 OK"
2025-06-21 20:59:53,075 - httpcore.http11 - DEBUG - receive_response_body.started request=<Request [b'POST']>
2025-06-21 20:59:53,075 - httpcore.http11 - DEBUG - receive_response_body.complete
2025-06-21 20:59:53,077 - httpcore.http11 - DEBUG - response_closed.started
2025-06-21 20:59:53,078 - httpcore.http11 - DEBUG - response_closed.complete
2025-06-21 20:59:53,078 - telegram.ext.ExtBot - DEBUG - No new updates found.
2025-06-21 20:59:53,079 - telegram.ext.ExtBot - DEBUG - ()
2025-06-21 20:59:53,079 - telegram.ext.ExtBot - DEBUG - Exiting: get_updates
2025-06-21 20:59:53,079 - telegram.ext.ExtBot - DEBUG - Entering: get_updates
2025-06-21 20:59:53,081 - httpcore.http11 - DEBUG - send_request_headers.started request=<Request [b'POST']>
2025-06-21 20:59:53,085 - httpcore.http11 - DEBUG - send_request_headers.complete
2025-06-21 20:59:53,085 - httpcore.http11 - DEBUG - send_request_body.started request=<Request [b'POST']>
2025-06-21 20:59:53,087 - httpcore.http11 - DEBUG - send_request_body.complete
2025-06-21 20:59:53,087 - httpcore.http11 - DEBUG - receive_response_headers.started request=<Request [b'POST']>
2025-06-21 21:00:03,222 - httpcore.http11 - DEBUG - receive_response_headers.complete return_value=(b'HTTP/1.1', 200, b'OK', [(b'Server', b'nginx/1.18.0'), (b'Date', b'Sat, 21 Jun 2025 20:00:03 GMT'), (b'Content-Type', b'application/json'), (b'Content-Length', b'23'), (b'Connection', b'keep-alive'), (b'Strict-Transport-Security', b'max-age=31536000; includeSubDomains; preload'), (b'Access-Control-Allow-Origin', b'*'), (b'Access-Control-Allow-Methods', b'GET, POST, OPTIONS'), (b'Access-Control-Expose-Headers', b'Content-Length,Content-Type,Date,Server,Connection')])
2025-06-21 21:00:03,223 - httpx - INFO - HTTP Request: POST https://api.telegram.org/bot7707158318:AAE8rWa4Q8Z_3avql6K0HAmXaooZAReoNF0/getUpdates "HTTP/1.1 200 OK"
2025-06-21 21:00:03,223 - httpcore.http11 - DEBUG - receive_response_body.started request=<Request [b'POST']>
2025-06-21 21:00:03,223 - httpcore.http11 - DEBUG - receive_response_body.complete
2025-06-21 21:00:03,223 - httpcore.http11 - DEBUG - response_closed.started
2025-06-21 21:00:03,223 - httpcore.http11 - DEBUG - response_closed.complete
2025-06-21 21:00:03,223 - telegram.ext.ExtBot - DEBUG - No new updates found.
2025-06-21 21:00:03,228 - telegram.ext.ExtBot - DEBUG - ()
2025-06-21 21:00:03,228 - telegram.ext.ExtBot - DEBUG - Exiting: get_updates
2025-06-21 21:00:03,228 - telegram.ext.ExtBot - DEBUG - Entering: get_updates
2025-06-21 21:00:03,230 - httpcore.http11 - DEBUG - send_request_headers.started request=<Request [b'POST']>
2025-06-21 21:00:03,231 - httpcore.http11 - DEBUG - send_request_headers.complete
2025-06-21 21:00:03,231 - httpcore.http11 - DEBUG - send_request_body.started request=<Request [b'POST']>
2025-06-21 21:00:03,232 - httpcore.http11 - DEBUG - send_request_body.complete
2025-06-21 21:00:03,232 - httpcore.http11 - DEBUG - receive_response_headers.started request=<Request [b'POST']>
2025-06-21 21:00:13,551 - httpcore.http11 - DEBUG - receive_response_headers.complete return_value=(b'HTTP/1.1', 200, b'OK', [(b'Server', b'nginx/1.18.0'), (b'Date', b'Sat, 21 Jun 2025 20:00:13 GMT'), (b'Content-Type', b'application/json'), (b'Content-Length', b'23'), (b'Connection', b'keep-alive'), (b'Strict-Transport-Security', b'max-age=31536000; includeSubDomains; preload'), (b'Access-Control-Allow-Origin', b'*'), (b'Access-Control-Allow-Methods', b'GET, POST, OPTIONS'), (b'Access-Control-Expose-Headers', b'Content-Length,Content-Type,Date,Server,Connection')])
2025-06-21 21:00:13,553 - httpx - INFO - HTTP Request: POST https://api.telegram.org/bot7707158318:AAE8rWa4Q8Z_3avql6K0HAmXaooZAReoNF0/getUpdates "HTTP/1.1 200 OK"
2025-06-21 21:00:13,553 - httpcore.http11 - DEBUG - receive_response_body.started request=<Request [b'POST']>
2025-06-21 21:00:13,555 - httpcore.http11 - DEBUG - receive_response_body.complete
2025-06-21 21:00:13,555 - httpcore.http11 - DEBUG - response_closed.started
2025-06-21 21:00:13,555 - httpcore.http11 - DEBUG - response_closed.complete
2025-06-21 21:00:13,555 - telegram.ext.ExtBot - DEBUG - No new updates found.
2025-06-21 21:00:13,555 - telegram.ext.ExtBot - DEBUG - ()
2025-06-21 21:00:13,555 - telegram.ext.ExtBot - DEBUG - Exiting: get_updates
2025-06-21 21:00:13,555 - telegram.ext.ExtBot - DEBUG - Entering: get_updates
2025-06-21 21:00:13,561 - httpcore.http11 - DEBUG - send_request_headers.started request=<Request [b'POST']>
2025-06-21 21:00:13,563 - httpcore.http11 - DEBUG - send_request_headers.complete
2025-06-21 21:00:13,563 - httpcore.http11 - DEBUG - send_request_body.started request=<Request [b'POST']>
2025-06-21 21:00:13,564 - httpcore.http11 - DEBUG - send_request_body.complete
2025-06-21 21:00:13,565 - httpcore.http11 - DEBUG - receive_response_headers.started request=<Request [b'POST']>
2025-06-21 21:00:23,699 - httpcore.http11 - DEBUG - receive_response_headers.complete return_value=(b'HTTP/1.1', 200, b'OK', [(b'Server', b'nginx/1.18.0'), (b'Date', b'Sat, 21 Jun 2025 20:00:24 GMT'), (b'Content-Type', b'application/json'), (b'Content-Length', b'23'), (b'Connection', b'keep-alive'), (b'Strict-Transport-Security', b'max-age=31536000; includeSubDomains; preload'), (b'Access-Control-Allow-Origin', b'*'), (b'Access-Control-Allow-Methods', b'GET, POST, OPTIONS'), (b'Access-Control-Expose-Headers', b'Content-Length,Content-Type,Date,Server,Connection')])
2025-06-21 21:00:23,699 - httpx - INFO - HTTP Request: POST https://api.telegram.org/bot7707158318:AAE8rWa4Q8Z_3avql6K0HAmXaooZAReoNF0/getUpdates "HTTP/1.1 200 OK"
2025-06-21 21:00:23,699 - httpcore.http11 - DEBUG - receive_response_body.started request=<Request [b'POST']>
2025-06-21 21:00:23,701 - httpcore.http11 - DEBUG - receive_response_body.complete
2025-06-21 21:00:23,701 - httpcore.http11 - DEBUG - response_closed.started
2025-06-21 21:00:23,701 - httpcore.http11 - DEBUG - response_closed.complete
2025-06-21 21:00:23,701 - telegram.ext.ExtBot - DEBUG - No new updates found.
2025-06-21 21:00:23,701 - telegram.ext.ExtBot - DEBUG - ()
2025-06-21 21:00:23,701 - telegram.ext.ExtBot - DEBUG - Exiting: get_updates
2025-06-21 21:00:23,701 - telegram.ext.ExtBot - DEBUG - Entering: get_updates
2025-06-21 21:00:23,705 - httpcore.http11 - DEBUG - send_request_headers.started request=<Request [b'POST']>
2025-06-21 21:00:23,707 - httpcore.http11 - DEBUG - send_request_headers.complete
2025-06-21 21:00:23,707 - httpcore.http11 - DEBUG - send_request_body.started request=<Request [b'POST']>
2025-06-21 21:00:23,707 - httpcore.http11 - DEBUG - send_request_body.complete
2025-06-21 21:00:23,707 - httpcore.http11 - DEBUG - receive_response_headers.started request=<Request [b'POST']>
2025-06-21 21:00:33,806 - httpcore.http11 - DEBUG - receive_response_headers.complete return_value=(b'HTTP/1.1', 200, b'OK', [(b'Server', b'nginx/1.18.0'), (b'Date', b'Sat, 21 Jun 2025 20:00:34 GMT'), (b'Content-Type', b'application/json'), (b'Content-Length', b'23'), (b'Connection', b'keep-alive'), (b'Strict-Transport-Security', b'max-age=31536000; includeSubDomains; preload'), (b'Access-Control-Allow-Origin', b'*'), (b'Access-Control-Allow-Methods', b'GET, POST, OPTIONS'), (b'Access-Control-Expose-Headers', b'Content-Length,Content-Type,Date,Server,Connection')])
2025-06-21 21:00:33,808 - httpx - INFO - HTTP Request: POST https://api.telegram.org/bot7707158318:AAE8rWa4Q8Z_3avql6K0HAmXaooZAReoNF0/getUpdates "HTTP/1.1 200 OK"
2025-06-21 21:00:33,808 - httpcore.http11 - DEBUG - receive_response_body.started request=<Request [b'POST']>
2025-06-21 21:00:33,808 - httpcore.http11 - DEBUG - receive_response_body.complete
2025-06-21 21:00:33,810 - httpcore.http11 - DEBUG - response_closed.started
2025-06-21 21:00:33,810 - httpcore.http11 - DEBUG - response_closed.complete
2025-06-21 21:00:33,810 - telegram.ext.ExtBot - DEBUG - No new updates found.
2025-06-21 21:00:33,810 - telegram.ext.ExtBot - DEBUG - ()
2025-06-21 21:00:33,810 - telegram.ext.ExtBot - DEBUG - Exiting: get_updates
2025-06-21 21:00:33,810 - telegram.ext.ExtBot - DEBUG - Entering: get_updates
2025-06-21 21:00:33,814 - httpcore.http11 - DEBUG - send_request_headers.started request=<Request [b'POST']>
2025-06-21 21:00:33,815 - httpcore.http11 - DEBUG - send_request_headers.complete
2025-06-21 21:00:33,815 - httpcore.http11 - DEBUG - send_request_body.started request=<Request [b'POST']>
2025-06-21 21:00:33,816 - httpcore.http11 - DEBUG - send_request_body.complete
2025-06-21 21:00:33,816 - httpcore.http11 - DEBUG - receive_response_headers.started request=<Request [b'POST']>
2025-06-21 21:00:44,066 - httpcore.http11 - DEBUG - receive_response_headers.complete return_value=(b'HTTP/1.1', 200, b'OK', [(b'Server', b'nginx/1.18.0'), (b'Date', b'Sat, 21 Jun 2025 20:00:44 GMT'), (b'Content-Type', b'application/json'), (b'Content-Length', b'23'), (b'Connection', b'keep-alive'), (b'Strict-Transport-Security', b'max-age=31536000; includeSubDomains; preload'), (b'Access-Control-Allow-Origin', b'*'), (b'Access-Control-Allow-Methods', b'GET, POST, OPTIONS'), (b'Access-Control-Expose-Headers', b'Content-Length,Content-Type,Date,Server,Connection')])
2025-06-21 21:00:44,068 - httpx - INFO - HTTP Request: POST https://api.telegram.org/bot7707158318:AAE8rWa4Q8Z_3avql6K0HAmXaooZAReoNF0/getUpdates "HTTP/1.1 200 OK"
2025-06-21 21:00:44,069 - httpcore.http11 - DEBUG - receive_response_body.started request=<Request [b'POST']>
2025-06-21 21:00:44,069 - httpcore.http11 - DEBUG - receive_response_body.complete
2025-06-21 21:00:44,069 - httpcore.http11 - DEBUG - response_closed.started
2025-06-21 21:00:44,069 - httpcore.http11 - DEBUG - response_closed.complete
2025-06-21 21:00:44,069 - telegram.ext.ExtBot - DEBUG - No new updates found.
2025-06-21 21:00:44,073 - telegram.ext.ExtBot - DEBUG - ()
2025-06-21 21:00:44,073 - telegram.ext.ExtBot - DEBUG - Exiting: get_updates
2025-06-21 21:00:44,073 - telegram.ext.ExtBot - DEBUG - Entering: get_updates
2025-06-21 21:00:44,073 - httpcore.http11 - DEBUG - send_request_headers.started request=<Request [b'POST']>
2025-06-21 21:00:44,077 - httpcore.http11 - DEBUG - send_request_headers.complete
2025-06-21 21:00:44,077 - httpcore.http11 - DEBUG - send_request_body.started request=<Request [b'POST']>
2025-06-21 21:00:44,079 - httpcore.http11 - DEBUG - send_request_body.complete
2025-06-21 21:00:44,079 - httpcore.http11 - DEBUG - receive_response_headers.started request=<Request [b'POST']>
2025-06-21 21:00:54,306 - httpcore.http11 - DEBUG - receive_response_headers.complete return_value=(b'HTTP/1.1', 200, b'OK', [(b'Server', b'nginx/1.18.0'), (b'Date', b'Sat, 21 Jun 2025 20:00:54 GMT'), (b'Content-Type', b'application/json'), (b'Content-Length', b'23'), (b'Connection', b'keep-alive'), (b'Strict-Transport-Security', b'max-age=31536000; includeSubDomains; preload'), (b'Access-Control-Allow-Origin', b'*'), (b'Access-Control-Allow-Methods', b'GET, POST, OPTIONS'), (b'Access-Control-Expose-Headers', b'Content-Length,Content-Type,Date,Server,Connection')])
2025-06-21 21:00:54,307 - httpx - INFO - HTTP Request: POST https://api.telegram.org/bot7707158318:AAE8rWa4Q8Z_3avql6K0HAmXaooZAReoNF0/getUpdates "HTTP/1.1 200 OK"
2025-06-21 21:00:54,307 - httpcore.http11 - DEBUG - receive_response_body.started request=<Request [b'POST']>
2025-06-21 21:00:54,307 - httpcore.http11 - DEBUG - receive_response_body.complete
2025-06-21 21:00:54,310 - httpcore.http11 - DEBUG - response_closed.started
2025-06-21 21:00:54,311 - httpcore.http11 - DEBUG - response_closed.complete
2025-06-21 21:00:54,312 - telegram.ext.ExtBot - DEBUG - No new updates found.
2025-06-21 21:00:54,312 - telegram.ext.ExtBot - DEBUG - ()
2025-06-21 21:00:54,312 - telegram.ext.ExtBot - DEBUG - Exiting: get_updates
2025-06-21 21:00:54,313 - telegram.ext.ExtBot - DEBUG - Entering: get_updates
2025-06-21 21:00:54,318 - httpcore.http11 - DEBUG - send_request_headers.started request=<Request [b'POST']>
2025-06-21 21:00:54,320 - httpcore.http11 - DEBUG - send_request_headers.complete
2025-06-21 21:00:54,320 - httpcore.http11 - DEBUG - send_request_body.started request=<Request [b'POST']>
2025-06-21 21:00:54,320 - httpcore.http11 - DEBUG - send_request_body.complete
2025-06-21 21:00:54,322 - httpcore.http11 - DEBUG - receive_response_headers.started request=<Request [b'POST']>
2025-06-21 21:01:04,544 - httpcore.http11 - DEBUG - receive_response_headers.complete return_value=(b'HTTP/1.1', 200, b'OK', [(b'Server', b'nginx/1.18.0'), (b'Date', b'Sat, 21 Jun 2025 20:01:04 GMT'), (b'Content-Type', b'application/json'), (b'Content-Length', b'23'), (b'Connection', b'keep-alive'), (b'Strict-Transport-Security', b'max-age=31536000; includeSubDomains; preload'), (b'Access-Control-Allow-Origin', b'*'), (b'Access-Control-Allow-Methods', b'GET, POST, OPTIONS'), (b'Access-Control-Expose-Headers', b'Content-Length,Content-Type,Date,Server,Connection')])
2025-06-21 21:01:04,550 - httpx - INFO - HTTP Request: POST https://api.telegram.org/bot7707158318:AAE8rWa4Q8Z_3avql6K0HAmXaooZAReoNF0/getUpdates "HTTP/1.1 200 OK"
2025-06-21 21:01:04,551 - httpcore.http11 - DEBUG - receive_response_body.started request=<Request [b'POST']>
2025-06-21 21:01:04,551 - httpcore.http11 - DEBUG - receive_response_body.complete
2025-06-21 21:01:04,551 - httpcore.http11 - DEBUG - response_closed.started
2025-06-21 21:01:04,551 - httpcore.http11 - DEBUG - response_closed.complete
2025-06-21 21:01:04,553 - telegram.ext.ExtBot - DEBUG - No new updates found.
2025-06-21 21:01:04,553 - telegram.ext.ExtBot - DEBUG - ()
2025-06-21 21:01:04,553 - telegram.ext.ExtBot - DEBUG - Exiting: get_updates
2025-06-21 21:01:04,553 - telegram.ext.ExtBot - DEBUG - Entering: get_updates
2025-06-21 21:01:04,556 - httpcore.http11 - DEBUG - send_request_headers.started request=<Request [b'POST']>
2025-06-21 21:01:04,556 - httpcore.http11 - DEBUG - send_request_headers.complete
2025-06-21 21:01:04,556 - httpcore.http11 - DEBUG - send_request_body.started request=<Request [b'POST']>
2025-06-21 21:01:04,561 - httpcore.http11 - DEBUG - send_request_body.complete
2025-06-21 21:01:04,561 - httpcore.http11 - DEBUG - receive_response_headers.started request=<Request [b'POST']>
2025-06-21 21:01:14,690 - httpcore.http11 - DEBUG - receive_response_headers.complete return_value=(b'HTTP/1.1', 200, b'OK', [(b'Server', b'nginx/1.18.0'), (b'Date', b'Sat, 21 Jun 2025 20:01:14 GMT'), (b'Content-Type', b'application/json'), (b'Content-Length', b'23'), (b'Connection', b'keep-alive'), (b'Strict-Transport-Security', b'max-age=31536000; includeSubDomains; preload'), (b'Access-Control-Allow-Origin', b'*'), (b'Access-Control-Allow-Methods', b'GET, POST, OPTIONS'), (b'Access-Control-Expose-Headers', b'Content-Length,Content-Type,Date,Server,Connection')])
2025-06-21 21:01:14,690 - httpx - INFO - HTTP Request: POST https://api.telegram.org/bot7707158318:AAE8rWa4Q8Z_3avql6K0HAmXaooZAReoNF0/getUpdates "HTTP/1.1 200 OK"
2025-06-21 21:01:14,694 - httpcore.http11 - DEBUG - receive_response_body.started request=<Request [b'POST']>
2025-06-21 21:01:14,694 - httpcore.http11 - DEBUG - receive_response_body.complete
2025-06-21 21:01:14,694 - httpcore.http11 - DEBUG - response_closed.started
2025-06-21 21:01:14,694 - httpcore.http11 - DEBUG - response_closed.complete
2025-06-21 21:01:14,694 - telegram.ext.ExtBot - DEBUG - No new updates found.
2025-06-21 21:01:14,694 - telegram.ext.ExtBot - DEBUG - ()
2025-06-21 21:01:14,694 - telegram.ext.ExtBot - DEBUG - Exiting: get_updates
2025-06-21 21:01:14,694 - telegram.ext.ExtBot - DEBUG - Entering: get_updates
2025-06-21 21:01:14,698 - httpcore.http11 - DEBUG - send_request_headers.started request=<Request [b'POST']>
2025-06-21 21:01:14,701 - httpcore.http11 - DEBUG - send_request_headers.complete
2025-06-21 21:01:14,701 - httpcore.http11 - DEBUG - send_request_body.started request=<Request [b'POST']>
2025-06-21 21:01:14,701 - httpcore.http11 - DEBUG - send_request_body.complete
2025-06-21 21:01:14,701 - httpcore.http11 - DEBUG - receive_response_headers.started request=<Request [b'POST']>
2025-06-21 21:01:24,786 - httpcore.http11 - DEBUG - receive_response_headers.complete return_value=(b'HTTP/1.1', 200, b'OK', [(b'Server', b'nginx/1.18.0'), (b'Date', b'Sat, 21 Jun 2025 20:01:25 GMT'), (b'Content-Type', b'application/json'), (b'Content-Length', b'23'), (b'Connection', b'keep-alive'), (b'Strict-Transport-Security', b'max-age=31536000; includeSubDomains; preload'), (b'Access-Control-Allow-Origin', b'*'), (b'Access-Control-Allow-Methods', b'GET, POST, OPTIONS'), (b'Access-Control-Expose-Headers', b'Content-Length,Content-Type,Date,Server,Connection')])
2025-06-21 21:01:24,788 - httpx - INFO - HTTP Request: POST https://api.telegram.org/bot7707158318:AAE8rWa4Q8Z_3avql6K0HAmXaooZAReoNF0/getUpdates "HTTP/1.1 200 OK"
2025-06-21 21:01:24,789 - httpcore.http11 - DEBUG - receive_response_body.started request=<Request [b'POST']>
2025-06-21 21:01:24,790 - httpcore.http11 - DEBUG - receive_response_body.complete
2025-06-21 21:01:24,791 - httpcore.http11 - DEBUG - response_closed.started
2025-06-21 21:01:24,792 - httpcore.http11 - DEBUG - response_closed.complete
2025-06-21 21:01:24,792 - telegram.ext.ExtBot - DEBUG - No new updates found.
2025-06-21 21:01:24,794 - telegram.ext.ExtBot - DEBUG - ()
2025-06-21 21:01:24,794 - telegram.ext.ExtBot - DEBUG - Exiting: get_updates
2025-06-21 21:01:24,794 - telegram.ext.ExtBot - DEBUG - Entering: get_updates
2025-06-21 21:01:24,794 - httpcore.http11 - DEBUG - send_request_headers.started request=<Request [b'POST']>
2025-06-21 21:01:24,794 - httpcore.http11 - DEBUG - send_request_headers.complete
2025-06-21 21:01:24,798 - httpcore.http11 - DEBUG - send_request_body.started request=<Request [b'POST']>
2025-06-21 21:01:24,799 - httpcore.http11 - DEBUG - send_request_body.complete
2025-06-21 21:01:24,799 - httpcore.http11 - DEBUG - receive_response_headers.started request=<Request [b'POST']>
