2025-06-19 18:13:11,863 - asyncio - DEBUG - Using proactor: IocpProactor
2025-06-19 18:13:11,873 - httpx - DEBUG - load_ssl_context verify=True cert=None trust_env=True http2=False
2025-06-19 18:13:11,875 - httpx - DEBUG - load_verify_locations cafile='c:\\Users\\Rachid Aitali\\OneDrive - 4JM Solutions Limited\\Desktop\\SniperX\\SniperX\\.venv\\lib\\site-packages\\certifi\\cacert.pem'
2025-06-19 18:13:11,897 - httpx - DEBUG - load_ssl_context verify=True cert=None trust_env=True http2=False
2025-06-19 18:13:11,899 - httpx - DEBUG - load_verify_locations cafile='c:\\Users\\Rachid Aitali\\OneDrive - 4JM Solutions Limited\\Desktop\\SniperX\\SniperX\\.venv\\lib\\site-packages\\certifi\\cacert.pem'
2025-06-19 18:13:11,939 - __main__ - INFO - Telegram Manager Bot started. Send /menu to interact.
2025-06-19 18:13:11,939 - telegram.ext.ExtBot - DEBUG - Entering: send_message
2025-06-19 18:13:11,975 - httpcore.connection - DEBUG - connect_tcp.started host='api.telegram.org' port=443 local_address=None timeout=5.0 socket_options=None
2025-06-19 18:13:12,111 - httpcore.connection - DEBUG - connect_tcp.complete return_value=<httpcore._backends.anyio.AnyIOStream object at 0x0000022C1775ABC0>
2025-06-19 18:13:12,111 - httpcore.connection - DEBUG - start_tls.started ssl_context=<ssl.SSLContext object at 0x0000022C176B9B40> server_hostname='api.telegram.org' timeout=5.0
2025-06-19 18:13:12,196 - httpcore.connection - DEBUG - start_tls.complete return_value=<httpcore._backends.anyio.AnyIOStream object at 0x0000022C1775B430>
2025-06-19 18:13:12,200 - httpcore.http11 - DEBUG - send_request_headers.started request=<Request [b'POST']>
2025-06-19 18:13:12,201 - httpcore.http11 - DEBUG - send_request_headers.complete
2025-06-19 18:13:12,201 - httpcore.http11 - DEBUG - send_request_body.started request=<Request [b'POST']>
2025-06-19 18:13:12,201 - httpcore.http11 - DEBUG - send_request_body.complete
2025-06-19 18:13:12,201 - httpcore.http11 - DEBUG - receive_response_headers.started request=<Request [b'POST']>
2025-06-19 18:13:12,310 - httpcore.http11 - DEBUG - receive_response_headers.complete return_value=(b'HTTP/1.1', 200, b'OK', [(b'Server', b'nginx/1.18.0'), (b'Date', b'Thu, 19 Jun 2025 17:13:13 GMT'), (b'Content-Type', b'application/json'), (b'Content-Length', b'351'), (b'Connection', b'keep-alive'), (b'Strict-Transport-Security', b'max-age=31536000; includeSubDomains; preload'), (b'Access-Control-Allow-Origin', b'*'), (b'Access-Control-Allow-Methods', b'GET, POST, OPTIONS'), (b'Access-Control-Expose-Headers', b'Content-Length,Content-Type,Date,Server,Connection')])
2025-06-19 18:13:12,315 - httpx - INFO - HTTP Request: POST https://api.telegram.org/bot7707158318:AAE8rWa4Q8Z_3avql6K0HAmXaooZAReoNF0/sendMessage "HTTP/1.1 200 OK"
2025-06-19 18:13:12,317 - httpcore.http11 - DEBUG - receive_response_body.started request=<Request [b'POST']>
2025-06-19 18:13:12,317 - httpcore.http11 - DEBUG - receive_response_body.complete
2025-06-19 18:13:12,317 - httpcore.http11 - DEBUG - response_closed.started
2025-06-19 18:13:12,317 - httpcore.http11 - DEBUG - response_closed.complete
2025-06-19 18:13:12,325 - telegram.ext.ExtBot - DEBUG - Message(channel_chat_created=False, chat=Chat(first_name='Ghost', id=7049055170, last_name='Number1', type=<ChatType.PRIVATE>), date=datetime.datetime(2025, 6, 19, 17, 13, 13, tzinfo=<UTC>), delete_chat_photo=False, entities=(MessageEntity(length=5, offset=36, type=<MessageEntityType.BOT_COMMAND>),), from_user=User(first_name='SPRD', id=7707158318, is_bot=True, username='tizi91Bot'), group_chat_created=False, message_id=5630, supergroup_chat_created=False, text='SniperX Control Bot is online! Send /menu to see options.')
2025-06-19 18:13:12,330 - telegram.ext.ExtBot - DEBUG - Exiting: send_message
2025-06-19 18:13:12,332 - telegram.ext.ExtBot - DEBUG - Entering: get_me
2025-06-19 18:13:12,334 - httpcore.http11 - DEBUG - send_request_headers.started request=<Request [b'POST']>
2025-06-19 18:13:12,335 - httpcore.http11 - DEBUG - send_request_headers.complete
2025-06-19 18:13:12,335 - httpcore.http11 - DEBUG - send_request_body.started request=<Request [b'POST']>
2025-06-19 18:13:12,336 - httpcore.http11 - DEBUG - send_request_body.complete
2025-06-19 18:13:12,336 - httpcore.http11 - DEBUG - receive_response_headers.started request=<Request [b'POST']>
2025-06-19 18:13:12,408 - httpcore.http11 - DEBUG - receive_response_headers.complete return_value=(b'HTTP/1.1', 200, b'OK', [(b'Server', b'nginx/1.18.0'), (b'Date', b'Thu, 19 Jun 2025 17:13:13 GMT'), (b'Content-Type', b'application/json'), (b'Content-Length', b'243'), (b'Connection', b'keep-alive'), (b'Strict-Transport-Security', b'max-age=31536000; includeSubDomains; preload'), (b'Access-Control-Allow-Origin', b'*'), (b'Access-Control-Allow-Methods', b'GET, POST, OPTIONS'), (b'Access-Control-Expose-Headers', b'Content-Length,Content-Type,Date,Server,Connection')])
2025-06-19 18:13:12,411 - httpx - INFO - HTTP Request: POST https://api.telegram.org/bot7707158318:AAE8rWa4Q8Z_3avql6K0HAmXaooZAReoNF0/getMe "HTTP/1.1 200 OK"
2025-06-19 18:13:12,412 - httpcore.http11 - DEBUG - receive_response_body.started request=<Request [b'POST']>
2025-06-19 18:13:12,414 - httpcore.http11 - DEBUG - receive_response_body.complete
2025-06-19 18:13:12,416 - httpcore.http11 - DEBUG - response_closed.started
2025-06-19 18:13:12,417 - httpcore.http11 - DEBUG - response_closed.complete
2025-06-19 18:13:12,417 - telegram.ext.ExtBot - DEBUG - User(api_kwargs={'can_connect_to_business': False, 'has_main_web_app': False}, can_join_groups=True, can_read_all_group_messages=False, first_name='SPRD', id=7707158318, is_bot=True, supports_inline_queries=False, username='tizi91Bot')
2025-06-19 18:13:12,417 - telegram.ext.ExtBot - DEBUG - Exiting: get_me
2025-06-19 18:13:12,418 - telegram.ext.ExtBot - DEBUG - This Bot is already initialized.
2025-06-19 18:13:12,419 - telegram.ext.Updater - DEBUG - Updater started (polling)
2025-06-19 18:13:12,419 - telegram.ext.Updater - DEBUG - Start network loop retry bootstrap del webhook
2025-06-19 18:13:12,419 - telegram.ext.Updater - DEBUG - Deleting webhook
2025-06-19 18:13:12,419 - telegram.ext.ExtBot - DEBUG - Entering: delete_webhook
2025-06-19 18:13:12,421 - httpcore.http11 - DEBUG - send_request_headers.started request=<Request [b'POST']>
2025-06-19 18:13:12,421 - httpcore.http11 - DEBUG - send_request_headers.complete
2025-06-19 18:13:12,421 - httpcore.http11 - DEBUG - send_request_body.started request=<Request [b'POST']>
2025-06-19 18:13:12,421 - httpcore.http11 - DEBUG - send_request_body.complete
2025-06-19 18:13:12,421 - httpcore.http11 - DEBUG - receive_response_headers.started request=<Request [b'POST']>
2025-06-19 18:13:12,499 - httpcore.http11 - DEBUG - receive_response_headers.complete return_value=(b'HTTP/1.1', 200, b'OK', [(b'Server', b'nginx/1.18.0'), (b'Date', b'Thu, 19 Jun 2025 17:13:13 GMT'), (b'Content-Type', b'application/json'), (b'Content-Length', b'68'), (b'Connection', b'keep-alive'), (b'Strict-Transport-Security', b'max-age=31536000; includeSubDomains; preload'), (b'Access-Control-Allow-Origin', b'*'), (b'Access-Control-Allow-Methods', b'GET, POST, OPTIONS'), (b'Access-Control-Expose-Headers', b'Content-Length,Content-Type,Date,Server,Connection')])
2025-06-19 18:13:12,501 - httpx - INFO - HTTP Request: POST https://api.telegram.org/bot7707158318:AAE8rWa4Q8Z_3avql6K0HAmXaooZAReoNF0/deleteWebhook "HTTP/1.1 200 OK"
2025-06-19 18:13:12,504 - httpcore.http11 - DEBUG - receive_response_body.started request=<Request [b'POST']>
2025-06-19 18:13:12,505 - httpcore.http11 - DEBUG - receive_response_body.complete
2025-06-19 18:13:12,505 - httpcore.http11 - DEBUG - response_closed.started
2025-06-19 18:13:12,505 - httpcore.http11 - DEBUG - response_closed.complete
2025-06-19 18:13:12,507 - telegram.ext.ExtBot - DEBUG - True
2025-06-19 18:13:12,507 - telegram.ext.ExtBot - DEBUG - Exiting: delete_webhook
2025-06-19 18:13:12,507 - telegram.ext.Updater - DEBUG - Bootstrap done
2025-06-19 18:13:12,509 - telegram.ext.Updater - DEBUG - Waiting for polling to start
2025-06-19 18:13:12,509 - telegram.ext.Updater - DEBUG - Polling updates from Telegram started
2025-06-19 18:13:12,509 - telegram.ext.Updater - DEBUG - Start network loop retry getting Updates
2025-06-19 18:13:12,509 - telegram.ext.ExtBot - DEBUG - Entering: get_updates
2025-06-19 18:13:12,515 - telegram.ext.Application - INFO - Application started
2025-06-19 18:13:12,516 - httpcore.connection - DEBUG - connect_tcp.started host='api.telegram.org' port=443 local_address=None timeout=5.0 socket_options=None
2025-06-19 18:13:12,587 - httpcore.connection - DEBUG - connect_tcp.complete return_value=<httpcore._backends.anyio.AnyIOStream object at 0x0000022C177AE9B0>
2025-06-19 18:13:12,588 - httpcore.connection - DEBUG - start_tls.started ssl_context=<ssl.SSLContext object at 0x0000022C176B9C40> server_hostname='api.telegram.org' timeout=5.0
2025-06-19 18:13:12,682 - httpcore.connection - DEBUG - start_tls.complete return_value=<httpcore._backends.anyio.AnyIOStream object at 0x0000022C177AE860>
2025-06-19 18:13:12,682 - httpcore.http11 - DEBUG - send_request_headers.started request=<Request [b'POST']>
2025-06-19 18:13:12,686 - httpcore.http11 - DEBUG - send_request_headers.complete
2025-06-19 18:13:12,686 - httpcore.http11 - DEBUG - send_request_body.started request=<Request [b'POST']>
2025-06-19 18:13:12,688 - httpcore.http11 - DEBUG - send_request_body.complete
2025-06-19 18:13:12,688 - httpcore.http11 - DEBUG - receive_response_headers.started request=<Request [b'POST']>
2025-06-19 18:13:17,713 - httpcore.http11 - DEBUG - receive_response_headers.complete return_value=(b'HTTP/1.1', 200, b'OK', [(b'Server', b'nginx/1.18.0'), (b'Date', b'Thu, 19 Jun 2025 17:13:18 GMT'), (b'Content-Type', b'application/json'), (b'Content-Length', b'356'), (b'Connection', b'keep-alive'), (b'Strict-Transport-Security', b'max-age=31536000; includeSubDomains; preload'), (b'Access-Control-Allow-Origin', b'*'), (b'Access-Control-Allow-Methods', b'GET, POST, OPTIONS'), (b'Access-Control-Expose-Headers', b'Content-Length,Content-Type,Date,Server,Connection')])
2025-06-19 18:13:17,715 - httpx - INFO - HTTP Request: POST https://api.telegram.org/bot7707158318:AAE8rWa4Q8Z_3avql6K0HAmXaooZAReoNF0/getUpdates "HTTP/1.1 200 OK"
2025-06-19 18:13:17,724 - httpcore.http11 - DEBUG - receive_response_body.started request=<Request [b'POST']>
2025-06-19 18:13:17,725 - httpcore.http11 - DEBUG - receive_response_body.complete
2025-06-19 18:13:17,725 - httpcore.http11 - DEBUG - response_closed.started
2025-06-19 18:13:17,726 - httpcore.http11 - DEBUG - response_closed.complete
2025-06-19 18:13:17,726 - telegram.ext.ExtBot - DEBUG - Getting updates: [37529838]
2025-06-19 18:13:17,728 - telegram.ext.ExtBot - DEBUG - (Update(message=Message(channel_chat_created=False, chat=Chat(first_name='Ghost', id=7049055170, last_name='Number1', type=<ChatType.PRIVATE>), date=datetime.datetime(2025, 6, 19, 17, 13, 18, tzinfo=<UTC>), delete_chat_photo=False, entities=(MessageEntity(length=5, offset=0, type=<MessageEntityType.BOT_COMMAND>),), from_user=User(first_name='Ghost', id=7049055170, is_bot=False, language_code='en', last_name='Number1'), group_chat_created=False, message_id=5631, supergroup_chat_created=False, text='/menu'), update_id=37529838),)
2025-06-19 18:13:17,729 - telegram.ext.ExtBot - DEBUG - Exiting: get_updates
2025-06-19 18:13:17,729 - telegram.ext.ExtBot - DEBUG - Entering: get_updates
2025-06-19 18:13:17,731 - telegram.ext.Application - DEBUG - Processing update Update(message=Message(channel_chat_created=False, chat=Chat(first_name='Ghost', id=7049055170, last_name='Number1', type=<ChatType.PRIVATE>), date=datetime.datetime(2025, 6, 19, 17, 13, 18, tzinfo=<UTC>), delete_chat_photo=False, entities=(MessageEntity(length=5, offset=0, type=<MessageEntityType.BOT_COMMAND>),), from_user=User(first_name='Ghost', id=7049055170, is_bot=False, language_code='en', last_name='Number1'), group_chat_created=False, message_id=5631, supergroup_chat_created=False, text='/menu'), update_id=37529838)
2025-06-19 18:13:17,733 - telegram.ext.ExtBot - DEBUG - Entering: send_message
2025-06-19 18:13:17,735 - httpcore.connection - DEBUG - close.started
2025-06-19 18:13:17,738 - httpcore.connection - DEBUG - close.complete
2025-06-19 18:13:17,739 - httpcore.http11 - DEBUG - send_request_headers.started request=<Request [b'POST']>
2025-06-19 18:13:17,740 - httpcore.connection - DEBUG - connect_tcp.started host='api.telegram.org' port=443 local_address=None timeout=5.0 socket_options=None
2025-06-19 18:13:17,741 - httpcore.http11 - DEBUG - send_request_headers.complete
2025-06-19 18:13:17,741 - httpcore.http11 - DEBUG - send_request_body.started request=<Request [b'POST']>
2025-06-19 18:13:17,742 - httpcore.http11 - DEBUG - send_request_body.complete
2025-06-19 18:13:17,742 - httpcore.http11 - DEBUG - receive_response_headers.started request=<Request [b'POST']>
2025-06-19 18:13:17,831 - httpcore.connection - DEBUG - connect_tcp.complete return_value=<httpcore._backends.anyio.AnyIOStream object at 0x0000022C177AC9D0>
2025-06-19 18:13:17,832 - httpcore.connection - DEBUG - start_tls.started ssl_context=<ssl.SSLContext object at 0x0000022C176B9B40> server_hostname='api.telegram.org' timeout=5.0
2025-06-19 18:13:17,933 - httpcore.connection - DEBUG - start_tls.complete return_value=<httpcore._backends.anyio.AnyIOStream object at 0x0000022C177ACA60>
2025-06-19 18:13:17,936 - httpcore.http11 - DEBUG - send_request_headers.started request=<Request [b'POST']>
2025-06-19 18:13:17,937 - httpcore.http11 - DEBUG - send_request_headers.complete
2025-06-19 18:13:17,938 - httpcore.http11 - DEBUG - send_request_body.started request=<Request [b'POST']>
2025-06-19 18:13:17,939 - httpcore.http11 - DEBUG - send_request_body.complete
2025-06-19 18:13:17,939 - httpcore.http11 - DEBUG - receive_response_headers.started request=<Request [b'POST']>
2025-06-19 18:13:18,064 - httpcore.http11 - DEBUG - receive_response_headers.complete return_value=(b'HTTP/1.1', 200, b'OK', [(b'Server', b'nginx/1.18.0'), (b'Date', b'Thu, 19 Jun 2025 17:13:19 GMT'), (b'Content-Type', b'application/json'), (b'Content-Length', b'569'), (b'Connection', b'keep-alive'), (b'Strict-Transport-Security', b'max-age=31536000; includeSubDomains; preload'), (b'Access-Control-Allow-Origin', b'*'), (b'Access-Control-Allow-Methods', b'GET, POST, OPTIONS'), (b'Access-Control-Expose-Headers', b'Content-Length,Content-Type,Date,Server,Connection')])
2025-06-19 18:13:18,067 - httpx - INFO - HTTP Request: POST https://api.telegram.org/bot7707158318:AAE8rWa4Q8Z_3avql6K0HAmXaooZAReoNF0/sendMessage "HTTP/1.1 200 OK"
2025-06-19 18:13:18,069 - httpcore.http11 - DEBUG - receive_response_body.started request=<Request [b'POST']>
2025-06-19 18:13:18,069 - httpcore.http11 - DEBUG - receive_response_body.complete
2025-06-19 18:13:18,069 - httpcore.http11 - DEBUG - response_closed.started
2025-06-19 18:13:18,070 - httpcore.http11 - DEBUG - response_closed.complete
2025-06-19 18:13:18,071 - telegram.ext.ExtBot - DEBUG - Message(channel_chat_created=False, chat=Chat(first_name='Ghost', id=7049055170, last_name='Number1', type=<ChatType.PRIVATE>), date=datetime.datetime(2025, 6, 19, 17, 13, 19, tzinfo=<UTC>), delete_chat_photo=False, from_user=User(first_name='SPRD', id=7707158318, is_bot=True, username='tizi91Bot'), group_chat_created=False, message_id=5632, reply_markup=InlineKeyboardMarkup(inline_keyboard=((InlineKeyboardButton(callback_data='start_sniperx', text='🚀 Start SniperX'),), (InlineKeyboardButton(callback_data='stop_sniperx', text='🛑 Stop SniperX'), InlineKeyboardButton(callback_data='status_sniperx', text='📊 Status')), (InlineKeyboardButton(callback_data='show_balance', text='💰 Balance'),))), supergroup_chat_created=False, text='SniperX Bot Control Panel:')
2025-06-19 18:13:18,073 - telegram.ext.ExtBot - DEBUG - Exiting: send_message
2025-06-19 18:13:21,990 - httpcore.http11 - DEBUG - receive_response_headers.complete return_value=(b'HTTP/1.1', 200, b'OK', [(b'Server', b'nginx/1.18.0'), (b'Date', b'Thu, 19 Jun 2025 17:13:23 GMT'), (b'Content-Type', b'application/json'), (b'Content-Length', b'817'), (b'Connection', b'keep-alive'), (b'Strict-Transport-Security', b'max-age=31536000; includeSubDomains; preload'), (b'Access-Control-Allow-Origin', b'*'), (b'Access-Control-Allow-Methods', b'GET, POST, OPTIONS'), (b'Access-Control-Expose-Headers', b'Content-Length,Content-Type,Date,Server,Connection')])
2025-06-19 18:13:21,992 - httpx - INFO - HTTP Request: POST https://api.telegram.org/bot7707158318:AAE8rWa4Q8Z_3avql6K0HAmXaooZAReoNF0/getUpdates "HTTP/1.1 200 OK"
2025-06-19 18:13:21,995 - httpcore.http11 - DEBUG - receive_response_body.started request=<Request [b'POST']>
2025-06-19 18:13:21,996 - httpcore.http11 - DEBUG - receive_response_body.complete
2025-06-19 18:13:21,997 - httpcore.http11 - DEBUG - response_closed.started
2025-06-19 18:13:21,997 - httpcore.http11 - DEBUG - response_closed.complete
2025-06-19 18:13:22,000 - telegram.ext.ExtBot - DEBUG - Getting updates: [37529839]
2025-06-19 18:13:22,004 - telegram.ext.ExtBot - DEBUG - (Update(callback_query=CallbackQuery(chat_instance='-1307310250263184334', data='start_sniperx', from_user=User(first_name='Ghost', id=7049055170, is_bot=False, language_code='en', last_name='Number1'), id='2605345316346622907', message=Message(channel_chat_created=False, chat=Chat(first_name='Ghost', id=7049055170, last_name='Number1', type=<ChatType.PRIVATE>), date=datetime.datetime(2025, 6, 19, 17, 13, 19, tzinfo=<UTC>), delete_chat_photo=False, from_user=User(first_name='SPRD', id=7707158318, is_bot=True, username='tizi91Bot'), group_chat_created=False, message_id=5632, reply_markup=InlineKeyboardMarkup(inline_keyboard=((InlineKeyboardButton(callback_data='start_sniperx', text='🚀 Start SniperX'),), (InlineKeyboardButton(callback_data='stop_sniperx', text='🛑 Stop SniperX'), InlineKeyboardButton(callback_data='status_sniperx', text='📊 Status')), (InlineKeyboardButton(callback_data='show_balance', text='💰 Balance'),))), supergroup_chat_created=False, text='SniperX Bot Control Panel:')), update_id=37529839),)
2025-06-19 18:13:22,006 - telegram.ext.ExtBot - DEBUG - Exiting: get_updates
2025-06-19 18:13:22,007 - telegram.ext.ExtBot - DEBUG - Entering: get_updates
2025-06-19 18:13:22,011 - telegram.ext.Application - DEBUG - Processing update Update(callback_query=CallbackQuery(chat_instance='-1307310250263184334', data='start_sniperx', from_user=User(first_name='Ghost', id=7049055170, is_bot=False, language_code='en', last_name='Number1'), id='2605345316346622907', message=Message(channel_chat_created=False, chat=Chat(first_name='Ghost', id=7049055170, last_name='Number1', type=<ChatType.PRIVATE>), date=datetime.datetime(2025, 6, 19, 17, 13, 19, tzinfo=<UTC>), delete_chat_photo=False, from_user=User(first_name='SPRD', id=7707158318, is_bot=True, username='tizi91Bot'), group_chat_created=False, message_id=5632, reply_markup=InlineKeyboardMarkup(inline_keyboard=((InlineKeyboardButton(callback_data='start_sniperx', text='🚀 Start SniperX'),), (InlineKeyboardButton(callback_data='stop_sniperx', text='🛑 Stop SniperX'), InlineKeyboardButton(callback_data='status_sniperx', text='📊 Status')), (InlineKeyboardButton(callback_data='show_balance', text='💰 Balance'),))), supergroup_chat_created=False, text='SniperX Bot Control Panel:')), update_id=37529839)
2025-06-19 18:13:22,020 - __main__ - INFO - Button callback received: Update(callback_query=CallbackQuery(chat_instance='-1307310250263184334', data='start_sniperx', from_user=User(first_name='Ghost', id=7049055170, is_bot=False, language_code='en', last_name='Number1'), id='2605345316346622907', message=Message(channel_chat_created=False, chat=Chat(first_name='Ghost', id=7049055170, last_name='Number1', type=<ChatType.PRIVATE>), date=datetime.datetime(2025, 6, 19, 17, 13, 19, tzinfo=<UTC>), delete_chat_photo=False, from_user=User(first_name='SPRD', id=7707158318, is_bot=True, username='tizi91Bot'), group_chat_created=False, message_id=5632, reply_markup=InlineKeyboardMarkup(inline_keyboard=((InlineKeyboardButton(callback_data='start_sniperx', text='🚀 Start SniperX'),), (InlineKeyboardButton(callback_data='stop_sniperx', text='🛑 Stop SniperX'), InlineKeyboardButton(callback_data='status_sniperx', text='📊 Status')), (InlineKeyboardButton(callback_data='show_balance', text='💰 Balance'),))), supergroup_chat_created=False, text='SniperX Bot Control Panel:')), update_id=37529839)
2025-06-19 18:13:22,025 - telegram.ext.ExtBot - DEBUG - Entering: answer_callback_query
2025-06-19 18:13:22,084 - httpcore.http11 - DEBUG - send_request_headers.started request=<Request [b'POST']>
2025-06-19 18:13:22,087 - httpcore.http11 - DEBUG - send_request_headers.started request=<Request [b'POST']>
2025-06-19 18:13:22,094 - httpcore.http11 - DEBUG - send_request_headers.complete
2025-06-19 18:13:22,106 - httpcore.http11 - DEBUG - send_request_body.started request=<Request [b'POST']>
2025-06-19 18:13:22,116 - httpcore.http11 - DEBUG - send_request_headers.complete
2025-06-19 18:13:22,117 - httpcore.http11 - DEBUG - send_request_body.started request=<Request [b'POST']>
2025-06-19 18:13:22,119 - httpcore.http11 - DEBUG - send_request_body.complete
2025-06-19 18:13:22,120 - httpcore.http11 - DEBUG - receive_response_headers.started request=<Request [b'POST']>
2025-06-19 18:13:22,126 - httpcore.http11 - DEBUG - send_request_body.complete
2025-06-19 18:13:22,132 - httpcore.http11 - DEBUG - receive_response_headers.started request=<Request [b'POST']>
2025-06-19 18:13:22,228 - httpcore.http11 - DEBUG - receive_response_headers.complete return_value=(b'HTTP/1.1', 200, b'OK', [(b'Server', b'nginx/1.18.0'), (b'Date', b'Thu, 19 Jun 2025 17:13:23 GMT'), (b'Content-Type', b'application/json'), (b'Content-Length', b'25'), (b'Connection', b'keep-alive'), (b'Strict-Transport-Security', b'max-age=31536000; includeSubDomains; preload'), (b'Access-Control-Allow-Origin', b'*'), (b'Access-Control-Allow-Methods', b'GET, POST, OPTIONS'), (b'Access-Control-Expose-Headers', b'Content-Length,Content-Type,Date,Server,Connection')])
2025-06-19 18:13:22,232 - httpx - INFO - HTTP Request: POST https://api.telegram.org/bot7707158318:AAE8rWa4Q8Z_3avql6K0HAmXaooZAReoNF0/answerCallbackQuery "HTTP/1.1 200 OK"
2025-06-19 18:13:22,233 - httpcore.http11 - DEBUG - receive_response_body.started request=<Request [b'POST']>
2025-06-19 18:13:22,234 - httpcore.http11 - DEBUG - receive_response_body.complete
2025-06-19 18:13:22,234 - httpcore.http11 - DEBUG - response_closed.started
2025-06-19 18:13:22,236 - httpcore.http11 - DEBUG - response_closed.complete
2025-06-19 18:13:22,237 - telegram.ext.ExtBot - DEBUG - True
2025-06-19 18:13:22,238 - telegram.ext.ExtBot - DEBUG - Exiting: answer_callback_query
2025-06-19 18:13:22,238 - __main__ - INFO - Processing action: start_sniperx
2025-06-19 18:13:22,247 - telegram.ext.ExtBot - DEBUG - Entering: send_message
2025-06-19 18:13:22,256 - httpcore.http11 - DEBUG - send_request_headers.started request=<Request [b'POST']>
2025-06-19 18:13:22,259 - httpcore.http11 - DEBUG - send_request_headers.complete
2025-06-19 18:13:22,259 - httpcore.http11 - DEBUG - send_request_body.started request=<Request [b'POST']>
2025-06-19 18:13:22,262 - httpcore.http11 - DEBUG - send_request_body.complete
2025-06-19 18:13:22,263 - httpcore.http11 - DEBUG - receive_response_headers.started request=<Request [b'POST']>
2025-06-19 18:13:22,382 - httpcore.http11 - DEBUG - receive_response_headers.complete return_value=(b'HTTP/1.1', 200, b'OK', [(b'Server', b'nginx/1.18.0'), (b'Date', b'Thu, 19 Jun 2025 17:13:23 GMT'), (b'Content-Type', b'application/json'), (b'Content-Length', b'261'), (b'Connection', b'keep-alive'), (b'Strict-Transport-Security', b'max-age=31536000; includeSubDomains; preload'), (b'Access-Control-Allow-Origin', b'*'), (b'Access-Control-Allow-Methods', b'GET, POST, OPTIONS'), (b'Access-Control-Expose-Headers', b'Content-Length,Content-Type,Date,Server,Connection')])
2025-06-19 18:13:22,384 - httpx - INFO - HTTP Request: POST https://api.telegram.org/bot7707158318:AAE8rWa4Q8Z_3avql6K0HAmXaooZAReoNF0/sendMessage "HTTP/1.1 200 OK"
2025-06-19 18:13:22,387 - httpcore.http11 - DEBUG - receive_response_body.started request=<Request [b'POST']>
2025-06-19 18:13:22,387 - httpcore.http11 - DEBUG - receive_response_body.complete
2025-06-19 18:13:22,388 - httpcore.http11 - DEBUG - response_closed.started
2025-06-19 18:13:22,389 - httpcore.http11 - DEBUG - response_closed.complete
2025-06-19 18:13:22,392 - telegram.ext.ExtBot - DEBUG - Message(channel_chat_created=False, chat=Chat(first_name='Ghost', id=7049055170, last_name='Number1', type=<ChatType.PRIVATE>), date=datetime.datetime(2025, 6, 19, 17, 13, 23, tzinfo=<UTC>), delete_chat_photo=False, from_user=User(first_name='SPRD', id=7707158318, is_bot=True, username='tizi91Bot'), group_chat_created=False, message_id=5633, supergroup_chat_created=False, text='Starting wallet manager...')
2025-06-19 18:13:22,394 - telegram.ext.ExtBot - DEBUG - Exiting: send_message
2025-06-19 18:13:24,535 - telegram.ext.ExtBot - DEBUG - Entering: send_message
2025-06-19 18:13:24,538 - httpcore.http11 - DEBUG - send_request_headers.started request=<Request [b'POST']>
2025-06-19 18:13:24,540 - httpcore.http11 - DEBUG - send_request_headers.complete
2025-06-19 18:13:24,540 - httpcore.http11 - DEBUG - send_request_body.started request=<Request [b'POST']>
2025-06-19 18:13:24,542 - httpcore.http11 - DEBUG - send_request_body.complete
2025-06-19 18:13:24,542 - httpcore.http11 - DEBUG - receive_response_headers.started request=<Request [b'POST']>
2025-06-19 18:13:24,860 - httpcore.http11 - DEBUG - receive_response_headers.complete return_value=(b'HTTP/1.1', 200, b'OK', [(b'Server', b'nginx/1.18.0'), (b'Date', b'Thu, 19 Jun 2025 17:13:25 GMT'), (b'Content-Type', b'application/json'), (b'Content-Length', b'322'), (b'Connection', b'keep-alive'), (b'Strict-Transport-Security', b'max-age=31536000; includeSubDomains; preload'), (b'Access-Control-Allow-Origin', b'*'), (b'Access-Control-Allow-Methods', b'GET, POST, OPTIONS'), (b'Access-Control-Expose-Headers', b'Content-Length,Content-Type,Date,Server,Connection')])
2025-06-19 18:13:24,862 - httpx - INFO - HTTP Request: POST https://api.telegram.org/bot7707158318:AAE8rWa4Q8Z_3avql6K0HAmXaooZAReoNF0/sendMessage "HTTP/1.1 200 OK"
2025-06-19 18:13:24,865 - httpcore.http11 - DEBUG - receive_response_body.started request=<Request [b'POST']>
2025-06-19 18:13:24,865 - httpcore.http11 - DEBUG - receive_response_body.complete
2025-06-19 18:13:24,865 - httpcore.http11 - DEBUG - response_closed.started
2025-06-19 18:13:24,867 - httpcore.http11 - DEBUG - response_closed.complete
2025-06-19 18:13:24,870 - telegram.ext.ExtBot - DEBUG - Message(channel_chat_created=False, chat=Chat(first_name='Ghost', id=7049055170, last_name='Number1', type=<ChatType.PRIVATE>), date=datetime.datetime(2025, 6, 19, 17, 13, 25, tzinfo=<UTC>), delete_chat_photo=False, entities=(MessageEntity(length=5, offset=8, type=<MessageEntityType.URL>),), from_user=User(first_name='SPRD', id=7707158318, is_bot=True, username='tizi91Bot'), group_chat_created=False, message_id=5634, supergroup_chat_created=False, text='SniperX V2.py started with PID 19088.')
2025-06-19 18:13:24,870 - telegram.ext.ExtBot - DEBUG - Exiting: send_message
2025-06-19 18:13:24,871 - __main__ - INFO - SniperX V2.py started with PID 19088 by user tizi91Bot
2025-06-19 18:13:24,876 - telegram.ext.ExtBot - DEBUG - Entering: edit_message_text
2025-06-19 18:13:24,882 - httpcore.http11 - DEBUG - send_request_headers.started request=<Request [b'POST']>
2025-06-19 18:13:24,884 - httpcore.http11 - DEBUG - send_request_headers.complete
2025-06-19 18:13:24,884 - httpcore.http11 - DEBUG - send_request_body.started request=<Request [b'POST']>
2025-06-19 18:13:24,885 - httpcore.http11 - DEBUG - send_request_body.complete
2025-06-19 18:13:24,886 - httpcore.http11 - DEBUG - receive_response_headers.started request=<Request [b'POST']>
2025-06-19 18:13:25,122 - httpcore.http11 - DEBUG - receive_response_headers.complete return_value=(b'HTTP/1.1', 400, b'Bad Request', [(b'Server', b'nginx/1.18.0'), (b'Date', b'Thu, 19 Jun 2025 17:13:26 GMT'), (b'Content-Type', b'application/json'), (b'Content-Length', b'204'), (b'Connection', b'keep-alive'), (b'Strict-Transport-Security', b'max-age=31536000; includeSubDomains; preload'), (b'Access-Control-Allow-Origin', b'*'), (b'Access-Control-Expose-Headers', b'Content-Length,Content-Type,Date,Server,Connection')])
2025-06-19 18:13:25,124 - httpx - INFO - HTTP Request: POST https://api.telegram.org/bot7707158318:AAE8rWa4Q8Z_3avql6K0HAmXaooZAReoNF0/editMessageText "HTTP/1.1 400 Bad Request"
2025-06-19 18:13:25,132 - httpcore.http11 - DEBUG - receive_response_body.started request=<Request [b'POST']>
2025-06-19 18:13:25,133 - httpcore.http11 - DEBUG - receive_response_body.complete
2025-06-19 18:13:25,133 - httpcore.http11 - DEBUG - response_closed.started
2025-06-19 18:13:25,134 - httpcore.http11 - DEBUG - response_closed.complete
2025-06-19 18:13:25,136 - __main__ - ERROR - Error showing menu: Message is not modified: specified new message content and reply markup are exactly the same as a current content and reply markup of the message
2025-06-19 18:13:25,139 - telegram.ext.ExtBot - DEBUG - Entering: send_message
2025-06-19 18:13:25,143 - httpcore.http11 - DEBUG - send_request_headers.started request=<Request [b'POST']>
2025-06-19 18:13:25,147 - httpcore.http11 - DEBUG - send_request_headers.complete
2025-06-19 18:13:25,147 - httpcore.http11 - DEBUG - send_request_body.started request=<Request [b'POST']>
2025-06-19 18:13:25,150 - httpcore.http11 - DEBUG - send_request_body.complete
2025-06-19 18:13:25,151 - httpcore.http11 - DEBUG - receive_response_headers.started request=<Request [b'POST']>
2025-06-19 18:13:25,452 - httpcore.http11 - DEBUG - receive_response_headers.complete return_value=(b'HTTP/1.1', 200, b'OK', [(b'Server', b'nginx/1.18.0'), (b'Date', b'Thu, 19 Jun 2025 17:13:26 GMT'), (b'Content-Type', b'application/json'), (b'Content-Length', b'569'), (b'Connection', b'keep-alive'), (b'Strict-Transport-Security', b'max-age=31536000; includeSubDomains; preload'), (b'Access-Control-Allow-Origin', b'*'), (b'Access-Control-Allow-Methods', b'GET, POST, OPTIONS'), (b'Access-Control-Expose-Headers', b'Content-Length,Content-Type,Date,Server,Connection')])
2025-06-19 18:13:25,454 - httpx - INFO - HTTP Request: POST https://api.telegram.org/bot7707158318:AAE8rWa4Q8Z_3avql6K0HAmXaooZAReoNF0/sendMessage "HTTP/1.1 200 OK"
2025-06-19 18:13:25,457 - httpcore.http11 - DEBUG - receive_response_body.started request=<Request [b'POST']>
2025-06-19 18:13:25,458 - httpcore.http11 - DEBUG - receive_response_body.complete
2025-06-19 18:13:25,459 - httpcore.http11 - DEBUG - response_closed.started
2025-06-19 18:13:25,460 - httpcore.http11 - DEBUG - response_closed.complete
2025-06-19 18:13:25,464 - telegram.ext.ExtBot - DEBUG - Message(channel_chat_created=False, chat=Chat(first_name='Ghost', id=7049055170, last_name='Number1', type=<ChatType.PRIVATE>), date=datetime.datetime(2025, 6, 19, 17, 13, 26, tzinfo=<UTC>), delete_chat_photo=False, from_user=User(first_name='SPRD', id=7707158318, is_bot=True, username='tizi91Bot'), group_chat_created=False, message_id=5635, reply_markup=InlineKeyboardMarkup(inline_keyboard=((InlineKeyboardButton(callback_data='start_sniperx', text='🚀 Start SniperX'),), (InlineKeyboardButton(callback_data='stop_sniperx', text='🛑 Stop SniperX'), InlineKeyboardButton(callback_data='status_sniperx', text='📊 Status')), (InlineKeyboardButton(callback_data='show_balance', text='💰 Balance'),))), supergroup_chat_created=False, text='SniperX Bot Control Panel:')
2025-06-19 18:13:25,466 - telegram.ext.ExtBot - DEBUG - Exiting: send_message
2025-06-19 18:13:32,220 - httpcore.http11 - DEBUG - receive_response_headers.complete return_value=(b'HTTP/1.1', 200, b'OK', [(b'Server', b'nginx/1.18.0'), (b'Date', b'Thu, 19 Jun 2025 17:13:33 GMT'), (b'Content-Type', b'application/json'), (b'Content-Length', b'23'), (b'Connection', b'keep-alive'), (b'Strict-Transport-Security', b'max-age=31536000; includeSubDomains; preload'), (b'Access-Control-Allow-Origin', b'*'), (b'Access-Control-Allow-Methods', b'GET, POST, OPTIONS'), (b'Access-Control-Expose-Headers', b'Content-Length,Content-Type,Date,Server,Connection')])
2025-06-19 18:13:32,222 - httpx - INFO - HTTP Request: POST https://api.telegram.org/bot7707158318:AAE8rWa4Q8Z_3avql6K0HAmXaooZAReoNF0/getUpdates "HTTP/1.1 200 OK"
2025-06-19 18:13:32,227 - httpcore.http11 - DEBUG - receive_response_body.started request=<Request [b'POST']>
2025-06-19 18:13:32,228 - httpcore.http11 - DEBUG - receive_response_body.complete
2025-06-19 18:13:32,228 - httpcore.http11 - DEBUG - response_closed.started
2025-06-19 18:13:32,228 - httpcore.http11 - DEBUG - response_closed.complete
2025-06-19 18:13:32,230 - telegram.ext.ExtBot - DEBUG - No new updates found.
2025-06-19 18:13:32,230 - telegram.ext.ExtBot - DEBUG - ()
2025-06-19 18:13:32,230 - telegram.ext.ExtBot - DEBUG - Exiting: get_updates
2025-06-19 18:13:32,230 - telegram.ext.ExtBot - DEBUG - Entering: get_updates
2025-06-19 18:13:32,234 - httpcore.http11 - DEBUG - send_request_headers.started request=<Request [b'POST']>
2025-06-19 18:13:32,236 - httpcore.http11 - DEBUG - send_request_headers.complete
2025-06-19 18:13:32,236 - httpcore.http11 - DEBUG - send_request_body.started request=<Request [b'POST']>
2025-06-19 18:13:32,238 - httpcore.http11 - DEBUG - send_request_body.complete
2025-06-19 18:13:32,238 - httpcore.http11 - DEBUG - receive_response_headers.started request=<Request [b'POST']>
2025-06-19 18:13:33,145 - httpcore.http11 - DEBUG - receive_response_headers.complete return_value=(b'HTTP/1.1', 200, b'OK', [(b'Server', b'nginx/1.18.0'), (b'Date', b'Thu, 19 Jun 2025 17:13:34 GMT'), (b'Content-Type', b'application/json'), (b'Content-Length', b'816'), (b'Connection', b'keep-alive'), (b'Strict-Transport-Security', b'max-age=31536000; includeSubDomains; preload'), (b'Access-Control-Allow-Origin', b'*'), (b'Access-Control-Allow-Methods', b'GET, POST, OPTIONS'), (b'Access-Control-Expose-Headers', b'Content-Length,Content-Type,Date,Server,Connection')])
2025-06-19 18:13:33,145 - httpx - INFO - HTTP Request: POST https://api.telegram.org/bot7707158318:AAE8rWa4Q8Z_3avql6K0HAmXaooZAReoNF0/getUpdates "HTTP/1.1 200 OK"
2025-06-19 18:13:33,147 - httpcore.http11 - DEBUG - receive_response_body.started request=<Request [b'POST']>
2025-06-19 18:13:33,149 - httpcore.http11 - DEBUG - receive_response_body.complete
2025-06-19 18:13:33,150 - httpcore.http11 - DEBUG - response_closed.started
2025-06-19 18:13:33,150 - httpcore.http11 - DEBUG - response_closed.complete
2025-06-19 18:13:33,151 - telegram.ext.ExtBot - DEBUG - Getting updates: [37529840]
2025-06-19 18:13:33,153 - telegram.ext.ExtBot - DEBUG - (Update(callback_query=CallbackQuery(chat_instance='-1307310250263184334', data='show_balance', from_user=User(first_name='Ghost', id=7049055170, is_bot=False, language_code='en', last_name='Number1'), id='2605345315327195561', message=Message(channel_chat_created=False, chat=Chat(first_name='Ghost', id=7049055170, last_name='Number1', type=<ChatType.PRIVATE>), date=datetime.datetime(2025, 6, 19, 17, 13, 26, tzinfo=<UTC>), delete_chat_photo=False, from_user=User(first_name='SPRD', id=7707158318, is_bot=True, username='tizi91Bot'), group_chat_created=False, message_id=5635, reply_markup=InlineKeyboardMarkup(inline_keyboard=((InlineKeyboardButton(callback_data='start_sniperx', text='🚀 Start SniperX'),), (InlineKeyboardButton(callback_data='stop_sniperx', text='🛑 Stop SniperX'), InlineKeyboardButton(callback_data='status_sniperx', text='📊 Status')), (InlineKeyboardButton(callback_data='show_balance', text='💰 Balance'),))), supergroup_chat_created=False, text='SniperX Bot Control Panel:')), update_id=37529840),)
2025-06-19 18:13:33,157 - telegram.ext.ExtBot - DEBUG - Exiting: get_updates
2025-06-19 18:13:33,158 - telegram.ext.ExtBot - DEBUG - Entering: get_updates
2025-06-19 18:13:33,161 - telegram.ext.Application - DEBUG - Processing update Update(callback_query=CallbackQuery(chat_instance='-1307310250263184334', data='show_balance', from_user=User(first_name='Ghost', id=7049055170, is_bot=False, language_code='en', last_name='Number1'), id='2605345315327195561', message=Message(channel_chat_created=False, chat=Chat(first_name='Ghost', id=7049055170, last_name='Number1', type=<ChatType.PRIVATE>), date=datetime.datetime(2025, 6, 19, 17, 13, 26, tzinfo=<UTC>), delete_chat_photo=False, from_user=User(first_name='SPRD', id=7707158318, is_bot=True, username='tizi91Bot'), group_chat_created=False, message_id=5635, reply_markup=InlineKeyboardMarkup(inline_keyboard=((InlineKeyboardButton(callback_data='start_sniperx', text='🚀 Start SniperX'),), (InlineKeyboardButton(callback_data='stop_sniperx', text='🛑 Stop SniperX'), InlineKeyboardButton(callback_data='status_sniperx', text='📊 Status')), (InlineKeyboardButton(callback_data='show_balance', text='💰 Balance'),))), supergroup_chat_created=False, text='SniperX Bot Control Panel:')), update_id=37529840)
2025-06-19 18:13:33,168 - __main__ - INFO - Button callback received: Update(callback_query=CallbackQuery(chat_instance='-1307310250263184334', data='show_balance', from_user=User(first_name='Ghost', id=7049055170, is_bot=False, language_code='en', last_name='Number1'), id='2605345315327195561', message=Message(channel_chat_created=False, chat=Chat(first_name='Ghost', id=7049055170, last_name='Number1', type=<ChatType.PRIVATE>), date=datetime.datetime(2025, 6, 19, 17, 13, 26, tzinfo=<UTC>), delete_chat_photo=False, from_user=User(first_name='SPRD', id=7707158318, is_bot=True, username='tizi91Bot'), group_chat_created=False, message_id=5635, reply_markup=InlineKeyboardMarkup(inline_keyboard=((InlineKeyboardButton(callback_data='start_sniperx', text='🚀 Start SniperX'),), (InlineKeyboardButton(callback_data='stop_sniperx', text='🛑 Stop SniperX'), InlineKeyboardButton(callback_data='status_sniperx', text='📊 Status')), (InlineKeyboardButton(callback_data='show_balance', text='💰 Balance'),))), supergroup_chat_created=False, text='SniperX Bot Control Panel:')), update_id=37529840)
2025-06-19 18:13:33,169 - telegram.ext.ExtBot - DEBUG - Entering: answer_callback_query
2025-06-19 18:13:33,171 - httpcore.connection - DEBUG - close.started
2025-06-19 18:13:33,176 - httpcore.connection - DEBUG - close.complete
2025-06-19 18:13:33,180 - httpcore.http11 - DEBUG - send_request_headers.started request=<Request [b'POST']>
2025-06-19 18:13:33,182 - httpcore.connection - DEBUG - connect_tcp.started host='api.telegram.org' port=443 local_address=None timeout=5.0 socket_options=None
2025-06-19 18:13:33,183 - httpcore.http11 - DEBUG - send_request_headers.complete
2025-06-19 18:13:33,184 - httpcore.http11 - DEBUG - send_request_body.started request=<Request [b'POST']>
2025-06-19 18:13:33,235 - httpcore.http11 - DEBUG - send_request_body.complete
2025-06-19 18:13:33,236 - httpcore.http11 - DEBUG - receive_response_headers.started request=<Request [b'POST']>
2025-06-19 18:13:33,317 - httpcore.connection - DEBUG - connect_tcp.complete return_value=<httpcore._backends.anyio.AnyIOStream object at 0x0000022C17835C30>
2025-06-19 18:13:33,318 - httpcore.connection - DEBUG - start_tls.started ssl_context=<ssl.SSLContext object at 0x0000022C176B9B40> server_hostname='api.telegram.org' timeout=5.0
2025-06-19 18:13:33,401 - httpcore.connection - DEBUG - start_tls.complete return_value=<httpcore._backends.anyio.AnyIOStream object at 0x0000022C17835E10>
2025-06-19 18:13:33,410 - httpcore.http11 - DEBUG - send_request_headers.started request=<Request [b'POST']>
2025-06-19 18:13:33,411 - httpcore.http11 - DEBUG - send_request_headers.complete
2025-06-19 18:13:33,411 - httpcore.http11 - DEBUG - send_request_body.started request=<Request [b'POST']>
2025-06-19 18:13:33,413 - httpcore.http11 - DEBUG - send_request_body.complete
2025-06-19 18:13:33,413 - httpcore.http11 - DEBUG - receive_response_headers.started request=<Request [b'POST']>
2025-06-19 18:13:33,594 - httpcore.http11 - DEBUG - receive_response_headers.complete return_value=(b'HTTP/1.1', 200, b'OK', [(b'Server', b'nginx/1.18.0'), (b'Date', b'Thu, 19 Jun 2025 17:13:34 GMT'), (b'Content-Type', b'application/json'), (b'Content-Length', b'25'), (b'Connection', b'keep-alive'), (b'Strict-Transport-Security', b'max-age=31536000; includeSubDomains; preload'), (b'Access-Control-Allow-Origin', b'*'), (b'Access-Control-Allow-Methods', b'GET, POST, OPTIONS'), (b'Access-Control-Expose-Headers', b'Content-Length,Content-Type,Date,Server,Connection')])
2025-06-19 18:13:33,596 - httpx - INFO - HTTP Request: POST https://api.telegram.org/bot7707158318:AAE8rWa4Q8Z_3avql6K0HAmXaooZAReoNF0/answerCallbackQuery "HTTP/1.1 200 OK"
2025-06-19 18:13:33,596 - httpcore.http11 - DEBUG - receive_response_body.started request=<Request [b'POST']>
2025-06-19 18:13:33,598 - httpcore.http11 - DEBUG - receive_response_body.complete
2025-06-19 18:13:33,598 - httpcore.http11 - DEBUG - response_closed.started
2025-06-19 18:13:33,598 - httpcore.http11 - DEBUG - response_closed.complete
2025-06-19 18:13:33,600 - telegram.ext.ExtBot - DEBUG - True
2025-06-19 18:13:33,600 - telegram.ext.ExtBot - DEBUG - Exiting: answer_callback_query
2025-06-19 18:13:33,600 - __main__ - INFO - Processing action: show_balance
2025-06-19 18:13:33,601 - __main__ - INFO - Processing show_balance action
2025-06-19 18:13:33,601 - __main__ - INFO - Reading wallet balance from: C:\Users\Rachid Aitali\OneDrive - 4JM Solutions Limited\Desktop\SniperX\SniperX\SniperX-V3\wallet_balance.json
2025-06-19 18:13:33,606 - __main__ - DEBUG - Raw wallet balance data: {'sol': '0.001771443', 'usd': '0.25478664669', 'sol_price': '143.83', 'timestamp': 1750353207.120447}
2025-06-19 18:13:33,606 - __main__ - INFO - Successfully read balance - SOL: 0.001771443, USD: 0.25478664669, Age: 0.1 minutes
2025-06-19 18:13:33,626 - __main__ - INFO - Current balance after read: {'sol': Decimal('0.001771443'), 'usd': Decimal('0.25478664669'), 'timestamp': 1750353207.120447}
2025-06-19 18:13:33,632 - __main__ - ERROR - Unexpected error in show_balance:
Traceback (most recent call last):
  File "C:\Users\Rachid Aitali\OneDrive - 4JM Solutions Limited\Desktop\SniperX\SniperX\SniperX-V3\telegram_manager.py", line 371, in button_callback
    elif not wallet_manager_process or wallet_manager_process.poll() is not None:
UnboundLocalError: local variable 'wallet_manager_process' referenced before assignment
2025-06-19 18:13:33,653 - telegram.ext.ExtBot - DEBUG - Entering: edit_message_text
2025-06-19 18:13:33,661 - httpcore.http11 - DEBUG - send_request_headers.started request=<Request [b'POST']>
2025-06-19 18:13:33,668 - httpcore.http11 - DEBUG - send_request_headers.complete
2025-06-19 18:13:33,669 - httpcore.http11 - DEBUG - send_request_body.started request=<Request [b'POST']>
2025-06-19 18:13:33,676 - httpcore.http11 - DEBUG - send_request_body.complete
2025-06-19 18:13:33,676 - httpcore.http11 - DEBUG - receive_response_headers.started request=<Request [b'POST']>
2025-06-19 18:13:33,762 - httpcore.http11 - DEBUG - receive_response_headers.complete return_value=(b'HTTP/1.1', 200, b'OK', [(b'Server', b'nginx/1.18.0'), (b'Date', b'Thu, 19 Jun 2025 17:13:34 GMT'), (b'Content-Type', b'application/json'), (b'Content-Length', b'560'), (b'Connection', b'keep-alive'), (b'Strict-Transport-Security', b'max-age=31536000; includeSubDomains; preload'), (b'Access-Control-Allow-Origin', b'*'), (b'Access-Control-Allow-Methods', b'GET, POST, OPTIONS'), (b'Access-Control-Expose-Headers', b'Content-Length,Content-Type,Date,Server,Connection')])
2025-06-19 18:13:33,763 - httpx - INFO - HTTP Request: POST https://api.telegram.org/bot7707158318:AAE8rWa4Q8Z_3avql6K0HAmXaooZAReoNF0/editMessageText "HTTP/1.1 200 OK"
2025-06-19 18:13:33,765 - httpcore.http11 - DEBUG - receive_response_body.started request=<Request [b'POST']>
2025-06-19 18:13:33,766 - httpcore.http11 - DEBUG - receive_response_body.complete
2025-06-19 18:13:33,766 - httpcore.http11 - DEBUG - response_closed.started
2025-06-19 18:13:33,768 - httpcore.http11 - DEBUG - response_closed.complete
2025-06-19 18:13:33,770 - telegram.ext.ExtBot - DEBUG - Message(channel_chat_created=False, chat=Chat(first_name='Ghost', id=7049055170, last_name='Number1', type=<ChatType.PRIVATE>), date=datetime.datetime(2025, 6, 19, 17, 13, 26, tzinfo=<UTC>), delete_chat_photo=False, edit_date=datetime.datetime(2025, 6, 19, 17, 13, 34, tzinfo=<UTC>), from_user=User(first_name='SPRD', id=7707158318, is_bot=True, username='tizi91Bot'), group_chat_created=False, message_id=5635, reply_markup=InlineKeyboardMarkup(inline_keyboard=((InlineKeyboardButton(callback_data='show_balance', text='🔄 Refresh'), InlineKeyboardButton(callback_data='back_to_menu', text='🔙 Back to Menu')),)), supergroup_chat_created=False, text="An unexpected error occurred: local variable 'wallet_manager_process' referenced before assignment. Please check logs and try again.")
2025-06-19 18:13:33,772 - telegram.ext.ExtBot - DEBUG - Exiting: edit_message_text
2025-06-19 18:13:43,607 - httpcore.http11 - DEBUG - receive_response_headers.complete return_value=(b'HTTP/1.1', 200, b'OK', [(b'Server', b'nginx/1.18.0'), (b'Date', b'Thu, 19 Jun 2025 17:13:44 GMT'), (b'Content-Type', b'application/json'), (b'Content-Length', b'23'), (b'Connection', b'keep-alive'), (b'Strict-Transport-Security', b'max-age=31536000; includeSubDomains; preload'), (b'Access-Control-Allow-Origin', b'*'), (b'Access-Control-Allow-Methods', b'GET, POST, OPTIONS'), (b'Access-Control-Expose-Headers', b'Content-Length,Content-Type,Date,Server,Connection')])
2025-06-19 18:13:43,609 - httpx - INFO - HTTP Request: POST https://api.telegram.org/bot7707158318:AAE8rWa4Q8Z_3avql6K0HAmXaooZAReoNF0/getUpdates "HTTP/1.1 200 OK"
2025-06-19 18:13:43,612 - httpcore.http11 - DEBUG - receive_response_body.started request=<Request [b'POST']>
2025-06-19 18:13:43,612 - httpcore.http11 - DEBUG - receive_response_body.complete
2025-06-19 18:13:43,613 - httpcore.http11 - DEBUG - response_closed.started
2025-06-19 18:13:43,613 - httpcore.http11 - DEBUG - response_closed.complete
2025-06-19 18:13:43,615 - telegram.ext.ExtBot - DEBUG - No new updates found.
2025-06-19 18:13:43,615 - telegram.ext.ExtBot - DEBUG - ()
2025-06-19 18:13:43,616 - telegram.ext.ExtBot - DEBUG - Exiting: get_updates
2025-06-19 18:13:43,616 - telegram.ext.ExtBot - DEBUG - Entering: get_updates
2025-06-19 18:13:43,621 - httpcore.http11 - DEBUG - send_request_headers.started request=<Request [b'POST']>
2025-06-19 18:13:43,623 - httpcore.http11 - DEBUG - send_request_headers.complete
2025-06-19 18:13:43,624 - httpcore.http11 - DEBUG - send_request_body.started request=<Request [b'POST']>
2025-06-19 18:13:43,625 - httpcore.http11 - DEBUG - send_request_body.complete
2025-06-19 18:13:43,626 - httpcore.http11 - DEBUG - receive_response_headers.started request=<Request [b'POST']>
