2025-06-21 20:47:48,908 - asyncio - DEBUG - Using proactor: IocpProactor
2025-06-21 20:47:48,930 - httpx - DEBUG - load_ssl_context verify=True cert=None trust_env=True http2=False
2025-06-21 20:47:48,931 - httpx - DEBUG - load_verify_locations cafile='c:\\Users\\Rachid Aitali\\OneDrive - 4JM Solutions Limited\\Desktop\\SniperX\\SniperX\\.venv\\lib\\site-packages\\certifi\\cacert.pem'
2025-06-21 20:47:48,957 - httpx - DEBUG - load_ssl_context verify=True cert=None trust_env=True http2=False
2025-06-21 20:47:48,958 - httpx - DEBUG - load_verify_locations cafile='c:\\Users\\Rachid Aitali\\OneDrive - 4JM Solutions Limited\\Desktop\\SniperX\\SniperX\\.venv\\lib\\site-packages\\certifi\\cacert.pem'
2025-06-21 20:47:48,975 - __main__ - INFO - Telegram Manager Bot started. Send /menu to interact.
2025-06-21 20:47:48,975 - telegram.ext.ExtBot - DEBUG - Entering: send_message
2025-06-21 20:47:48,992 - httpcore.connection - DEBUG - connect_tcp.started host='api.telegram.org' port=443 local_address=None timeout=5.0 socket_options=None
2025-06-21 20:47:49,095 - httpcore.connection - DEBUG - connect_tcp.complete return_value=<httpcore._backends.anyio.AnyIOStream object at 0x0000015A8A82EB60>
2025-06-21 20:47:49,095 - httpcore.connection - DEBUG - start_tls.started ssl_context=<ssl.SSLContext object at 0x0000015A8A789AC0> server_hostname='api.telegram.org' timeout=5.0
2025-06-21 20:47:49,319 - httpcore.connection - DEBUG - start_tls.complete return_value=<httpcore._backends.anyio.AnyIOStream object at 0x0000015A8A82F430>
2025-06-21 20:47:49,321 - httpcore.http11 - DEBUG - send_request_headers.started request=<Request [b'POST']>
2025-06-21 20:47:49,323 - httpcore.http11 - DEBUG - send_request_headers.complete
2025-06-21 20:47:49,323 - httpcore.http11 - DEBUG - send_request_body.started request=<Request [b'POST']>
2025-06-21 20:47:49,325 - httpcore.http11 - DEBUG - send_request_body.complete
2025-06-21 20:47:49,325 - httpcore.http11 - DEBUG - receive_response_headers.started request=<Request [b'POST']>
2025-06-21 20:47:49,469 - httpcore.http11 - DEBUG - receive_response_headers.complete return_value=(b'HTTP/1.1', 200, b'OK', [(b'Server', b'nginx/1.18.0'), (b'Date', b'Sat, 21 Jun 2025 19:47:49 GMT'), (b'Content-Type', b'application/json'), (b'Content-Length', b'351'), (b'Connection', b'keep-alive'), (b'Strict-Transport-Security', b'max-age=31536000; includeSubDomains; preload'), (b'Access-Control-Allow-Origin', b'*'), (b'Access-Control-Allow-Methods', b'GET, POST, OPTIONS'), (b'Access-Control-Expose-Headers', b'Content-Length,Content-Type,Date,Server,Connection')])
2025-06-21 20:47:49,473 - httpx - INFO - HTTP Request: POST https://api.telegram.org/bot7707158318:AAE8rWa4Q8Z_3avql6K0HAmXaooZAReoNF0/sendMessage "HTTP/1.1 200 OK"
2025-06-21 20:47:49,475 - httpcore.http11 - DEBUG - receive_response_body.started request=<Request [b'POST']>
2025-06-21 20:47:49,475 - httpcore.http11 - DEBUG - receive_response_body.complete
2025-06-21 20:47:49,476 - httpcore.http11 - DEBUG - response_closed.started
2025-06-21 20:47:49,476 - httpcore.http11 - DEBUG - response_closed.complete
2025-06-21 20:47:49,481 - telegram.ext.ExtBot - DEBUG - Message(channel_chat_created=False, chat=Chat(first_name='Ghost', id=7049055170, last_name='Number1', type=<ChatType.PRIVATE>), date=datetime.datetime(2025, 6, 21, 19, 47, 49, tzinfo=<UTC>), delete_chat_photo=False, entities=(MessageEntity(length=5, offset=36, type=<MessageEntityType.BOT_COMMAND>),), from_user=User(first_name='SPRD', id=7707158318, is_bot=True, username='tizi91Bot'), group_chat_created=False, message_id=5813, supergroup_chat_created=False, text='SniperX Control Bot is online! Send /menu to see options.')
2025-06-21 20:47:49,484 - telegram.ext.ExtBot - DEBUG - Exiting: send_message
2025-06-21 20:47:49,487 - telegram.ext.ExtBot - DEBUG - Entering: get_me
2025-06-21 20:47:49,488 - httpcore.http11 - DEBUG - send_request_headers.started request=<Request [b'POST']>
2025-06-21 20:47:49,490 - httpcore.http11 - DEBUG - send_request_headers.complete
2025-06-21 20:47:49,490 - httpcore.http11 - DEBUG - send_request_body.started request=<Request [b'POST']>
2025-06-21 20:47:49,492 - httpcore.http11 - DEBUG - send_request_body.complete
2025-06-21 20:47:49,492 - httpcore.http11 - DEBUG - receive_response_headers.started request=<Request [b'POST']>
2025-06-21 20:47:49,588 - httpcore.http11 - DEBUG - receive_response_headers.complete return_value=(b'HTTP/1.1', 200, b'OK', [(b'Server', b'nginx/1.18.0'), (b'Date', b'Sat, 21 Jun 2025 19:47:49 GMT'), (b'Content-Type', b'application/json'), (b'Content-Length', b'243'), (b'Connection', b'keep-alive'), (b'Strict-Transport-Security', b'max-age=31536000; includeSubDomains; preload'), (b'Access-Control-Allow-Origin', b'*'), (b'Access-Control-Allow-Methods', b'GET, POST, OPTIONS'), (b'Access-Control-Expose-Headers', b'Content-Length,Content-Type,Date,Server,Connection')])
2025-06-21 20:47:49,590 - httpx - INFO - HTTP Request: POST https://api.telegram.org/bot7707158318:AAE8rWa4Q8Z_3avql6K0HAmXaooZAReoNF0/getMe "HTTP/1.1 200 OK"
2025-06-21 20:47:49,591 - httpcore.http11 - DEBUG - receive_response_body.started request=<Request [b'POST']>
2025-06-21 20:47:49,591 - httpcore.http11 - DEBUG - receive_response_body.complete
2025-06-21 20:47:49,591 - httpcore.http11 - DEBUG - response_closed.started
2025-06-21 20:47:49,591 - httpcore.http11 - DEBUG - response_closed.complete
2025-06-21 20:47:49,594 - telegram.ext.ExtBot - DEBUG - User(api_kwargs={'can_connect_to_business': False, 'has_main_web_app': False}, can_join_groups=True, can_read_all_group_messages=False, first_name='SPRD', id=7707158318, is_bot=True, supports_inline_queries=False, username='tizi91Bot')
2025-06-21 20:47:49,594 - telegram.ext.ExtBot - DEBUG - Exiting: get_me
2025-06-21 20:47:49,594 - telegram.ext.ExtBot - DEBUG - This Bot is already initialized.
2025-06-21 20:47:49,594 - telegram.ext.Updater - DEBUG - Updater started (polling)
2025-06-21 20:47:49,594 - telegram.ext.Updater - DEBUG - Start network loop retry bootstrap del webhook
2025-06-21 20:47:49,594 - telegram.ext.Updater - DEBUG - Deleting webhook
2025-06-21 20:47:49,594 - telegram.ext.ExtBot - DEBUG - Entering: delete_webhook
2025-06-21 20:47:49,599 - httpcore.http11 - DEBUG - send_request_headers.started request=<Request [b'POST']>
2025-06-21 20:47:49,600 - httpcore.http11 - DEBUG - send_request_headers.complete
2025-06-21 20:47:49,601 - httpcore.http11 - DEBUG - send_request_body.started request=<Request [b'POST']>
2025-06-21 20:47:49,601 - httpcore.http11 - DEBUG - send_request_body.complete
2025-06-21 20:47:49,601 - httpcore.http11 - DEBUG - receive_response_headers.started request=<Request [b'POST']>
2025-06-21 20:47:49,686 - httpcore.http11 - DEBUG - receive_response_headers.complete return_value=(b'HTTP/1.1', 200, b'OK', [(b'Server', b'nginx/1.18.0'), (b'Date', b'Sat, 21 Jun 2025 19:47:50 GMT'), (b'Content-Type', b'application/json'), (b'Content-Length', b'68'), (b'Connection', b'keep-alive'), (b'Strict-Transport-Security', b'max-age=31536000; includeSubDomains; preload'), (b'Access-Control-Allow-Origin', b'*'), (b'Access-Control-Allow-Methods', b'GET, POST, OPTIONS'), (b'Access-Control-Expose-Headers', b'Content-Length,Content-Type,Date,Server,Connection')])
2025-06-21 20:47:49,687 - httpx - INFO - HTTP Request: POST https://api.telegram.org/bot7707158318:AAE8rWa4Q8Z_3avql6K0HAmXaooZAReoNF0/deleteWebhook "HTTP/1.1 200 OK"
2025-06-21 20:47:49,687 - httpcore.http11 - DEBUG - receive_response_body.started request=<Request [b'POST']>
2025-06-21 20:47:49,687 - httpcore.http11 - DEBUG - receive_response_body.complete
2025-06-21 20:47:49,687 - httpcore.http11 - DEBUG - response_closed.started
2025-06-21 20:47:49,687 - httpcore.http11 - DEBUG - response_closed.complete
2025-06-21 20:47:49,690 - telegram.ext.ExtBot - DEBUG - True
2025-06-21 20:47:49,690 - telegram.ext.ExtBot - DEBUG - Exiting: delete_webhook
2025-06-21 20:47:49,691 - telegram.ext.Updater - DEBUG - Bootstrap done
2025-06-21 20:47:49,691 - telegram.ext.Updater - DEBUG - Waiting for polling to start
2025-06-21 20:47:49,691 - telegram.ext.Updater - DEBUG - Polling updates from Telegram started
2025-06-21 20:47:49,691 - telegram.ext.Updater - DEBUG - Start network loop retry getting Updates
2025-06-21 20:47:49,691 - telegram.ext.ExtBot - DEBUG - Entering: get_updates
2025-06-21 20:47:49,694 - telegram.ext.Application - INFO - Application started
2025-06-21 20:47:49,694 - httpcore.connection - DEBUG - connect_tcp.started host='api.telegram.org' port=443 local_address=None timeout=5.0 socket_options=None
2025-06-21 20:47:49,771 - httpcore.connection - DEBUG - connect_tcp.complete return_value=<httpcore._backends.anyio.AnyIOStream object at 0x0000015A8A87E980>
2025-06-21 20:47:49,771 - httpcore.connection - DEBUG - start_tls.started ssl_context=<ssl.SSLContext object at 0x0000015A8A789BC0> server_hostname='api.telegram.org' timeout=5.0
2025-06-21 20:47:49,894 - httpcore.connection - DEBUG - start_tls.complete return_value=<httpcore._backends.anyio.AnyIOStream object at 0x0000015A8A87E830>
2025-06-21 20:47:49,894 - httpcore.http11 - DEBUG - send_request_headers.started request=<Request [b'POST']>
2025-06-21 20:47:49,897 - httpcore.http11 - DEBUG - send_request_headers.complete
2025-06-21 20:47:49,897 - httpcore.http11 - DEBUG - send_request_body.started request=<Request [b'POST']>
2025-06-21 20:47:49,897 - httpcore.http11 - DEBUG - send_request_body.complete
2025-06-21 20:47:49,899 - httpcore.http11 - DEBUG - receive_response_headers.started request=<Request [b'POST']>
2025-06-21 20:47:54,231 - httpcore.http11 - DEBUG - receive_response_headers.complete return_value=(b'HTTP/1.1', 200, b'OK', [(b'Server', b'nginx/1.18.0'), (b'Date', b'Sat, 21 Jun 2025 19:47:54 GMT'), (b'Content-Type', b'application/json'), (b'Content-Length', b'356'), (b'Connection', b'keep-alive'), (b'Strict-Transport-Security', b'max-age=31536000; includeSubDomains; preload'), (b'Access-Control-Allow-Origin', b'*'), (b'Access-Control-Allow-Methods', b'GET, POST, OPTIONS'), (b'Access-Control-Expose-Headers', b'Content-Length,Content-Type,Date,Server,Connection')])
2025-06-21 20:47:54,232 - httpx - INFO - HTTP Request: POST https://api.telegram.org/bot7707158318:AAE8rWa4Q8Z_3avql6K0HAmXaooZAReoNF0/getUpdates "HTTP/1.1 200 OK"
2025-06-21 20:47:54,233 - httpcore.http11 - DEBUG - receive_response_body.started request=<Request [b'POST']>
2025-06-21 20:47:54,234 - httpcore.http11 - DEBUG - receive_response_body.complete
2025-06-21 20:47:54,235 - httpcore.http11 - DEBUG - response_closed.started
2025-06-21 20:47:54,236 - httpcore.http11 - DEBUG - response_closed.complete
2025-06-21 20:47:54,238 - telegram.ext.ExtBot - DEBUG - Getting updates: [37530001]
2025-06-21 20:47:54,240 - telegram.ext.ExtBot - DEBUG - (Update(message=Message(channel_chat_created=False, chat=Chat(first_name='Ghost', id=7049055170, last_name='Number1', type=<ChatType.PRIVATE>), date=datetime.datetime(2025, 6, 21, 19, 47, 54, tzinfo=<UTC>), delete_chat_photo=False, entities=(MessageEntity(length=5, offset=0, type=<MessageEntityType.BOT_COMMAND>),), from_user=User(first_name='Ghost', id=7049055170, is_bot=False, language_code='en', last_name='Number1'), group_chat_created=False, message_id=5814, supergroup_chat_created=False, text='/menu'), update_id=37530001),)
2025-06-21 20:47:54,241 - telegram.ext.ExtBot - DEBUG - Exiting: get_updates
2025-06-21 20:47:54,242 - telegram.ext.ExtBot - DEBUG - Entering: get_updates
2025-06-21 20:47:54,244 - telegram.ext.Application - DEBUG - Processing update Update(message=Message(channel_chat_created=False, chat=Chat(first_name='Ghost', id=7049055170, last_name='Number1', type=<ChatType.PRIVATE>), date=datetime.datetime(2025, 6, 21, 19, 47, 54, tzinfo=<UTC>), delete_chat_photo=False, entities=(MessageEntity(length=5, offset=0, type=<MessageEntityType.BOT_COMMAND>),), from_user=User(first_name='Ghost', id=7049055170, is_bot=False, language_code='en', last_name='Number1'), group_chat_created=False, message_id=5814, supergroup_chat_created=False, text='/menu'), update_id=37530001)
2025-06-21 20:47:54,247 - telegram.ext.ExtBot - DEBUG - Entering: send_message
2025-06-21 20:47:54,252 - httpcore.http11 - DEBUG - send_request_headers.started request=<Request [b'POST']>
2025-06-21 20:47:54,253 - httpcore.http11 - DEBUG - send_request_headers.started request=<Request [b'POST']>
2025-06-21 20:47:54,255 - httpcore.http11 - DEBUG - send_request_headers.complete
2025-06-21 20:47:54,255 - httpcore.http11 - DEBUG - send_request_body.started request=<Request [b'POST']>
2025-06-21 20:47:54,256 - httpcore.http11 - DEBUG - send_request_headers.complete
2025-06-21 20:47:54,256 - httpcore.http11 - DEBUG - send_request_body.started request=<Request [b'POST']>
2025-06-21 20:47:54,257 - httpcore.http11 - DEBUG - send_request_body.complete
2025-06-21 20:47:54,257 - httpcore.http11 - DEBUG - receive_response_headers.started request=<Request [b'POST']>
2025-06-21 20:47:54,258 - httpcore.http11 - DEBUG - send_request_body.complete
2025-06-21 20:47:54,258 - httpcore.http11 - DEBUG - receive_response_headers.started request=<Request [b'POST']>
2025-06-21 20:47:54,388 - httpcore.http11 - DEBUG - receive_response_headers.complete return_value=(b'HTTP/1.1', 200, b'OK', [(b'Server', b'nginx/1.18.0'), (b'Date', b'Sat, 21 Jun 2025 19:47:54 GMT'), (b'Content-Type', b'application/json'), (b'Content-Length', b'569'), (b'Connection', b'keep-alive'), (b'Strict-Transport-Security', b'max-age=31536000; includeSubDomains; preload'), (b'Access-Control-Allow-Origin', b'*'), (b'Access-Control-Allow-Methods', b'GET, POST, OPTIONS'), (b'Access-Control-Expose-Headers', b'Content-Length,Content-Type,Date,Server,Connection')])
2025-06-21 20:47:54,389 - httpx - INFO - HTTP Request: POST https://api.telegram.org/bot7707158318:AAE8rWa4Q8Z_3avql6K0HAmXaooZAReoNF0/sendMessage "HTTP/1.1 200 OK"
2025-06-21 20:47:54,390 - httpcore.http11 - DEBUG - receive_response_body.started request=<Request [b'POST']>
2025-06-21 20:47:54,390 - httpcore.http11 - DEBUG - receive_response_body.complete
2025-06-21 20:47:54,392 - httpcore.http11 - DEBUG - response_closed.started
2025-06-21 20:47:54,392 - httpcore.http11 - DEBUG - response_closed.complete
2025-06-21 20:47:54,393 - telegram.ext.ExtBot - DEBUG - Message(channel_chat_created=False, chat=Chat(first_name='Ghost', id=7049055170, last_name='Number1', type=<ChatType.PRIVATE>), date=datetime.datetime(2025, 6, 21, 19, 47, 54, tzinfo=<UTC>), delete_chat_photo=False, from_user=User(first_name='SPRD', id=7707158318, is_bot=True, username='tizi91Bot'), group_chat_created=False, message_id=5815, reply_markup=InlineKeyboardMarkup(inline_keyboard=((InlineKeyboardButton(callback_data='start_sniperx', text='🚀 Start SniperX'),), (InlineKeyboardButton(callback_data='stop_sniperx', text='🛑 Stop SniperX'), InlineKeyboardButton(callback_data='status_sniperx', text='📊 Status')), (InlineKeyboardButton(callback_data='show_balance', text='💰 Balance'),))), supergroup_chat_created=False, text='SniperX Bot Control Panel:')
2025-06-21 20:47:54,394 - telegram.ext.ExtBot - DEBUG - Exiting: send_message
2025-06-21 20:47:57,855 - httpcore.http11 - DEBUG - receive_response_headers.complete return_value=(b'HTTP/1.1', 200, b'OK', [(b'Server', b'nginx/1.18.0'), (b'Date', b'Sat, 21 Jun 2025 19:47:58 GMT'), (b'Content-Type', b'application/json'), (b'Content-Length', b'817'), (b'Connection', b'keep-alive'), (b'Strict-Transport-Security', b'max-age=31536000; includeSubDomains; preload'), (b'Access-Control-Allow-Origin', b'*'), (b'Access-Control-Allow-Methods', b'GET, POST, OPTIONS'), (b'Access-Control-Expose-Headers', b'Content-Length,Content-Type,Date,Server,Connection')])
2025-06-21 20:47:57,856 - httpx - INFO - HTTP Request: POST https://api.telegram.org/bot7707158318:AAE8rWa4Q8Z_3avql6K0HAmXaooZAReoNF0/getUpdates "HTTP/1.1 200 OK"
2025-06-21 20:47:57,858 - httpcore.http11 - DEBUG - receive_response_body.started request=<Request [b'POST']>
2025-06-21 20:47:57,858 - httpcore.http11 - DEBUG - receive_response_body.complete
2025-06-21 20:47:57,858 - httpcore.http11 - DEBUG - response_closed.started
2025-06-21 20:47:57,860 - httpcore.http11 - DEBUG - response_closed.complete
2025-06-21 20:47:57,862 - telegram.ext.ExtBot - DEBUG - Getting updates: [37530002]
2025-06-21 20:47:57,863 - telegram.ext.ExtBot - DEBUG - (Update(callback_query=CallbackQuery(chat_instance='-1307310250263184334', data='start_sniperx', from_user=User(first_name='Ghost', id=7049055170, is_bot=False, language_code='en', last_name='Number1'), id='2605345314804575888', message=Message(channel_chat_created=False, chat=Chat(first_name='Ghost', id=7049055170, last_name='Number1', type=<ChatType.PRIVATE>), date=datetime.datetime(2025, 6, 21, 19, 47, 54, tzinfo=<UTC>), delete_chat_photo=False, from_user=User(first_name='SPRD', id=7707158318, is_bot=True, username='tizi91Bot'), group_chat_created=False, message_id=5815, reply_markup=InlineKeyboardMarkup(inline_keyboard=((InlineKeyboardButton(callback_data='start_sniperx', text='🚀 Start SniperX'),), (InlineKeyboardButton(callback_data='stop_sniperx', text='🛑 Stop SniperX'), InlineKeyboardButton(callback_data='status_sniperx', text='📊 Status')), (InlineKeyboardButton(callback_data='show_balance', text='💰 Balance'),))), supergroup_chat_created=False, text='SniperX Bot Control Panel:')), update_id=37530002),)
2025-06-21 20:47:57,866 - telegram.ext.ExtBot - DEBUG - Exiting: get_updates
2025-06-21 20:47:57,866 - telegram.ext.ExtBot - DEBUG - Entering: get_updates
2025-06-21 20:47:57,869 - telegram.ext.Application - DEBUG - Processing update Update(callback_query=CallbackQuery(chat_instance='-1307310250263184334', data='start_sniperx', from_user=User(first_name='Ghost', id=7049055170, is_bot=False, language_code='en', last_name='Number1'), id='2605345314804575888', message=Message(channel_chat_created=False, chat=Chat(first_name='Ghost', id=7049055170, last_name='Number1', type=<ChatType.PRIVATE>), date=datetime.datetime(2025, 6, 21, 19, 47, 54, tzinfo=<UTC>), delete_chat_photo=False, from_user=User(first_name='SPRD', id=7707158318, is_bot=True, username='tizi91Bot'), group_chat_created=False, message_id=5815, reply_markup=InlineKeyboardMarkup(inline_keyboard=((InlineKeyboardButton(callback_data='start_sniperx', text='🚀 Start SniperX'),), (InlineKeyboardButton(callback_data='stop_sniperx', text='🛑 Stop SniperX'), InlineKeyboardButton(callback_data='status_sniperx', text='📊 Status')), (InlineKeyboardButton(callback_data='show_balance', text='💰 Balance'),))), supergroup_chat_created=False, text='SniperX Bot Control Panel:')), update_id=37530002)
2025-06-21 20:47:57,875 - __main__ - INFO - Button callback received: Update(callback_query=CallbackQuery(chat_instance='-1307310250263184334', data='start_sniperx', from_user=User(first_name='Ghost', id=7049055170, is_bot=False, language_code='en', last_name='Number1'), id='2605345314804575888', message=Message(channel_chat_created=False, chat=Chat(first_name='Ghost', id=7049055170, last_name='Number1', type=<ChatType.PRIVATE>), date=datetime.datetime(2025, 6, 21, 19, 47, 54, tzinfo=<UTC>), delete_chat_photo=False, from_user=User(first_name='SPRD', id=7707158318, is_bot=True, username='tizi91Bot'), group_chat_created=False, message_id=5815, reply_markup=InlineKeyboardMarkup(inline_keyboard=((InlineKeyboardButton(callback_data='start_sniperx', text='🚀 Start SniperX'),), (InlineKeyboardButton(callback_data='stop_sniperx', text='🛑 Stop SniperX'), InlineKeyboardButton(callback_data='status_sniperx', text='📊 Status')), (InlineKeyboardButton(callback_data='show_balance', text='💰 Balance'),))), supergroup_chat_created=False, text='SniperX Bot Control Panel:')), update_id=37530002)
2025-06-21 20:47:57,875 - telegram.ext.ExtBot - DEBUG - Entering: answer_callback_query
2025-06-21 20:47:57,890 - httpcore.http11 - DEBUG - send_request_headers.started request=<Request [b'POST']>
2025-06-21 20:47:57,892 - httpcore.http11 - DEBUG - send_request_headers.started request=<Request [b'POST']>
2025-06-21 20:47:57,894 - httpcore.http11 - DEBUG - send_request_headers.complete
2025-06-21 20:47:57,894 - httpcore.http11 - DEBUG - send_request_body.started request=<Request [b'POST']>
2025-06-21 20:47:57,898 - httpcore.http11 - DEBUG - send_request_headers.complete
2025-06-21 20:47:57,899 - httpcore.http11 - DEBUG - send_request_body.started request=<Request [b'POST']>
2025-06-21 20:47:57,901 - httpcore.http11 - DEBUG - send_request_body.complete
2025-06-21 20:47:57,901 - httpcore.http11 - DEBUG - receive_response_headers.started request=<Request [b'POST']>
2025-06-21 20:47:57,902 - httpcore.http11 - DEBUG - send_request_body.complete
2025-06-21 20:47:57,903 - httpcore.http11 - DEBUG - receive_response_headers.started request=<Request [b'POST']>
2025-06-21 20:47:57,985 - httpcore.http11 - DEBUG - receive_response_headers.complete return_value=(b'HTTP/1.1', 200, b'OK', [(b'Server', b'nginx/1.18.0'), (b'Date', b'Sat, 21 Jun 2025 19:47:58 GMT'), (b'Content-Type', b'application/json'), (b'Content-Length', b'25'), (b'Connection', b'keep-alive'), (b'Strict-Transport-Security', b'max-age=31536000; includeSubDomains; preload'), (b'Access-Control-Allow-Origin', b'*'), (b'Access-Control-Allow-Methods', b'GET, POST, OPTIONS'), (b'Access-Control-Expose-Headers', b'Content-Length,Content-Type,Date,Server,Connection')])
2025-06-21 20:47:57,987 - httpx - INFO - HTTP Request: POST https://api.telegram.org/bot7707158318:AAE8rWa4Q8Z_3avql6K0HAmXaooZAReoNF0/answerCallbackQuery "HTTP/1.1 200 OK"
2025-06-21 20:47:57,988 - httpcore.http11 - DEBUG - receive_response_body.started request=<Request [b'POST']>
2025-06-21 20:47:57,988 - httpcore.http11 - DEBUG - receive_response_body.complete
2025-06-21 20:47:57,989 - httpcore.http11 - DEBUG - response_closed.started
2025-06-21 20:47:57,989 - httpcore.http11 - DEBUG - response_closed.complete
2025-06-21 20:47:57,990 - telegram.ext.ExtBot - DEBUG - True
2025-06-21 20:47:57,992 - telegram.ext.ExtBot - DEBUG - Exiting: answer_callback_query
2025-06-21 20:47:57,992 - __main__ - INFO - Processing action: start_sniperx
2025-06-21 20:47:57,997 - telegram.ext.ExtBot - DEBUG - Entering: send_message
2025-06-21 20:47:58,002 - httpcore.http11 - DEBUG - send_request_headers.started request=<Request [b'POST']>
2025-06-21 20:47:58,005 - httpcore.http11 - DEBUG - send_request_headers.complete
2025-06-21 20:47:58,005 - httpcore.http11 - DEBUG - send_request_body.started request=<Request [b'POST']>
2025-06-21 20:47:58,007 - httpcore.http11 - DEBUG - send_request_body.complete
2025-06-21 20:47:58,007 - httpcore.http11 - DEBUG - receive_response_headers.started request=<Request [b'POST']>
2025-06-21 20:47:58,158 - httpcore.http11 - DEBUG - receive_response_headers.complete return_value=(b'HTTP/1.1', 200, b'OK', [(b'Server', b'nginx/1.18.0'), (b'Date', b'Sat, 21 Jun 2025 19:47:58 GMT'), (b'Content-Type', b'application/json'), (b'Content-Length', b'261'), (b'Connection', b'keep-alive'), (b'Strict-Transport-Security', b'max-age=31536000; includeSubDomains; preload'), (b'Access-Control-Allow-Origin', b'*'), (b'Access-Control-Allow-Methods', b'GET, POST, OPTIONS'), (b'Access-Control-Expose-Headers', b'Content-Length,Content-Type,Date,Server,Connection')])
2025-06-21 20:47:58,159 - httpx - INFO - HTTP Request: POST https://api.telegram.org/bot7707158318:AAE8rWa4Q8Z_3avql6K0HAmXaooZAReoNF0/sendMessage "HTTP/1.1 200 OK"
2025-06-21 20:47:58,161 - httpcore.http11 - DEBUG - receive_response_body.started request=<Request [b'POST']>
2025-06-21 20:47:58,162 - httpcore.http11 - DEBUG - receive_response_body.complete
2025-06-21 20:47:58,163 - httpcore.http11 - DEBUG - response_closed.started
2025-06-21 20:47:58,164 - httpcore.http11 - DEBUG - response_closed.complete
2025-06-21 20:47:58,166 - telegram.ext.ExtBot - DEBUG - Message(channel_chat_created=False, chat=Chat(first_name='Ghost', id=7049055170, last_name='Number1', type=<ChatType.PRIVATE>), date=datetime.datetime(2025, 6, 21, 19, 47, 58, tzinfo=<UTC>), delete_chat_photo=False, from_user=User(first_name='SPRD', id=7707158318, is_bot=True, username='tizi91Bot'), group_chat_created=False, message_id=5816, supergroup_chat_created=False, text='Starting wallet manager...')
2025-06-21 20:47:58,167 - telegram.ext.ExtBot - DEBUG - Exiting: send_message
2025-06-21 20:48:00,335 - telegram.ext.ExtBot - DEBUG - Entering: send_message
2025-06-21 20:48:00,338 - httpcore.http11 - DEBUG - send_request_headers.started request=<Request [b'POST']>
2025-06-21 20:48:00,340 - httpcore.http11 - DEBUG - send_request_headers.complete
2025-06-21 20:48:00,341 - httpcore.http11 - DEBUG - send_request_body.started request=<Request [b'POST']>
2025-06-21 20:48:00,342 - httpcore.http11 - DEBUG - send_request_body.complete
2025-06-21 20:48:00,342 - httpcore.http11 - DEBUG - receive_response_headers.started request=<Request [b'POST']>
2025-06-21 20:48:00,516 - httpcore.http11 - DEBUG - receive_response_headers.complete return_value=(b'HTTP/1.1', 200, b'OK', [(b'Server', b'nginx/1.18.0'), (b'Date', b'Sat, 21 Jun 2025 19:48:00 GMT'), (b'Content-Type', b'application/json'), (b'Content-Length', b'321'), (b'Connection', b'keep-alive'), (b'Strict-Transport-Security', b'max-age=31536000; includeSubDomains; preload'), (b'Access-Control-Allow-Origin', b'*'), (b'Access-Control-Allow-Methods', b'GET, POST, OPTIONS'), (b'Access-Control-Expose-Headers', b'Content-Length,Content-Type,Date,Server,Connection')])
2025-06-21 20:48:00,518 - httpx - INFO - HTTP Request: POST https://api.telegram.org/bot7707158318:AAE8rWa4Q8Z_3avql6K0HAmXaooZAReoNF0/sendMessage "HTTP/1.1 200 OK"
2025-06-21 20:48:00,519 - httpcore.http11 - DEBUG - receive_response_body.started request=<Request [b'POST']>
2025-06-21 20:48:00,519 - httpcore.http11 - DEBUG - receive_response_body.complete
2025-06-21 20:48:00,520 - httpcore.http11 - DEBUG - response_closed.started
2025-06-21 20:48:00,520 - httpcore.http11 - DEBUG - response_closed.complete
2025-06-21 20:48:00,523 - telegram.ext.ExtBot - DEBUG - Message(channel_chat_created=False, chat=Chat(first_name='Ghost', id=7049055170, last_name='Number1', type=<ChatType.PRIVATE>), date=datetime.datetime(2025, 6, 21, 19, 48, tzinfo=<UTC>), delete_chat_photo=False, entities=(MessageEntity(length=5, offset=8, type=<MessageEntityType.URL>),), from_user=User(first_name='SPRD', id=7707158318, is_bot=True, username='tizi91Bot'), group_chat_created=False, message_id=5817, supergroup_chat_created=False, text='SniperX V2.py started with PID 9952.')
2025-06-21 20:48:00,524 - telegram.ext.ExtBot - DEBUG - Exiting: send_message
2025-06-21 20:48:00,525 - __main__ - INFO - SniperX V2.py started with PID 9952 by user tizi91Bot
2025-06-21 20:48:00,526 - telegram.ext.ExtBot - DEBUG - Entering: edit_message_text
2025-06-21 20:48:00,532 - httpcore.http11 - DEBUG - send_request_headers.started request=<Request [b'POST']>
2025-06-21 20:48:00,534 - httpcore.http11 - DEBUG - send_request_headers.complete
2025-06-21 20:48:00,535 - httpcore.http11 - DEBUG - send_request_body.started request=<Request [b'POST']>
2025-06-21 20:48:00,537 - httpcore.http11 - DEBUG - send_request_body.complete
2025-06-21 20:48:00,537 - httpcore.http11 - DEBUG - receive_response_headers.started request=<Request [b'POST']>
2025-06-21 20:48:00,676 - httpcore.http11 - DEBUG - receive_response_headers.complete return_value=(b'HTTP/1.1', 400, b'Bad Request', [(b'Server', b'nginx/1.18.0'), (b'Date', b'Sat, 21 Jun 2025 19:48:00 GMT'), (b'Content-Type', b'application/json'), (b'Content-Length', b'204'), (b'Connection', b'keep-alive'), (b'Strict-Transport-Security', b'max-age=31536000; includeSubDomains; preload'), (b'Access-Control-Allow-Origin', b'*'), (b'Access-Control-Expose-Headers', b'Content-Length,Content-Type,Date,Server,Connection')])
2025-06-21 20:48:00,678 - httpx - INFO - HTTP Request: POST https://api.telegram.org/bot7707158318:AAE8rWa4Q8Z_3avql6K0HAmXaooZAReoNF0/editMessageText "HTTP/1.1 400 Bad Request"
2025-06-21 20:48:00,683 - httpcore.http11 - DEBUG - receive_response_body.started request=<Request [b'POST']>
2025-06-21 20:48:00,685 - httpcore.http11 - DEBUG - receive_response_body.complete
2025-06-21 20:48:00,686 - httpcore.http11 - DEBUG - response_closed.started
2025-06-21 20:48:00,686 - httpcore.http11 - DEBUG - response_closed.complete
2025-06-21 20:48:00,688 - __main__ - ERROR - Error showing menu: Message is not modified: specified new message content and reply markup are exactly the same as a current content and reply markup of the message
2025-06-21 20:48:00,688 - telegram.ext.ExtBot - DEBUG - Entering: send_message
2025-06-21 20:48:00,695 - httpcore.http11 - DEBUG - send_request_headers.started request=<Request [b'POST']>
2025-06-21 20:48:00,696 - httpcore.http11 - DEBUG - send_request_headers.complete
2025-06-21 20:48:00,697 - httpcore.http11 - DEBUG - send_request_body.started request=<Request [b'POST']>
2025-06-21 20:48:00,698 - httpcore.http11 - DEBUG - send_request_body.complete
2025-06-21 20:48:00,699 - httpcore.http11 - DEBUG - receive_response_headers.started request=<Request [b'POST']>
2025-06-21 20:48:00,987 - httpcore.http11 - DEBUG - receive_response_headers.complete return_value=(b'HTTP/1.1', 200, b'OK', [(b'Server', b'nginx/1.18.0'), (b'Date', b'Sat, 21 Jun 2025 19:48:01 GMT'), (b'Content-Type', b'application/json'), (b'Content-Length', b'569'), (b'Connection', b'keep-alive'), (b'Strict-Transport-Security', b'max-age=31536000; includeSubDomains; preload'), (b'Access-Control-Allow-Origin', b'*'), (b'Access-Control-Allow-Methods', b'GET, POST, OPTIONS'), (b'Access-Control-Expose-Headers', b'Content-Length,Content-Type,Date,Server,Connection')])
2025-06-21 20:48:00,989 - httpx - INFO - HTTP Request: POST https://api.telegram.org/bot7707158318:AAE8rWa4Q8Z_3avql6K0HAmXaooZAReoNF0/sendMessage "HTTP/1.1 200 OK"
2025-06-21 20:48:00,990 - httpcore.http11 - DEBUG - receive_response_body.started request=<Request [b'POST']>
2025-06-21 20:48:00,990 - httpcore.http11 - DEBUG - receive_response_body.complete
2025-06-21 20:48:00,991 - httpcore.http11 - DEBUG - response_closed.started
2025-06-21 20:48:00,991 - httpcore.http11 - DEBUG - response_closed.complete
2025-06-21 20:48:00,994 - telegram.ext.ExtBot - DEBUG - Message(channel_chat_created=False, chat=Chat(first_name='Ghost', id=7049055170, last_name='Number1', type=<ChatType.PRIVATE>), date=datetime.datetime(2025, 6, 21, 19, 48, 1, tzinfo=<UTC>), delete_chat_photo=False, from_user=User(first_name='SPRD', id=7707158318, is_bot=True, username='tizi91Bot'), group_chat_created=False, message_id=5818, reply_markup=InlineKeyboardMarkup(inline_keyboard=((InlineKeyboardButton(callback_data='start_sniperx', text='🚀 Start SniperX'),), (InlineKeyboardButton(callback_data='stop_sniperx', text='🛑 Stop SniperX'), InlineKeyboardButton(callback_data='status_sniperx', text='📊 Status')), (InlineKeyboardButton(callback_data='show_balance', text='💰 Balance'),))), supergroup_chat_created=False, text='SniperX Bot Control Panel:')
2025-06-21 20:48:00,996 - telegram.ext.ExtBot - DEBUG - Exiting: send_message
2025-06-21 20:48:08,009 - httpcore.http11 - DEBUG - receive_response_headers.complete return_value=(b'HTTP/1.1', 200, b'OK', [(b'Server', b'nginx/1.18.0'), (b'Date', b'Sat, 21 Jun 2025 19:48:08 GMT'), (b'Content-Type', b'application/json'), (b'Content-Length', b'23'), (b'Connection', b'keep-alive'), (b'Strict-Transport-Security', b'max-age=31536000; includeSubDomains; preload'), (b'Access-Control-Allow-Origin', b'*'), (b'Access-Control-Allow-Methods', b'GET, POST, OPTIONS'), (b'Access-Control-Expose-Headers', b'Content-Length,Content-Type,Date,Server,Connection')])
2025-06-21 20:48:08,010 - httpx - INFO - HTTP Request: POST https://api.telegram.org/bot7707158318:AAE8rWa4Q8Z_3avql6K0HAmXaooZAReoNF0/getUpdates "HTTP/1.1 200 OK"
2025-06-21 20:48:08,013 - httpcore.http11 - DEBUG - receive_response_body.started request=<Request [b'POST']>
2025-06-21 20:48:08,014 - httpcore.http11 - DEBUG - receive_response_body.complete
2025-06-21 20:48:08,014 - httpcore.http11 - DEBUG - response_closed.started
2025-06-21 20:48:08,014 - httpcore.http11 - DEBUG - response_closed.complete
2025-06-21 20:48:08,015 - telegram.ext.ExtBot - DEBUG - No new updates found.
2025-06-21 20:48:08,015 - telegram.ext.ExtBot - DEBUG - ()
2025-06-21 20:48:08,015 - telegram.ext.ExtBot - DEBUG - Exiting: get_updates
2025-06-21 20:48:08,016 - telegram.ext.ExtBot - DEBUG - Entering: get_updates
2025-06-21 20:48:08,018 - httpcore.http11 - DEBUG - send_request_headers.started request=<Request [b'POST']>
2025-06-21 20:48:08,019 - httpcore.http11 - DEBUG - send_request_headers.complete
2025-06-21 20:48:08,019 - httpcore.http11 - DEBUG - send_request_body.started request=<Request [b'POST']>
2025-06-21 20:48:08,019 - httpcore.http11 - DEBUG - send_request_body.complete
2025-06-21 20:48:08,021 - httpcore.http11 - DEBUG - receive_response_headers.started request=<Request [b'POST']>
