2025-06-21 20:44:01,601 - asyncio - DEBUG - Using proactor: IocpProactor
2025-06-21 20:44:01,610 - httpx - DEBUG - load_ssl_context verify=True cert=None trust_env=True http2=False
2025-06-21 20:44:01,610 - httpx - DEBUG - load_verify_locations cafile='c:\\Users\\Rachid Aitali\\OneDrive - 4JM Solutions Limited\\Desktop\\SniperX\\SniperX\\.venv\\lib\\site-packages\\certifi\\cacert.pem'
2025-06-21 20:44:01,632 - httpx - DEBUG - load_ssl_context verify=True cert=None trust_env=True http2=False
2025-06-21 20:44:01,634 - httpx - DEBUG - load_verify_locations cafile='c:\\Users\\Rachid Aitali\\OneDrive - 4JM Solutions Limited\\Desktop\\SniperX\\SniperX\\.venv\\lib\\site-packages\\certifi\\cacert.pem'
2025-06-21 20:44:01,654 - __main__ - INFO - Telegram Manager Bot started. Send /menu to interact.
2025-06-21 20:44:01,655 - telegram.ext.ExtBot - DEBUG - Entering: send_message
2025-06-21 20:44:01,669 - httpcore.connection - DEBUG - connect_tcp.started host='api.telegram.org' port=443 local_address=None timeout=5.0 socket_options=None
2025-06-21 20:44:01,806 - httpcore.connection - DEBUG - connect_tcp.complete return_value=<httpcore._backends.anyio.AnyIOStream object at 0x00000254B2CDABC0>
2025-06-21 20:44:01,806 - httpcore.connection - DEBUG - start_tls.started ssl_context=<ssl.SSLContext object at 0x00000254B2C39AC0> server_hostname='api.telegram.org' timeout=5.0
2025-06-21 20:44:01,908 - httpcore.connection - DEBUG - start_tls.complete return_value=<httpcore._backends.anyio.AnyIOStream object at 0x00000254B2CDB430>
2025-06-21 20:44:01,911 - httpcore.http11 - DEBUG - send_request_headers.started request=<Request [b'POST']>
2025-06-21 20:44:01,911 - httpcore.http11 - DEBUG - send_request_headers.complete
2025-06-21 20:44:01,911 - httpcore.http11 - DEBUG - send_request_body.started request=<Request [b'POST']>
2025-06-21 20:44:01,914 - httpcore.http11 - DEBUG - send_request_body.complete
2025-06-21 20:44:01,915 - httpcore.http11 - DEBUG - receive_response_headers.started request=<Request [b'POST']>
2025-06-21 20:44:02,036 - httpcore.http11 - DEBUG - receive_response_headers.complete return_value=(b'HTTP/1.1', 200, b'OK', [(b'Server', b'nginx/1.18.0'), (b'Date', b'Sat, 21 Jun 2025 19:44:02 GMT'), (b'Content-Type', b'application/json'), (b'Content-Length', b'351'), (b'Connection', b'keep-alive'), (b'Strict-Transport-Security', b'max-age=31536000; includeSubDomains; preload'), (b'Access-Control-Allow-Origin', b'*'), (b'Access-Control-Allow-Methods', b'GET, POST, OPTIONS'), (b'Access-Control-Expose-Headers', b'Content-Length,Content-Type,Date,Server,Connection')])
2025-06-21 20:44:02,039 - httpx - INFO - HTTP Request: POST https://api.telegram.org/bot7707158318:AAE8rWa4Q8Z_3avql6K0HAmXaooZAReoNF0/sendMessage "HTTP/1.1 200 OK"
2025-06-21 20:44:02,042 - httpcore.http11 - DEBUG - receive_response_body.started request=<Request [b'POST']>
2025-06-21 20:44:02,042 - httpcore.http11 - DEBUG - receive_response_body.complete
2025-06-21 20:44:02,043 - httpcore.http11 - DEBUG - response_closed.started
2025-06-21 20:44:02,043 - httpcore.http11 - DEBUG - response_closed.complete
2025-06-21 20:44:02,048 - telegram.ext.ExtBot - DEBUG - Message(channel_chat_created=False, chat=Chat(first_name='Ghost', id=7049055170, last_name='Number1', type=<ChatType.PRIVATE>), date=datetime.datetime(2025, 6, 21, 19, 44, 2, tzinfo=<UTC>), delete_chat_photo=False, entities=(MessageEntity(length=5, offset=36, type=<MessageEntityType.BOT_COMMAND>),), from_user=User(first_name='SPRD', id=7707158318, is_bot=True, username='tizi91Bot'), group_chat_created=False, message_id=5795, supergroup_chat_created=False, text='SniperX Control Bot is online! Send /menu to see options.')
2025-06-21 20:44:02,050 - telegram.ext.ExtBot - DEBUG - Exiting: send_message
2025-06-21 20:44:02,052 - telegram.ext.ExtBot - DEBUG - Entering: get_me
2025-06-21 20:44:02,055 - httpcore.http11 - DEBUG - send_request_headers.started request=<Request [b'POST']>
2025-06-21 20:44:02,058 - httpcore.http11 - DEBUG - send_request_headers.complete
2025-06-21 20:44:02,058 - httpcore.http11 - DEBUG - send_request_body.started request=<Request [b'POST']>
2025-06-21 20:44:02,059 - httpcore.http11 - DEBUG - send_request_body.complete
2025-06-21 20:44:02,059 - httpcore.http11 - DEBUG - receive_response_headers.started request=<Request [b'POST']>
2025-06-21 20:44:02,195 - httpcore.http11 - DEBUG - receive_response_headers.complete return_value=(b'HTTP/1.1', 200, b'OK', [(b'Server', b'nginx/1.18.0'), (b'Date', b'Sat, 21 Jun 2025 19:44:02 GMT'), (b'Content-Type', b'application/json'), (b'Content-Length', b'243'), (b'Connection', b'keep-alive'), (b'Strict-Transport-Security', b'max-age=31536000; includeSubDomains; preload'), (b'Access-Control-Allow-Origin', b'*'), (b'Access-Control-Allow-Methods', b'GET, POST, OPTIONS'), (b'Access-Control-Expose-Headers', b'Content-Length,Content-Type,Date,Server,Connection')])
2025-06-21 20:44:02,197 - httpx - INFO - HTTP Request: POST https://api.telegram.org/bot7707158318:AAE8rWa4Q8Z_3avql6K0HAmXaooZAReoNF0/getMe "HTTP/1.1 200 OK"
2025-06-21 20:44:02,199 - httpcore.http11 - DEBUG - receive_response_body.started request=<Request [b'POST']>
2025-06-21 20:44:02,200 - httpcore.http11 - DEBUG - receive_response_body.complete
2025-06-21 20:44:02,200 - httpcore.http11 - DEBUG - response_closed.started
2025-06-21 20:44:02,200 - httpcore.http11 - DEBUG - response_closed.complete
2025-06-21 20:44:02,201 - telegram.ext.ExtBot - DEBUG - User(api_kwargs={'can_connect_to_business': False, 'has_main_web_app': False}, can_join_groups=True, can_read_all_group_messages=False, first_name='SPRD', id=7707158318, is_bot=True, supports_inline_queries=False, username='tizi91Bot')
2025-06-21 20:44:02,202 - telegram.ext.ExtBot - DEBUG - Exiting: get_me
2025-06-21 20:44:02,202 - telegram.ext.ExtBot - DEBUG - This Bot is already initialized.
2025-06-21 20:44:02,204 - telegram.ext.Updater - DEBUG - Updater started (polling)
2025-06-21 20:44:02,204 - telegram.ext.Updater - DEBUG - Start network loop retry bootstrap del webhook
2025-06-21 20:44:02,204 - telegram.ext.Updater - DEBUG - Deleting webhook
2025-06-21 20:44:02,204 - telegram.ext.ExtBot - DEBUG - Entering: delete_webhook
2025-06-21 20:44:02,207 - httpcore.http11 - DEBUG - send_request_headers.started request=<Request [b'POST']>
2025-06-21 20:44:02,207 - httpcore.http11 - DEBUG - send_request_headers.complete
2025-06-21 20:44:02,209 - httpcore.http11 - DEBUG - send_request_body.started request=<Request [b'POST']>
2025-06-21 20:44:02,209 - httpcore.http11 - DEBUG - send_request_body.complete
2025-06-21 20:44:02,209 - httpcore.http11 - DEBUG - receive_response_headers.started request=<Request [b'POST']>
2025-06-21 20:44:02,320 - httpcore.http11 - DEBUG - receive_response_headers.complete return_value=(b'HTTP/1.1', 200, b'OK', [(b'Server', b'nginx/1.18.0'), (b'Date', b'Sat, 21 Jun 2025 19:44:02 GMT'), (b'Content-Type', b'application/json'), (b'Content-Length', b'68'), (b'Connection', b'keep-alive'), (b'Strict-Transport-Security', b'max-age=31536000; includeSubDomains; preload'), (b'Access-Control-Allow-Origin', b'*'), (b'Access-Control-Allow-Methods', b'GET, POST, OPTIONS'), (b'Access-Control-Expose-Headers', b'Content-Length,Content-Type,Date,Server,Connection')])
2025-06-21 20:44:02,321 - httpx - INFO - HTTP Request: POST https://api.telegram.org/bot7707158318:AAE8rWa4Q8Z_3avql6K0HAmXaooZAReoNF0/deleteWebhook "HTTP/1.1 200 OK"
2025-06-21 20:44:02,323 - httpcore.http11 - DEBUG - receive_response_body.started request=<Request [b'POST']>
2025-06-21 20:44:02,323 - httpcore.http11 - DEBUG - receive_response_body.complete
2025-06-21 20:44:02,324 - httpcore.http11 - DEBUG - response_closed.started
2025-06-21 20:44:02,324 - httpcore.http11 - DEBUG - response_closed.complete
2025-06-21 20:44:02,325 - telegram.ext.ExtBot - DEBUG - True
2025-06-21 20:44:02,325 - telegram.ext.ExtBot - DEBUG - Exiting: delete_webhook
2025-06-21 20:44:02,325 - telegram.ext.Updater - DEBUG - Bootstrap done
2025-06-21 20:44:02,327 - telegram.ext.Updater - DEBUG - Waiting for polling to start
2025-06-21 20:44:02,327 - telegram.ext.Updater - DEBUG - Polling updates from Telegram started
2025-06-21 20:44:02,327 - telegram.ext.Updater - DEBUG - Start network loop retry getting Updates
2025-06-21 20:44:02,327 - telegram.ext.ExtBot - DEBUG - Entering: get_updates
2025-06-21 20:44:02,332 - telegram.ext.Application - INFO - Application started
2025-06-21 20:44:02,337 - httpcore.connection - DEBUG - connect_tcp.started host='api.telegram.org' port=443 local_address=None timeout=5.0 socket_options=None
2025-06-21 20:44:02,434 - httpcore.connection - DEBUG - connect_tcp.complete return_value=<httpcore._backends.anyio.AnyIOStream object at 0x00000254B2D2E9B0>
2025-06-21 20:44:02,435 - httpcore.connection - DEBUG - start_tls.started ssl_context=<ssl.SSLContext object at 0x00000254B2C39BC0> server_hostname='api.telegram.org' timeout=5.0
2025-06-21 20:44:02,605 - httpcore.connection - DEBUG - start_tls.complete return_value=<httpcore._backends.anyio.AnyIOStream object at 0x00000254B2D2E860>
2025-06-21 20:44:02,608 - httpcore.http11 - DEBUG - send_request_headers.started request=<Request [b'POST']>
2025-06-21 20:44:02,610 - httpcore.http11 - DEBUG - send_request_headers.complete
2025-06-21 20:44:02,610 - httpcore.http11 - DEBUG - send_request_body.started request=<Request [b'POST']>
2025-06-21 20:44:02,611 - httpcore.http11 - DEBUG - send_request_body.complete
2025-06-21 20:44:02,611 - httpcore.http11 - DEBUG - receive_response_headers.started request=<Request [b'POST']>
2025-06-21 20:44:06,606 - httpcore.http11 - DEBUG - receive_response_headers.complete return_value=(b'HTTP/1.1', 200, b'OK', [(b'Server', b'nginx/1.18.0'), (b'Date', b'Sat, 21 Jun 2025 19:44:06 GMT'), (b'Content-Type', b'application/json'), (b'Content-Length', b'356'), (b'Connection', b'keep-alive'), (b'Strict-Transport-Security', b'max-age=31536000; includeSubDomains; preload'), (b'Access-Control-Allow-Origin', b'*'), (b'Access-Control-Allow-Methods', b'GET, POST, OPTIONS'), (b'Access-Control-Expose-Headers', b'Content-Length,Content-Type,Date,Server,Connection')])
2025-06-21 20:44:06,608 - httpx - INFO - HTTP Request: POST https://api.telegram.org/bot7707158318:AAE8rWa4Q8Z_3avql6K0HAmXaooZAReoNF0/getUpdates "HTTP/1.1 200 OK"
2025-06-21 20:44:06,609 - httpcore.http11 - DEBUG - receive_response_body.started request=<Request [b'POST']>
2025-06-21 20:44:06,610 - httpcore.http11 - DEBUG - receive_response_body.complete
2025-06-21 20:44:06,611 - httpcore.http11 - DEBUG - response_closed.started
2025-06-21 20:44:06,611 - httpcore.http11 - DEBUG - response_closed.complete
2025-06-21 20:44:06,612 - telegram.ext.ExtBot - DEBUG - Getting updates: [37529995]
2025-06-21 20:44:06,613 - telegram.ext.ExtBot - DEBUG - (Update(message=Message(channel_chat_created=False, chat=Chat(first_name='Ghost', id=7049055170, last_name='Number1', type=<ChatType.PRIVATE>), date=datetime.datetime(2025, 6, 21, 19, 44, 6, tzinfo=<UTC>), delete_chat_photo=False, entities=(MessageEntity(length=5, offset=0, type=<MessageEntityType.BOT_COMMAND>),), from_user=User(first_name='Ghost', id=7049055170, is_bot=False, language_code='en', last_name='Number1'), group_chat_created=False, message_id=5796, supergroup_chat_created=False, text='/menu'), update_id=37529995),)
2025-06-21 20:44:06,615 - telegram.ext.ExtBot - DEBUG - Exiting: get_updates
2025-06-21 20:44:06,616 - telegram.ext.ExtBot - DEBUG - Entering: get_updates
2025-06-21 20:44:06,618 - telegram.ext.Application - DEBUG - Processing update Update(message=Message(channel_chat_created=False, chat=Chat(first_name='Ghost', id=7049055170, last_name='Number1', type=<ChatType.PRIVATE>), date=datetime.datetime(2025, 6, 21, 19, 44, 6, tzinfo=<UTC>), delete_chat_photo=False, entities=(MessageEntity(length=5, offset=0, type=<MessageEntityType.BOT_COMMAND>),), from_user=User(first_name='Ghost', id=7049055170, is_bot=False, language_code='en', last_name='Number1'), group_chat_created=False, message_id=5796, supergroup_chat_created=False, text='/menu'), update_id=37529995)
2025-06-21 20:44:06,622 - telegram.ext.ExtBot - DEBUG - Entering: send_message
2025-06-21 20:44:06,628 - httpcore.http11 - DEBUG - send_request_headers.started request=<Request [b'POST']>
2025-06-21 20:44:06,629 - httpcore.http11 - DEBUG - send_request_headers.started request=<Request [b'POST']>
2025-06-21 20:44:06,631 - httpcore.http11 - DEBUG - send_request_headers.complete
2025-06-21 20:44:06,631 - httpcore.http11 - DEBUG - send_request_body.started request=<Request [b'POST']>
2025-06-21 20:44:06,632 - httpcore.http11 - DEBUG - send_request_headers.complete
2025-06-21 20:44:06,633 - httpcore.http11 - DEBUG - send_request_body.started request=<Request [b'POST']>
2025-06-21 20:44:06,633 - httpcore.http11 - DEBUG - send_request_body.complete
2025-06-21 20:44:06,634 - httpcore.http11 - DEBUG - receive_response_headers.started request=<Request [b'POST']>
2025-06-21 20:44:06,635 - httpcore.http11 - DEBUG - send_request_body.complete
2025-06-21 20:44:06,635 - httpcore.http11 - DEBUG - receive_response_headers.started request=<Request [b'POST']>
2025-06-21 20:44:06,754 - httpcore.http11 - DEBUG - receive_response_headers.complete return_value=(b'HTTP/1.1', 200, b'OK', [(b'Server', b'nginx/1.18.0'), (b'Date', b'Sat, 21 Jun 2025 19:44:07 GMT'), (b'Content-Type', b'application/json'), (b'Content-Length', b'569'), (b'Connection', b'keep-alive'), (b'Strict-Transport-Security', b'max-age=31536000; includeSubDomains; preload'), (b'Access-Control-Allow-Origin', b'*'), (b'Access-Control-Allow-Methods', b'GET, POST, OPTIONS'), (b'Access-Control-Expose-Headers', b'Content-Length,Content-Type,Date,Server,Connection')])
2025-06-21 20:44:06,755 - httpx - INFO - HTTP Request: POST https://api.telegram.org/bot7707158318:AAE8rWa4Q8Z_3avql6K0HAmXaooZAReoNF0/sendMessage "HTTP/1.1 200 OK"
2025-06-21 20:44:06,758 - httpcore.http11 - DEBUG - receive_response_body.started request=<Request [b'POST']>
2025-06-21 20:44:06,760 - httpcore.http11 - DEBUG - receive_response_body.complete
2025-06-21 20:44:06,760 - httpcore.http11 - DEBUG - response_closed.started
2025-06-21 20:44:06,762 - httpcore.http11 - DEBUG - response_closed.complete
2025-06-21 20:44:06,765 - telegram.ext.ExtBot - DEBUG - Message(channel_chat_created=False, chat=Chat(first_name='Ghost', id=7049055170, last_name='Number1', type=<ChatType.PRIVATE>), date=datetime.datetime(2025, 6, 21, 19, 44, 7, tzinfo=<UTC>), delete_chat_photo=False, from_user=User(first_name='SPRD', id=7707158318, is_bot=True, username='tizi91Bot'), group_chat_created=False, message_id=5797, reply_markup=InlineKeyboardMarkup(inline_keyboard=((InlineKeyboardButton(callback_data='start_sniperx', text='🚀 Start SniperX'),), (InlineKeyboardButton(callback_data='stop_sniperx', text='🛑 Stop SniperX'), InlineKeyboardButton(callback_data='status_sniperx', text='📊 Status')), (InlineKeyboardButton(callback_data='show_balance', text='💰 Balance'),))), supergroup_chat_created=False, text='SniperX Bot Control Panel:')
2025-06-21 20:44:06,768 - telegram.ext.ExtBot - DEBUG - Exiting: send_message
2025-06-21 20:44:08,955 - httpcore.http11 - DEBUG - receive_response_headers.complete return_value=(b'HTTP/1.1', 200, b'OK', [(b'Server', b'nginx/1.18.0'), (b'Date', b'Sat, 21 Jun 2025 19:44:08 GMT'), (b'Content-Type', b'application/json'), (b'Content-Length', b'817'), (b'Connection', b'keep-alive'), (b'Strict-Transport-Security', b'max-age=31536000; includeSubDomains; preload'), (b'Access-Control-Allow-Origin', b'*'), (b'Access-Control-Allow-Methods', b'GET, POST, OPTIONS'), (b'Access-Control-Expose-Headers', b'Content-Length,Content-Type,Date,Server,Connection')])
2025-06-21 20:44:08,957 - httpx - INFO - HTTP Request: POST https://api.telegram.org/bot7707158318:AAE8rWa4Q8Z_3avql6K0HAmXaooZAReoNF0/getUpdates "HTTP/1.1 200 OK"
2025-06-21 20:44:08,960 - httpcore.http11 - DEBUG - receive_response_body.started request=<Request [b'POST']>
2025-06-21 20:44:08,962 - httpcore.http11 - DEBUG - receive_response_body.complete
2025-06-21 20:44:08,962 - httpcore.http11 - DEBUG - response_closed.started
2025-06-21 20:44:08,963 - httpcore.http11 - DEBUG - response_closed.complete
2025-06-21 20:44:08,964 - telegram.ext.ExtBot - DEBUG - Getting updates: [37529996]
2025-06-21 20:44:08,966 - telegram.ext.ExtBot - DEBUG - (Update(callback_query=CallbackQuery(chat_instance='-1307310250263184334', data='start_sniperx', from_user=User(first_name='Ghost', id=7049055170, is_bot=False, language_code='en', last_name='Number1'), id='2605345315746833222', message=Message(channel_chat_created=False, chat=Chat(first_name='Ghost', id=7049055170, last_name='Number1', type=<ChatType.PRIVATE>), date=datetime.datetime(2025, 6, 21, 19, 44, 7, tzinfo=<UTC>), delete_chat_photo=False, from_user=User(first_name='SPRD', id=7707158318, is_bot=True, username='tizi91Bot'), group_chat_created=False, message_id=5797, reply_markup=InlineKeyboardMarkup(inline_keyboard=((InlineKeyboardButton(callback_data='start_sniperx', text='🚀 Start SniperX'),), (InlineKeyboardButton(callback_data='stop_sniperx', text='🛑 Stop SniperX'), InlineKeyboardButton(callback_data='status_sniperx', text='📊 Status')), (InlineKeyboardButton(callback_data='show_balance', text='💰 Balance'),))), supergroup_chat_created=False, text='SniperX Bot Control Panel:')), update_id=37529996),)
2025-06-21 20:44:08,970 - telegram.ext.ExtBot - DEBUG - Exiting: get_updates
2025-06-21 20:44:08,971 - telegram.ext.ExtBot - DEBUG - Entering: get_updates
2025-06-21 20:44:08,973 - telegram.ext.Application - DEBUG - Processing update Update(callback_query=CallbackQuery(chat_instance='-1307310250263184334', data='start_sniperx', from_user=User(first_name='Ghost', id=7049055170, is_bot=False, language_code='en', last_name='Number1'), id='2605345315746833222', message=Message(channel_chat_created=False, chat=Chat(first_name='Ghost', id=7049055170, last_name='Number1', type=<ChatType.PRIVATE>), date=datetime.datetime(2025, 6, 21, 19, 44, 7, tzinfo=<UTC>), delete_chat_photo=False, from_user=User(first_name='SPRD', id=7707158318, is_bot=True, username='tizi91Bot'), group_chat_created=False, message_id=5797, reply_markup=InlineKeyboardMarkup(inline_keyboard=((InlineKeyboardButton(callback_data='start_sniperx', text='🚀 Start SniperX'),), (InlineKeyboardButton(callback_data='stop_sniperx', text='🛑 Stop SniperX'), InlineKeyboardButton(callback_data='status_sniperx', text='📊 Status')), (InlineKeyboardButton(callback_data='show_balance', text='💰 Balance'),))), supergroup_chat_created=False, text='SniperX Bot Control Panel:')), update_id=37529996)
2025-06-21 20:44:08,983 - __main__ - INFO - Button callback received: Update(callback_query=CallbackQuery(chat_instance='-1307310250263184334', data='start_sniperx', from_user=User(first_name='Ghost', id=7049055170, is_bot=False, language_code='en', last_name='Number1'), id='2605345315746833222', message=Message(channel_chat_created=False, chat=Chat(first_name='Ghost', id=7049055170, last_name='Number1', type=<ChatType.PRIVATE>), date=datetime.datetime(2025, 6, 21, 19, 44, 7, tzinfo=<UTC>), delete_chat_photo=False, from_user=User(first_name='SPRD', id=7707158318, is_bot=True, username='tizi91Bot'), group_chat_created=False, message_id=5797, reply_markup=InlineKeyboardMarkup(inline_keyboard=((InlineKeyboardButton(callback_data='start_sniperx', text='🚀 Start SniperX'),), (InlineKeyboardButton(callback_data='stop_sniperx', text='🛑 Stop SniperX'), InlineKeyboardButton(callback_data='status_sniperx', text='📊 Status')), (InlineKeyboardButton(callback_data='show_balance', text='💰 Balance'),))), supergroup_chat_created=False, text='SniperX Bot Control Panel:')), update_id=37529996)
2025-06-21 20:44:08,986 - telegram.ext.ExtBot - DEBUG - Entering: answer_callback_query
2025-06-21 20:44:09,000 - httpcore.http11 - DEBUG - send_request_headers.started request=<Request [b'POST']>
2025-06-21 20:44:09,001 - httpcore.http11 - DEBUG - send_request_headers.started request=<Request [b'POST']>
2025-06-21 20:44:09,004 - httpcore.http11 - DEBUG - send_request_headers.complete
2025-06-21 20:44:09,005 - httpcore.http11 - DEBUG - send_request_body.started request=<Request [b'POST']>
2025-06-21 20:44:09,009 - httpcore.http11 - DEBUG - send_request_headers.complete
2025-06-21 20:44:09,009 - httpcore.http11 - DEBUG - send_request_body.started request=<Request [b'POST']>
2025-06-21 20:44:09,010 - httpcore.http11 - DEBUG - send_request_body.complete
2025-06-21 20:44:09,011 - httpcore.http11 - DEBUG - receive_response_headers.started request=<Request [b'POST']>
2025-06-21 20:44:09,012 - httpcore.http11 - DEBUG - send_request_body.complete
2025-06-21 20:44:09,012 - httpcore.http11 - DEBUG - receive_response_headers.started request=<Request [b'POST']>
2025-06-21 20:44:09,123 - httpcore.http11 - DEBUG - receive_response_headers.complete return_value=(b'HTTP/1.1', 200, b'OK', [(b'Server', b'nginx/1.18.0'), (b'Date', b'Sat, 21 Jun 2025 19:44:09 GMT'), (b'Content-Type', b'application/json'), (b'Content-Length', b'25'), (b'Connection', b'keep-alive'), (b'Strict-Transport-Security', b'max-age=31536000; includeSubDomains; preload'), (b'Access-Control-Allow-Origin', b'*'), (b'Access-Control-Allow-Methods', b'GET, POST, OPTIONS'), (b'Access-Control-Expose-Headers', b'Content-Length,Content-Type,Date,Server,Connection')])
2025-06-21 20:44:09,124 - httpx - INFO - HTTP Request: POST https://api.telegram.org/bot7707158318:AAE8rWa4Q8Z_3avql6K0HAmXaooZAReoNF0/answerCallbackQuery "HTTP/1.1 200 OK"
2025-06-21 20:44:09,125 - httpcore.http11 - DEBUG - receive_response_body.started request=<Request [b'POST']>
2025-06-21 20:44:09,126 - httpcore.http11 - DEBUG - receive_response_body.complete
2025-06-21 20:44:09,126 - httpcore.http11 - DEBUG - response_closed.started
2025-06-21 20:44:09,128 - httpcore.http11 - DEBUG - response_closed.complete
2025-06-21 20:44:09,129 - telegram.ext.ExtBot - DEBUG - True
2025-06-21 20:44:09,129 - telegram.ext.ExtBot - DEBUG - Exiting: answer_callback_query
2025-06-21 20:44:09,130 - __main__ - INFO - Processing action: start_sniperx
2025-06-21 20:44:09,138 - telegram.ext.ExtBot - DEBUG - Entering: send_message
2025-06-21 20:44:09,146 - httpcore.http11 - DEBUG - send_request_headers.started request=<Request [b'POST']>
2025-06-21 20:44:09,149 - httpcore.http11 - DEBUG - send_request_headers.complete
2025-06-21 20:44:09,149 - httpcore.http11 - DEBUG - send_request_body.started request=<Request [b'POST']>
2025-06-21 20:44:09,152 - httpcore.http11 - DEBUG - send_request_body.complete
2025-06-21 20:44:09,153 - httpcore.http11 - DEBUG - receive_response_headers.started request=<Request [b'POST']>
2025-06-21 20:44:09,271 - httpcore.http11 - DEBUG - receive_response_headers.complete return_value=(b'HTTP/1.1', 200, b'OK', [(b'Server', b'nginx/1.18.0'), (b'Date', b'Sat, 21 Jun 2025 19:44:09 GMT'), (b'Content-Type', b'application/json'), (b'Content-Length', b'261'), (b'Connection', b'keep-alive'), (b'Strict-Transport-Security', b'max-age=31536000; includeSubDomains; preload'), (b'Access-Control-Allow-Origin', b'*'), (b'Access-Control-Allow-Methods', b'GET, POST, OPTIONS'), (b'Access-Control-Expose-Headers', b'Content-Length,Content-Type,Date,Server,Connection')])
2025-06-21 20:44:09,272 - httpx - INFO - HTTP Request: POST https://api.telegram.org/bot7707158318:AAE8rWa4Q8Z_3avql6K0HAmXaooZAReoNF0/sendMessage "HTTP/1.1 200 OK"
2025-06-21 20:44:09,274 - httpcore.http11 - DEBUG - receive_response_body.started request=<Request [b'POST']>
2025-06-21 20:44:09,275 - httpcore.http11 - DEBUG - receive_response_body.complete
2025-06-21 20:44:09,275 - httpcore.http11 - DEBUG - response_closed.started
2025-06-21 20:44:09,276 - httpcore.http11 - DEBUG - response_closed.complete
2025-06-21 20:44:09,279 - telegram.ext.ExtBot - DEBUG - Message(channel_chat_created=False, chat=Chat(first_name='Ghost', id=7049055170, last_name='Number1', type=<ChatType.PRIVATE>), date=datetime.datetime(2025, 6, 21, 19, 44, 9, tzinfo=<UTC>), delete_chat_photo=False, from_user=User(first_name='SPRD', id=7707158318, is_bot=True, username='tizi91Bot'), group_chat_created=False, message_id=5798, supergroup_chat_created=False, text='Starting wallet manager...')
2025-06-21 20:44:09,280 - telegram.ext.ExtBot - DEBUG - Exiting: send_message
2025-06-21 20:44:11,448 - telegram.ext.ExtBot - DEBUG - Entering: send_message
2025-06-21 20:44:11,451 - httpcore.http11 - DEBUG - send_request_headers.started request=<Request [b'POST']>
2025-06-21 20:44:11,454 - httpcore.http11 - DEBUG - send_request_headers.complete
2025-06-21 20:44:11,455 - httpcore.http11 - DEBUG - send_request_body.started request=<Request [b'POST']>
2025-06-21 20:44:11,456 - httpcore.http11 - DEBUG - send_request_body.complete
2025-06-21 20:44:11,456 - httpcore.http11 - DEBUG - receive_response_headers.started request=<Request [b'POST']>
2025-06-21 20:44:11,622 - httpcore.http11 - DEBUG - receive_response_headers.complete return_value=(b'HTTP/1.1', 200, b'OK', [(b'Server', b'nginx/1.18.0'), (b'Date', b'Sat, 21 Jun 2025 19:44:11 GMT'), (b'Content-Type', b'application/json'), (b'Content-Length', b'322'), (b'Connection', b'keep-alive'), (b'Strict-Transport-Security', b'max-age=31536000; includeSubDomains; preload'), (b'Access-Control-Allow-Origin', b'*'), (b'Access-Control-Allow-Methods', b'GET, POST, OPTIONS'), (b'Access-Control-Expose-Headers', b'Content-Length,Content-Type,Date,Server,Connection')])
2025-06-21 20:44:11,623 - httpx - INFO - HTTP Request: POST https://api.telegram.org/bot7707158318:AAE8rWa4Q8Z_3avql6K0HAmXaooZAReoNF0/sendMessage "HTTP/1.1 200 OK"
2025-06-21 20:44:11,624 - httpcore.http11 - DEBUG - receive_response_body.started request=<Request [b'POST']>
2025-06-21 20:44:11,624 - httpcore.http11 - DEBUG - receive_response_body.complete
2025-06-21 20:44:11,626 - httpcore.http11 - DEBUG - response_closed.started
2025-06-21 20:44:11,626 - httpcore.http11 - DEBUG - response_closed.complete
2025-06-21 20:44:11,629 - telegram.ext.ExtBot - DEBUG - Message(channel_chat_created=False, chat=Chat(first_name='Ghost', id=7049055170, last_name='Number1', type=<ChatType.PRIVATE>), date=datetime.datetime(2025, 6, 21, 19, 44, 11, tzinfo=<UTC>), delete_chat_photo=False, entities=(MessageEntity(length=5, offset=8, type=<MessageEntityType.URL>),), from_user=User(first_name='SPRD', id=7707158318, is_bot=True, username='tizi91Bot'), group_chat_created=False, message_id=5799, supergroup_chat_created=False, text='SniperX V2.py started with PID 11760.')
2025-06-21 20:44:11,630 - telegram.ext.ExtBot - DEBUG - Exiting: send_message
2025-06-21 20:44:11,630 - __main__ - INFO - SniperX V2.py started with PID 11760 by user tizi91Bot
2025-06-21 20:44:11,635 - telegram.ext.ExtBot - DEBUG - Entering: edit_message_text
2025-06-21 20:44:11,641 - httpcore.http11 - DEBUG - send_request_headers.started request=<Request [b'POST']>
2025-06-21 20:44:11,643 - httpcore.http11 - DEBUG - send_request_headers.complete
2025-06-21 20:44:11,644 - httpcore.http11 - DEBUG - send_request_body.started request=<Request [b'POST']>
2025-06-21 20:44:11,646 - httpcore.http11 - DEBUG - send_request_body.complete
2025-06-21 20:44:11,646 - httpcore.http11 - DEBUG - receive_response_headers.started request=<Request [b'POST']>
2025-06-21 20:44:11,752 - httpcore.http11 - DEBUG - receive_response_headers.complete return_value=(b'HTTP/1.1', 400, b'Bad Request', [(b'Server', b'nginx/1.18.0'), (b'Date', b'Sat, 21 Jun 2025 19:44:12 GMT'), (b'Content-Type', b'application/json'), (b'Content-Length', b'204'), (b'Connection', b'keep-alive'), (b'Strict-Transport-Security', b'max-age=31536000; includeSubDomains; preload'), (b'Access-Control-Allow-Origin', b'*'), (b'Access-Control-Expose-Headers', b'Content-Length,Content-Type,Date,Server,Connection')])
2025-06-21 20:44:11,754 - httpx - INFO - HTTP Request: POST https://api.telegram.org/bot7707158318:AAE8rWa4Q8Z_3avql6K0HAmXaooZAReoNF0/editMessageText "HTTP/1.1 400 Bad Request"
2025-06-21 20:44:11,755 - httpcore.http11 - DEBUG - receive_response_body.started request=<Request [b'POST']>
2025-06-21 20:44:11,756 - httpcore.http11 - DEBUG - receive_response_body.complete
2025-06-21 20:44:11,756 - httpcore.http11 - DEBUG - response_closed.started
2025-06-21 20:44:11,757 - httpcore.http11 - DEBUG - response_closed.complete
2025-06-21 20:44:11,758 - __main__ - ERROR - Error showing menu: Message is not modified: specified new message content and reply markup are exactly the same as a current content and reply markup of the message
2025-06-21 20:44:11,759 - telegram.ext.ExtBot - DEBUG - Entering: send_message
2025-06-21 20:44:11,763 - httpcore.http11 - DEBUG - send_request_headers.started request=<Request [b'POST']>
2025-06-21 20:44:11,766 - httpcore.http11 - DEBUG - send_request_headers.complete
2025-06-21 20:44:11,766 - httpcore.http11 - DEBUG - send_request_body.started request=<Request [b'POST']>
2025-06-21 20:44:11,767 - httpcore.http11 - DEBUG - send_request_body.complete
2025-06-21 20:44:11,768 - httpcore.http11 - DEBUG - receive_response_headers.started request=<Request [b'POST']>
2025-06-21 20:44:11,892 - httpcore.http11 - DEBUG - receive_response_headers.complete return_value=(b'HTTP/1.1', 200, b'OK', [(b'Server', b'nginx/1.18.0'), (b'Date', b'Sat, 21 Jun 2025 19:44:12 GMT'), (b'Content-Type', b'application/json'), (b'Content-Length', b'569'), (b'Connection', b'keep-alive'), (b'Strict-Transport-Security', b'max-age=31536000; includeSubDomains; preload'), (b'Access-Control-Allow-Origin', b'*'), (b'Access-Control-Allow-Methods', b'GET, POST, OPTIONS'), (b'Access-Control-Expose-Headers', b'Content-Length,Content-Type,Date,Server,Connection')])
2025-06-21 20:44:11,893 - httpx - INFO - HTTP Request: POST https://api.telegram.org/bot7707158318:AAE8rWa4Q8Z_3avql6K0HAmXaooZAReoNF0/sendMessage "HTTP/1.1 200 OK"
2025-06-21 20:44:11,895 - httpcore.http11 - DEBUG - receive_response_body.started request=<Request [b'POST']>
2025-06-21 20:44:11,895 - httpcore.http11 - DEBUG - receive_response_body.complete
2025-06-21 20:44:11,896 - httpcore.http11 - DEBUG - response_closed.started
2025-06-21 20:44:11,897 - httpcore.http11 - DEBUG - response_closed.complete
2025-06-21 20:44:11,900 - telegram.ext.ExtBot - DEBUG - Message(channel_chat_created=False, chat=Chat(first_name='Ghost', id=7049055170, last_name='Number1', type=<ChatType.PRIVATE>), date=datetime.datetime(2025, 6, 21, 19, 44, 12, tzinfo=<UTC>), delete_chat_photo=False, from_user=User(first_name='SPRD', id=7707158318, is_bot=True, username='tizi91Bot'), group_chat_created=False, message_id=5800, reply_markup=InlineKeyboardMarkup(inline_keyboard=((InlineKeyboardButton(callback_data='start_sniperx', text='🚀 Start SniperX'),), (InlineKeyboardButton(callback_data='stop_sniperx', text='🛑 Stop SniperX'), InlineKeyboardButton(callback_data='status_sniperx', text='📊 Status')), (InlineKeyboardButton(callback_data='show_balance', text='💰 Balance'),))), supergroup_chat_created=False, text='SniperX Bot Control Panel:')
2025-06-21 20:44:11,902 - telegram.ext.ExtBot - DEBUG - Exiting: send_message
2025-06-21 20:44:19,116 - httpcore.http11 - DEBUG - receive_response_headers.complete return_value=(b'HTTP/1.1', 200, b'OK', [(b'Server', b'nginx/1.18.0'), (b'Date', b'Sat, 21 Jun 2025 19:44:19 GMT'), (b'Content-Type', b'application/json'), (b'Content-Length', b'23'), (b'Connection', b'keep-alive'), (b'Strict-Transport-Security', b'max-age=31536000; includeSubDomains; preload'), (b'Access-Control-Allow-Origin', b'*'), (b'Access-Control-Allow-Methods', b'GET, POST, OPTIONS'), (b'Access-Control-Expose-Headers', b'Content-Length,Content-Type,Date,Server,Connection')])
2025-06-21 20:44:19,118 - httpx - INFO - HTTP Request: POST https://api.telegram.org/bot7707158318:AAE8rWa4Q8Z_3avql6K0HAmXaooZAReoNF0/getUpdates "HTTP/1.1 200 OK"
2025-06-21 20:44:19,119 - httpcore.http11 - DEBUG - receive_response_body.started request=<Request [b'POST']>
2025-06-21 20:44:19,120 - httpcore.http11 - DEBUG - receive_response_body.complete
2025-06-21 20:44:19,121 - httpcore.http11 - DEBUG - response_closed.started
2025-06-21 20:44:19,121 - httpcore.http11 - DEBUG - response_closed.complete
2025-06-21 20:44:19,123 - telegram.ext.ExtBot - DEBUG - No new updates found.
2025-06-21 20:44:19,123 - telegram.ext.ExtBot - DEBUG - ()
2025-06-21 20:44:19,123 - telegram.ext.ExtBot - DEBUG - Exiting: get_updates
2025-06-21 20:44:19,124 - telegram.ext.ExtBot - DEBUG - Entering: get_updates
2025-06-21 20:44:19,130 - httpcore.http11 - DEBUG - send_request_headers.started request=<Request [b'POST']>
2025-06-21 20:44:19,132 - httpcore.http11 - DEBUG - send_request_headers.complete
2025-06-21 20:44:19,133 - httpcore.http11 - DEBUG - send_request_body.started request=<Request [b'POST']>
2025-06-21 20:44:19,135 - httpcore.http11 - DEBUG - send_request_body.complete
2025-06-21 20:44:19,135 - httpcore.http11 - DEBUG - receive_response_headers.started request=<Request [b'POST']>
2025-06-21 20:44:29,431 - httpcore.http11 - DEBUG - receive_response_headers.complete return_value=(b'HTTP/1.1', 200, b'OK', [(b'Server', b'nginx/1.18.0'), (b'Date', b'Sat, 21 Jun 2025 19:44:29 GMT'), (b'Content-Type', b'application/json'), (b'Content-Length', b'23'), (b'Connection', b'keep-alive'), (b'Strict-Transport-Security', b'max-age=31536000; includeSubDomains; preload'), (b'Access-Control-Allow-Origin', b'*'), (b'Access-Control-Allow-Methods', b'GET, POST, OPTIONS'), (b'Access-Control-Expose-Headers', b'Content-Length,Content-Type,Date,Server,Connection')])
2025-06-21 20:44:29,432 - httpx - INFO - HTTP Request: POST https://api.telegram.org/bot7707158318:AAE8rWa4Q8Z_3avql6K0HAmXaooZAReoNF0/getUpdates "HTTP/1.1 200 OK"
2025-06-21 20:44:29,433 - httpcore.http11 - DEBUG - receive_response_body.started request=<Request [b'POST']>
2025-06-21 20:44:29,433 - httpcore.http11 - DEBUG - receive_response_body.complete
2025-06-21 20:44:29,433 - httpcore.http11 - DEBUG - response_closed.started
2025-06-21 20:44:29,435 - httpcore.http11 - DEBUG - response_closed.complete
2025-06-21 20:44:29,435 - telegram.ext.ExtBot - DEBUG - No new updates found.
2025-06-21 20:44:29,435 - telegram.ext.ExtBot - DEBUG - ()
2025-06-21 20:44:29,435 - telegram.ext.ExtBot - DEBUG - Exiting: get_updates
2025-06-21 20:44:29,435 - telegram.ext.ExtBot - DEBUG - Entering: get_updates
2025-06-21 20:44:29,439 - httpcore.http11 - DEBUG - send_request_headers.started request=<Request [b'POST']>
2025-06-21 20:44:29,441 - httpcore.http11 - DEBUG - send_request_headers.complete
2025-06-21 20:44:29,441 - httpcore.http11 - DEBUG - send_request_body.started request=<Request [b'POST']>
2025-06-21 20:44:29,442 - httpcore.http11 - DEBUG - send_request_body.complete
2025-06-21 20:44:29,442 - httpcore.http11 - DEBUG - receive_response_headers.started request=<Request [b'POST']>
2025-06-21 20:44:39,569 - httpcore.http11 - DEBUG - receive_response_headers.complete return_value=(b'HTTP/1.1', 200, b'OK', [(b'Server', b'nginx/1.18.0'), (b'Date', b'Sat, 21 Jun 2025 19:44:39 GMT'), (b'Content-Type', b'application/json'), (b'Content-Length', b'23'), (b'Connection', b'keep-alive'), (b'Strict-Transport-Security', b'max-age=31536000; includeSubDomains; preload'), (b'Access-Control-Allow-Origin', b'*'), (b'Access-Control-Allow-Methods', b'GET, POST, OPTIONS'), (b'Access-Control-Expose-Headers', b'Content-Length,Content-Type,Date,Server,Connection')])
2025-06-21 20:44:39,570 - httpx - INFO - HTTP Request: POST https://api.telegram.org/bot7707158318:AAE8rWa4Q8Z_3avql6K0HAmXaooZAReoNF0/getUpdates "HTTP/1.1 200 OK"
2025-06-21 20:44:39,570 - httpcore.http11 - DEBUG - receive_response_body.started request=<Request [b'POST']>
2025-06-21 20:44:39,570 - httpcore.http11 - DEBUG - receive_response_body.complete
2025-06-21 20:44:39,572 - httpcore.http11 - DEBUG - response_closed.started
2025-06-21 20:44:39,572 - httpcore.http11 - DEBUG - response_closed.complete
2025-06-21 20:44:39,573 - telegram.ext.ExtBot - DEBUG - No new updates found.
2025-06-21 20:44:39,574 - telegram.ext.ExtBot - DEBUG - ()
2025-06-21 20:44:39,574 - telegram.ext.ExtBot - DEBUG - Exiting: get_updates
2025-06-21 20:44:39,574 - telegram.ext.ExtBot - DEBUG - Entering: get_updates
2025-06-21 20:44:39,576 - httpcore.http11 - DEBUG - send_request_headers.started request=<Request [b'POST']>
2025-06-21 20:44:39,578 - httpcore.http11 - DEBUG - send_request_headers.complete
2025-06-21 20:44:39,578 - httpcore.http11 - DEBUG - send_request_body.started request=<Request [b'POST']>
2025-06-21 20:44:39,578 - httpcore.http11 - DEBUG - send_request_body.complete
2025-06-21 20:44:39,580 - httpcore.http11 - DEBUG - receive_response_headers.started request=<Request [b'POST']>
