2025-06-24 11:22:26,837 - asyncio - DEBUG - Using proactor: IocpProactor
2025-06-24 11:22:26,841 - httpx - DEBUG - load_ssl_context verify=True cert=None trust_env=True http2=False
2025-06-24 11:22:26,842 - httpx - DEBUG - load_verify_locations cafile='c:\\Users\\Rachid Aitali\\OneDrive - 4JM Solutions Limited\\Desktop\\SniperX\\SniperX\\.venv\\lib\\site-packages\\certifi\\cacert.pem'
2025-06-24 11:22:26,870 - httpx - DEBUG - load_ssl_context verify=True cert=None trust_env=True http2=False
2025-06-24 11:22:26,871 - httpx - DEBUG - load_verify_locations cafile='c:\\Users\\Rachid Aitali\\OneDrive - 4JM Solutions Limited\\Desktop\\SniperX\\SniperX\\.venv\\lib\\site-packages\\certifi\\cacert.pem'
2025-06-24 11:22:26,880 - __main__ - INFO - Telegram Manager Bot started. Send /menu to interact.
2025-06-24 11:22:26,882 - telegram.ext.ExtBot - DEBUG - Entering: send_message
2025-06-24 11:22:26,910 - httpcore.connection - DEBUG - connect_tcp.started host='api.telegram.org' port=443 local_address=None timeout=5.0 socket_options=None
2025-06-24 11:22:27,009 - httpcore.connection - DEBUG - connect_tcp.complete return_value=<httpcore._backends.anyio.AnyIOStream object at 0x000002827EC8ABC0>
2025-06-24 11:22:27,009 - httpcore.connection - DEBUG - start_tls.started ssl_context=<ssl.SSLContext object at 0x000002827EBE9AC0> server_hostname='api.telegram.org' timeout=5.0
2025-06-24 11:22:27,085 - httpcore.connection - DEBUG - start_tls.complete return_value=<httpcore._backends.anyio.AnyIOStream object at 0x000002827EC8B430>
2025-06-24 11:22:27,086 - httpcore.http11 - DEBUG - send_request_headers.started request=<Request [b'POST']>
2025-06-24 11:22:27,087 - httpcore.http11 - DEBUG - send_request_headers.complete
2025-06-24 11:22:27,087 - httpcore.http11 - DEBUG - send_request_body.started request=<Request [b'POST']>
2025-06-24 11:22:27,088 - httpcore.http11 - DEBUG - send_request_body.complete
2025-06-24 11:22:27,088 - httpcore.http11 - DEBUG - receive_response_headers.started request=<Request [b'POST']>
2025-06-24 11:22:27,192 - httpcore.http11 - DEBUG - receive_response_headers.complete return_value=(b'HTTP/1.1', 200, b'OK', [(b'Server', b'nginx/1.18.0'), (b'Date', b'Tue, 24 Jun 2025 10:22:28 GMT'), (b'Content-Type', b'application/json'), (b'Content-Length', b'352'), (b'Connection', b'keep-alive'), (b'Strict-Transport-Security', b'max-age=31536000; includeSubDomains; preload'), (b'Access-Control-Allow-Origin', b'*'), (b'Access-Control-Allow-Methods', b'GET, POST, OPTIONS'), (b'Access-Control-Expose-Headers', b'Content-Length,Content-Type,Date,Server,Connection')])
2025-06-24 11:22:27,195 - httpx - INFO - HTTP Request: POST https://api.telegram.org/bot7707158318:AAE8rWa4Q8Z_3avql6K0HAmXaooZAReoNF0/sendMessage "HTTP/1.1 200 OK"
2025-06-24 11:22:27,196 - httpcore.http11 - DEBUG - receive_response_body.started request=<Request [b'POST']>
2025-06-24 11:22:27,197 - httpcore.http11 - DEBUG - receive_response_body.complete
2025-06-24 11:22:27,197 - httpcore.http11 - DEBUG - response_closed.started
2025-06-24 11:22:27,197 - httpcore.http11 - DEBUG - response_closed.complete
2025-06-24 11:22:27,200 - telegram.ext.ExtBot - DEBUG - Message(channel_chat_created=False, chat=Chat(first_name='Ghost', id=7049055170, last_name='Number1', type=<ChatType.PRIVATE>), date=datetime.datetime(2025, 6, 24, 10, 22, 28, tzinfo=<UTC>), delete_chat_photo=False, entities=(MessageEntity(length=5, offset=36, type=<MessageEntityType.BOT_COMMAND>),), from_user=User(first_name='SPRD', id=7707158318, is_bot=True, username='tizi91Bot'), group_chat_created=False, message_id=11944, supergroup_chat_created=False, text='SniperX Control Bot is online! Send /menu to see options.')
2025-06-24 11:22:27,202 - telegram.ext.ExtBot - DEBUG - Exiting: send_message
2025-06-24 11:22:27,202 - telegram.ext.ExtBot - DEBUG - Entering: get_me
2025-06-24 11:22:27,206 - httpcore.http11 - DEBUG - send_request_headers.started request=<Request [b'POST']>
2025-06-24 11:22:27,206 - httpcore.http11 - DEBUG - send_request_headers.complete
2025-06-24 11:22:27,206 - httpcore.http11 - DEBUG - send_request_body.started request=<Request [b'POST']>
2025-06-24 11:22:27,208 - httpcore.http11 - DEBUG - send_request_body.complete
2025-06-24 11:22:27,208 - httpcore.http11 - DEBUG - receive_response_headers.started request=<Request [b'POST']>
2025-06-24 11:22:27,272 - httpcore.http11 - DEBUG - receive_response_headers.complete return_value=(b'HTTP/1.1', 200, b'OK', [(b'Server', b'nginx/1.18.0'), (b'Date', b'Tue, 24 Jun 2025 10:22:28 GMT'), (b'Content-Type', b'application/json'), (b'Content-Length', b'243'), (b'Connection', b'keep-alive'), (b'Strict-Transport-Security', b'max-age=31536000; includeSubDomains; preload'), (b'Access-Control-Allow-Origin', b'*'), (b'Access-Control-Allow-Methods', b'GET, POST, OPTIONS'), (b'Access-Control-Expose-Headers', b'Content-Length,Content-Type,Date,Server,Connection')])
2025-06-24 11:22:27,273 - httpx - INFO - HTTP Request: POST https://api.telegram.org/bot7707158318:AAE8rWa4Q8Z_3avql6K0HAmXaooZAReoNF0/getMe "HTTP/1.1 200 OK"
2025-06-24 11:22:27,275 - httpcore.http11 - DEBUG - receive_response_body.started request=<Request [b'POST']>
2025-06-24 11:22:27,275 - httpcore.http11 - DEBUG - receive_response_body.complete
2025-06-24 11:22:27,275 - httpcore.http11 - DEBUG - response_closed.started
2025-06-24 11:22:27,276 - httpcore.http11 - DEBUG - response_closed.complete
2025-06-24 11:22:27,276 - telegram.ext.ExtBot - DEBUG - User(api_kwargs={'can_connect_to_business': False, 'has_main_web_app': False}, can_join_groups=True, can_read_all_group_messages=False, first_name='SPRD', id=7707158318, is_bot=True, supports_inline_queries=False, username='tizi91Bot')
2025-06-24 11:22:27,276 - telegram.ext.ExtBot - DEBUG - Exiting: get_me
2025-06-24 11:22:27,276 - telegram.ext.ExtBot - DEBUG - This Bot is already initialized.
2025-06-24 11:22:27,276 - telegram.ext.Updater - DEBUG - Updater started (polling)
2025-06-24 11:22:27,277 - telegram.ext.Updater - DEBUG - Start network loop retry bootstrap del webhook
2025-06-24 11:22:27,277 - telegram.ext.Updater - DEBUG - Deleting webhook
2025-06-24 11:22:27,277 - telegram.ext.ExtBot - DEBUG - Entering: delete_webhook
2025-06-24 11:22:27,278 - httpcore.http11 - DEBUG - send_request_headers.started request=<Request [b'POST']>
2025-06-24 11:22:27,278 - httpcore.http11 - DEBUG - send_request_headers.complete
2025-06-24 11:22:27,278 - httpcore.http11 - DEBUG - send_request_body.started request=<Request [b'POST']>
2025-06-24 11:22:27,279 - httpcore.http11 - DEBUG - send_request_body.complete
2025-06-24 11:22:27,279 - httpcore.http11 - DEBUG - receive_response_headers.started request=<Request [b'POST']>
2025-06-24 11:22:27,332 - httpcore.http11 - DEBUG - receive_response_headers.complete return_value=(b'HTTP/1.1', 200, b'OK', [(b'Server', b'nginx/1.18.0'), (b'Date', b'Tue, 24 Jun 2025 10:22:28 GMT'), (b'Content-Type', b'application/json'), (b'Content-Length', b'68'), (b'Connection', b'keep-alive'), (b'Strict-Transport-Security', b'max-age=31536000; includeSubDomains; preload'), (b'Access-Control-Allow-Origin', b'*'), (b'Access-Control-Allow-Methods', b'GET, POST, OPTIONS'), (b'Access-Control-Expose-Headers', b'Content-Length,Content-Type,Date,Server,Connection')])
2025-06-24 11:22:27,333 - httpx - INFO - HTTP Request: POST https://api.telegram.org/bot7707158318:AAE8rWa4Q8Z_3avql6K0HAmXaooZAReoNF0/deleteWebhook "HTTP/1.1 200 OK"
2025-06-24 11:22:27,333 - httpcore.http11 - DEBUG - receive_response_body.started request=<Request [b'POST']>
2025-06-24 11:22:27,333 - httpcore.http11 - DEBUG - receive_response_body.complete
2025-06-24 11:22:27,334 - httpcore.http11 - DEBUG - response_closed.started
2025-06-24 11:22:27,334 - httpcore.http11 - DEBUG - response_closed.complete
2025-06-24 11:22:27,334 - telegram.ext.ExtBot - DEBUG - True
2025-06-24 11:22:27,334 - telegram.ext.ExtBot - DEBUG - Exiting: delete_webhook
2025-06-24 11:22:27,334 - telegram.ext.Updater - DEBUG - Bootstrap done
2025-06-24 11:22:27,334 - telegram.ext.Updater - DEBUG - Waiting for polling to start
2025-06-24 11:22:27,334 - telegram.ext.Updater - DEBUG - Polling updates from Telegram started
2025-06-24 11:22:27,335 - telegram.ext.Updater - DEBUG - Start network loop retry getting Updates
2025-06-24 11:22:27,335 - telegram.ext.ExtBot - DEBUG - Entering: get_updates
2025-06-24 11:22:27,337 - telegram.ext.Application - INFO - Application started
2025-06-24 11:22:27,337 - httpcore.connection - DEBUG - connect_tcp.started host='api.telegram.org' port=443 local_address=None timeout=5.0 socket_options=None
2025-06-24 11:22:27,395 - httpcore.connection - DEBUG - connect_tcp.complete return_value=<httpcore._backends.anyio.AnyIOStream object at 0x000002827ECE29B0>
2025-06-24 11:22:27,395 - httpcore.connection - DEBUG - start_tls.started ssl_context=<ssl.SSLContext object at 0x000002827EBE9BC0> server_hostname='api.telegram.org' timeout=5.0
2025-06-24 11:22:27,569 - httpcore.connection - DEBUG - start_tls.complete return_value=<httpcore._backends.anyio.AnyIOStream object at 0x000002827ECE2860>
2025-06-24 11:22:27,570 - httpcore.http11 - DEBUG - send_request_headers.started request=<Request [b'POST']>
2025-06-24 11:22:27,571 - httpcore.http11 - DEBUG - send_request_headers.complete
2025-06-24 11:22:27,571 - httpcore.http11 - DEBUG - send_request_body.started request=<Request [b'POST']>
2025-06-24 11:22:27,571 - httpcore.http11 - DEBUG - send_request_body.complete
2025-06-24 11:22:27,571 - httpcore.http11 - DEBUG - receive_response_headers.started request=<Request [b'POST']>
2025-06-24 11:22:37,648 - httpcore.http11 - DEBUG - receive_response_headers.complete return_value=(b'HTTP/1.1', 200, b'OK', [(b'Server', b'nginx/1.18.0'), (b'Date', b'Tue, 24 Jun 2025 10:22:38 GMT'), (b'Content-Type', b'application/json'), (b'Content-Length', b'23'), (b'Connection', b'keep-alive'), (b'Strict-Transport-Security', b'max-age=31536000; includeSubDomains; preload'), (b'Access-Control-Allow-Origin', b'*'), (b'Access-Control-Allow-Methods', b'GET, POST, OPTIONS'), (b'Access-Control-Expose-Headers', b'Content-Length,Content-Type,Date,Server,Connection')])
2025-06-24 11:22:37,649 - httpx - INFO - HTTP Request: POST https://api.telegram.org/bot7707158318:AAE8rWa4Q8Z_3avql6K0HAmXaooZAReoNF0/getUpdates "HTTP/1.1 200 OK"
2025-06-24 11:22:37,651 - httpcore.http11 - DEBUG - receive_response_body.started request=<Request [b'POST']>
2025-06-24 11:22:37,651 - httpcore.http11 - DEBUG - receive_response_body.complete
2025-06-24 11:22:37,653 - httpcore.http11 - DEBUG - response_closed.started
2025-06-24 11:22:37,653 - httpcore.http11 - DEBUG - response_closed.complete
2025-06-24 11:22:37,653 - telegram.ext.ExtBot - DEBUG - No new updates found.
2025-06-24 11:22:37,655 - telegram.ext.ExtBot - DEBUG - ()
2025-06-24 11:22:37,655 - telegram.ext.ExtBot - DEBUG - Exiting: get_updates
2025-06-24 11:22:37,655 - telegram.ext.ExtBot - DEBUG - Entering: get_updates
2025-06-24 11:22:37,658 - httpcore.http11 - DEBUG - send_request_headers.started request=<Request [b'POST']>
2025-06-24 11:22:37,659 - httpcore.http11 - DEBUG - send_request_headers.complete
2025-06-24 11:22:37,659 - httpcore.http11 - DEBUG - send_request_body.started request=<Request [b'POST']>
2025-06-24 11:22:37,660 - httpcore.http11 - DEBUG - send_request_body.complete
2025-06-24 11:22:37,660 - httpcore.http11 - DEBUG - receive_response_headers.started request=<Request [b'POST']>
2025-06-24 11:22:45,140 - httpcore.http11 - DEBUG - receive_response_headers.complete return_value=(b'HTTP/1.1', 200, b'OK', [(b'Server', b'nginx/1.18.0'), (b'Date', b'Tue, 24 Jun 2025 10:22:46 GMT'), (b'Content-Type', b'application/json'), (b'Content-Length', b'357'), (b'Connection', b'keep-alive'), (b'Strict-Transport-Security', b'max-age=31536000; includeSubDomains; preload'), (b'Access-Control-Allow-Origin', b'*'), (b'Access-Control-Allow-Methods', b'GET, POST, OPTIONS'), (b'Access-Control-Expose-Headers', b'Content-Length,Content-Type,Date,Server,Connection')])
2025-06-24 11:22:45,140 - httpx - INFO - HTTP Request: POST https://api.telegram.org/bot7707158318:AAE8rWa4Q8Z_3avql6K0HAmXaooZAReoNF0/getUpdates "HTTP/1.1 200 OK"
2025-06-24 11:22:45,143 - httpcore.http11 - DEBUG - receive_response_body.started request=<Request [b'POST']>
2025-06-24 11:22:45,144 - httpcore.http11 - DEBUG - receive_response_body.complete
2025-06-24 11:22:45,144 - httpcore.http11 - DEBUG - response_closed.started
2025-06-24 11:22:45,144 - httpcore.http11 - DEBUG - response_closed.complete
2025-06-24 11:22:45,144 - telegram.ext.ExtBot - DEBUG - Getting updates: [37530149]
2025-06-24 11:22:45,144 - telegram.ext.ExtBot - DEBUG - (Update(message=Message(channel_chat_created=False, chat=Chat(first_name='Ghost', id=7049055170, last_name='Number1', type=<ChatType.PRIVATE>), date=datetime.datetime(2025, 6, 24, 10, 22, 46, tzinfo=<UTC>), delete_chat_photo=False, entities=(MessageEntity(length=5, offset=0, type=<MessageEntityType.BOT_COMMAND>),), from_user=User(first_name='Ghost', id=7049055170, is_bot=False, language_code='en', last_name='Number1'), group_chat_created=False, message_id=11945, supergroup_chat_created=False, text='/menu'), update_id=37530149),)
2025-06-24 11:22:45,146 - telegram.ext.ExtBot - DEBUG - Exiting: get_updates
2025-06-24 11:22:45,147 - telegram.ext.ExtBot - DEBUG - Entering: get_updates
2025-06-24 11:22:45,149 - telegram.ext.Application - DEBUG - Processing update Update(message=Message(channel_chat_created=False, chat=Chat(first_name='Ghost', id=7049055170, last_name='Number1', type=<ChatType.PRIVATE>), date=datetime.datetime(2025, 6, 24, 10, 22, 46, tzinfo=<UTC>), delete_chat_photo=False, entities=(MessageEntity(length=5, offset=0, type=<MessageEntityType.BOT_COMMAND>),), from_user=User(first_name='Ghost', id=7049055170, is_bot=False, language_code='en', last_name='Number1'), group_chat_created=False, message_id=11945, supergroup_chat_created=False, text='/menu'), update_id=37530149)
2025-06-24 11:22:45,149 - telegram.ext.ExtBot - DEBUG - Entering: send_message
2025-06-24 11:22:45,153 - httpcore.connection - DEBUG - close.started
2025-06-24 11:22:45,155 - httpcore.connection - DEBUG - close.complete
2025-06-24 11:22:45,155 - httpcore.http11 - DEBUG - send_request_headers.started request=<Request [b'POST']>
2025-06-24 11:22:45,155 - httpcore.connection - DEBUG - connect_tcp.started host='api.telegram.org' port=443 local_address=None timeout=5.0 socket_options=None
2025-06-24 11:22:45,155 - httpcore.http11 - DEBUG - send_request_headers.complete
2025-06-24 11:22:45,155 - httpcore.http11 - DEBUG - send_request_body.started request=<Request [b'POST']>
2025-06-24 11:22:45,155 - httpcore.http11 - DEBUG - send_request_body.complete
2025-06-24 11:22:45,155 - httpcore.http11 - DEBUG - receive_response_headers.started request=<Request [b'POST']>
2025-06-24 11:22:45,218 - httpcore.connection - DEBUG - connect_tcp.complete return_value=<httpcore._backends.anyio.AnyIOStream object at 0x000002827ECE0F10>
2025-06-24 11:22:45,218 - httpcore.connection - DEBUG - start_tls.started ssl_context=<ssl.SSLContext object at 0x000002827EBE9AC0> server_hostname='api.telegram.org' timeout=5.0
2025-06-24 11:22:45,301 - httpcore.connection - DEBUG - start_tls.complete return_value=<httpcore._backends.anyio.AnyIOStream object at 0x000002827ECE0EE0>
2025-06-24 11:22:45,303 - httpcore.http11 - DEBUG - send_request_headers.started request=<Request [b'POST']>
2025-06-24 11:22:45,304 - httpcore.http11 - DEBUG - send_request_headers.complete
2025-06-24 11:22:45,304 - httpcore.http11 - DEBUG - send_request_body.started request=<Request [b'POST']>
2025-06-24 11:22:45,307 - httpcore.http11 - DEBUG - send_request_body.complete
2025-06-24 11:22:45,307 - httpcore.http11 - DEBUG - receive_response_headers.started request=<Request [b'POST']>
2025-06-24 11:22:45,431 - httpcore.http11 - DEBUG - receive_response_headers.complete return_value=(b'HTTP/1.1', 200, b'OK', [(b'Server', b'nginx/1.18.0'), (b'Date', b'Tue, 24 Jun 2025 10:22:46 GMT'), (b'Content-Type', b'application/json'), (b'Content-Length', b'570'), (b'Connection', b'keep-alive'), (b'Strict-Transport-Security', b'max-age=31536000; includeSubDomains; preload'), (b'Access-Control-Allow-Origin', b'*'), (b'Access-Control-Allow-Methods', b'GET, POST, OPTIONS'), (b'Access-Control-Expose-Headers', b'Content-Length,Content-Type,Date,Server,Connection')])
2025-06-24 11:22:45,433 - httpx - INFO - HTTP Request: POST https://api.telegram.org/bot7707158318:AAE8rWa4Q8Z_3avql6K0HAmXaooZAReoNF0/sendMessage "HTTP/1.1 200 OK"
2025-06-24 11:22:45,433 - httpcore.http11 - DEBUG - receive_response_body.started request=<Request [b'POST']>
2025-06-24 11:22:45,435 - httpcore.http11 - DEBUG - receive_response_body.complete
2025-06-24 11:22:45,435 - httpcore.http11 - DEBUG - response_closed.started
2025-06-24 11:22:45,435 - httpcore.http11 - DEBUG - response_closed.complete
2025-06-24 11:22:45,438 - telegram.ext.ExtBot - DEBUG - Message(channel_chat_created=False, chat=Chat(first_name='Ghost', id=7049055170, last_name='Number1', type=<ChatType.PRIVATE>), date=datetime.datetime(2025, 6, 24, 10, 22, 46, tzinfo=<UTC>), delete_chat_photo=False, from_user=User(first_name='SPRD', id=7707158318, is_bot=True, username='tizi91Bot'), group_chat_created=False, message_id=11946, reply_markup=InlineKeyboardMarkup(inline_keyboard=((InlineKeyboardButton(callback_data='start_sniperx', text='🚀 Start SniperX'),), (InlineKeyboardButton(callback_data='stop_sniperx', text='🛑 Stop SniperX'), InlineKeyboardButton(callback_data='status_sniperx', text='📊 Status')), (InlineKeyboardButton(callback_data='show_balance', text='💰 Balance'),))), supergroup_chat_created=False, text='SniperX Bot Control Panel:')
2025-06-24 11:22:45,440 - telegram.ext.ExtBot - DEBUG - Exiting: send_message
2025-06-24 11:22:46,927 - httpcore.http11 - DEBUG - receive_response_headers.complete return_value=(b'HTTP/1.1', 200, b'OK', [(b'Server', b'nginx/1.18.0'), (b'Date', b'Tue, 24 Jun 2025 10:22:47 GMT'), (b'Content-Type', b'application/json'), (b'Content-Length', b'818'), (b'Connection', b'keep-alive'), (b'Strict-Transport-Security', b'max-age=31536000; includeSubDomains; preload'), (b'Access-Control-Allow-Origin', b'*'), (b'Access-Control-Allow-Methods', b'GET, POST, OPTIONS'), (b'Access-Control-Expose-Headers', b'Content-Length,Content-Type,Date,Server,Connection')])
2025-06-24 11:22:46,932 - httpx - INFO - HTTP Request: POST https://api.telegram.org/bot7707158318:AAE8rWa4Q8Z_3avql6K0HAmXaooZAReoNF0/getUpdates "HTTP/1.1 200 OK"
2025-06-24 11:22:46,933 - httpcore.http11 - DEBUG - receive_response_body.started request=<Request [b'POST']>
2025-06-24 11:22:46,933 - httpcore.http11 - DEBUG - receive_response_body.complete
2025-06-24 11:22:46,933 - httpcore.http11 - DEBUG - response_closed.started
2025-06-24 11:22:46,933 - httpcore.http11 - DEBUG - response_closed.complete
2025-06-24 11:22:46,934 - telegram.ext.ExtBot - DEBUG - Getting updates: [37530150]
2025-06-24 11:22:46,934 - telegram.ext.ExtBot - DEBUG - (Update(callback_query=CallbackQuery(chat_instance='-1307310250263184334', data='start_sniperx', from_user=User(first_name='Ghost', id=7049055170, is_bot=False, language_code='en', last_name='Number1'), id='2605345315892235820', message=Message(channel_chat_created=False, chat=Chat(first_name='Ghost', id=7049055170, last_name='Number1', type=<ChatType.PRIVATE>), date=datetime.datetime(2025, 6, 24, 10, 22, 46, tzinfo=<UTC>), delete_chat_photo=False, from_user=User(first_name='SPRD', id=7707158318, is_bot=True, username='tizi91Bot'), group_chat_created=False, message_id=11946, reply_markup=InlineKeyboardMarkup(inline_keyboard=((InlineKeyboardButton(callback_data='start_sniperx', text='🚀 Start SniperX'),), (InlineKeyboardButton(callback_data='stop_sniperx', text='🛑 Stop SniperX'), InlineKeyboardButton(callback_data='status_sniperx', text='📊 Status')), (InlineKeyboardButton(callback_data='show_balance', text='💰 Balance'),))), supergroup_chat_created=False, text='SniperX Bot Control Panel:')), update_id=37530150),)
2025-06-24 11:22:46,939 - telegram.ext.ExtBot - DEBUG - Exiting: get_updates
2025-06-24 11:22:46,939 - telegram.ext.ExtBot - DEBUG - Entering: get_updates
2025-06-24 11:22:46,940 - telegram.ext.Application - DEBUG - Processing update Update(callback_query=CallbackQuery(chat_instance='-1307310250263184334', data='start_sniperx', from_user=User(first_name='Ghost', id=7049055170, is_bot=False, language_code='en', last_name='Number1'), id='2605345315892235820', message=Message(channel_chat_created=False, chat=Chat(first_name='Ghost', id=7049055170, last_name='Number1', type=<ChatType.PRIVATE>), date=datetime.datetime(2025, 6, 24, 10, 22, 46, tzinfo=<UTC>), delete_chat_photo=False, from_user=User(first_name='SPRD', id=7707158318, is_bot=True, username='tizi91Bot'), group_chat_created=False, message_id=11946, reply_markup=InlineKeyboardMarkup(inline_keyboard=((InlineKeyboardButton(callback_data='start_sniperx', text='🚀 Start SniperX'),), (InlineKeyboardButton(callback_data='stop_sniperx', text='🛑 Stop SniperX'), InlineKeyboardButton(callback_data='status_sniperx', text='📊 Status')), (InlineKeyboardButton(callback_data='show_balance', text='💰 Balance'),))), supergroup_chat_created=False, text='SniperX Bot Control Panel:')), update_id=37530150)
2025-06-24 11:22:46,944 - __main__ - INFO - Button callback received: Update(callback_query=CallbackQuery(chat_instance='-1307310250263184334', data='start_sniperx', from_user=User(first_name='Ghost', id=7049055170, is_bot=False, language_code='en', last_name='Number1'), id='2605345315892235820', message=Message(channel_chat_created=False, chat=Chat(first_name='Ghost', id=7049055170, last_name='Number1', type=<ChatType.PRIVATE>), date=datetime.datetime(2025, 6, 24, 10, 22, 46, tzinfo=<UTC>), delete_chat_photo=False, from_user=User(first_name='SPRD', id=7707158318, is_bot=True, username='tizi91Bot'), group_chat_created=False, message_id=11946, reply_markup=InlineKeyboardMarkup(inline_keyboard=((InlineKeyboardButton(callback_data='start_sniperx', text='🚀 Start SniperX'),), (InlineKeyboardButton(callback_data='stop_sniperx', text='🛑 Stop SniperX'), InlineKeyboardButton(callback_data='status_sniperx', text='📊 Status')), (InlineKeyboardButton(callback_data='show_balance', text='💰 Balance'),))), supergroup_chat_created=False, text='SniperX Bot Control Panel:')), update_id=37530150)
2025-06-24 11:22:46,944 - telegram.ext.ExtBot - DEBUG - Entering: answer_callback_query
2025-06-24 11:22:46,951 - httpcore.http11 - DEBUG - send_request_headers.started request=<Request [b'POST']>
2025-06-24 11:22:46,951 - httpcore.http11 - DEBUG - send_request_headers.started request=<Request [b'POST']>
2025-06-24 11:22:46,951 - httpcore.http11 - DEBUG - send_request_headers.complete
2025-06-24 11:22:46,951 - httpcore.http11 - DEBUG - send_request_body.started request=<Request [b'POST']>
2025-06-24 11:22:46,952 - httpcore.http11 - DEBUG - send_request_headers.complete
2025-06-24 11:22:46,952 - httpcore.http11 - DEBUG - send_request_body.started request=<Request [b'POST']>
2025-06-24 11:22:46,952 - httpcore.http11 - DEBUG - send_request_body.complete
2025-06-24 11:22:46,953 - httpcore.http11 - DEBUG - receive_response_headers.started request=<Request [b'POST']>
2025-06-24 11:22:46,953 - httpcore.http11 - DEBUG - send_request_body.complete
2025-06-24 11:22:46,953 - httpcore.http11 - DEBUG - receive_response_headers.started request=<Request [b'POST']>
2025-06-24 11:22:47,081 - httpcore.http11 - DEBUG - receive_response_headers.complete return_value=(b'HTTP/1.1', 200, b'OK', [(b'Server', b'nginx/1.18.0'), (b'Date', b'Tue, 24 Jun 2025 10:22:48 GMT'), (b'Content-Type', b'application/json'), (b'Content-Length', b'25'), (b'Connection', b'keep-alive'), (b'Strict-Transport-Security', b'max-age=31536000; includeSubDomains; preload'), (b'Access-Control-Allow-Origin', b'*'), (b'Access-Control-Allow-Methods', b'GET, POST, OPTIONS'), (b'Access-Control-Expose-Headers', b'Content-Length,Content-Type,Date,Server,Connection')])
2025-06-24 11:22:47,082 - httpx - INFO - HTTP Request: POST https://api.telegram.org/bot7707158318:AAE8rWa4Q8Z_3avql6K0HAmXaooZAReoNF0/answerCallbackQuery "HTTP/1.1 200 OK"
2025-06-24 11:22:47,082 - httpcore.http11 - DEBUG - receive_response_body.started request=<Request [b'POST']>
2025-06-24 11:22:47,084 - httpcore.http11 - DEBUG - receive_response_body.complete
2025-06-24 11:22:47,084 - httpcore.http11 - DEBUG - response_closed.started
2025-06-24 11:22:47,084 - httpcore.http11 - DEBUG - response_closed.complete
2025-06-24 11:22:47,084 - telegram.ext.ExtBot - DEBUG - True
2025-06-24 11:22:47,084 - telegram.ext.ExtBot - DEBUG - Exiting: answer_callback_query
2025-06-24 11:22:47,084 - __main__ - INFO - Processing action: start_sniperx
2025-06-24 11:22:47,087 - telegram.ext.ExtBot - DEBUG - Entering: send_message
2025-06-24 11:22:47,089 - httpcore.http11 - DEBUG - send_request_headers.started request=<Request [b'POST']>
2025-06-24 11:22:47,090 - httpcore.http11 - DEBUG - send_request_headers.complete
2025-06-24 11:22:47,090 - httpcore.http11 - DEBUG - send_request_body.started request=<Request [b'POST']>
2025-06-24 11:22:47,091 - httpcore.http11 - DEBUG - send_request_body.complete
2025-06-24 11:22:47,091 - httpcore.http11 - DEBUG - receive_response_headers.started request=<Request [b'POST']>
2025-06-24 11:22:47,199 - httpcore.http11 - DEBUG - receive_response_headers.complete return_value=(b'HTTP/1.1', 200, b'OK', [(b'Server', b'nginx/1.18.0'), (b'Date', b'Tue, 24 Jun 2025 10:22:48 GMT'), (b'Content-Type', b'application/json'), (b'Content-Length', b'262'), (b'Connection', b'keep-alive'), (b'Strict-Transport-Security', b'max-age=31536000; includeSubDomains; preload'), (b'Access-Control-Allow-Origin', b'*'), (b'Access-Control-Allow-Methods', b'GET, POST, OPTIONS'), (b'Access-Control-Expose-Headers', b'Content-Length,Content-Type,Date,Server,Connection')])
2025-06-24 11:22:47,202 - httpx - INFO - HTTP Request: POST https://api.telegram.org/bot7707158318:AAE8rWa4Q8Z_3avql6K0HAmXaooZAReoNF0/sendMessage "HTTP/1.1 200 OK"
2025-06-24 11:22:47,203 - httpcore.http11 - DEBUG - receive_response_body.started request=<Request [b'POST']>
2025-06-24 11:22:47,204 - httpcore.http11 - DEBUG - receive_response_body.complete
2025-06-24 11:22:47,204 - httpcore.http11 - DEBUG - response_closed.started
2025-06-24 11:22:47,204 - httpcore.http11 - DEBUG - response_closed.complete
2025-06-24 11:22:47,207 - telegram.ext.ExtBot - DEBUG - Message(channel_chat_created=False, chat=Chat(first_name='Ghost', id=7049055170, last_name='Number1', type=<ChatType.PRIVATE>), date=datetime.datetime(2025, 6, 24, 10, 22, 48, tzinfo=<UTC>), delete_chat_photo=False, from_user=User(first_name='SPRD', id=7707158318, is_bot=True, username='tizi91Bot'), group_chat_created=False, message_id=11947, supergroup_chat_created=False, text='Starting wallet manager...')
2025-06-24 11:22:47,207 - telegram.ext.ExtBot - DEBUG - Exiting: send_message
2025-06-24 11:22:49,349 - telegram.ext.ExtBot - DEBUG - Entering: send_message
2025-06-24 11:22:49,353 - httpcore.http11 - DEBUG - send_request_headers.started request=<Request [b'POST']>
2025-06-24 11:22:49,353 - httpcore.http11 - DEBUG - send_request_headers.complete
2025-06-24 11:22:49,356 - httpcore.http11 - DEBUG - send_request_body.started request=<Request [b'POST']>
2025-06-24 11:22:49,356 - httpcore.http11 - DEBUG - send_request_body.complete
2025-06-24 11:22:49,356 - httpcore.http11 - DEBUG - receive_response_headers.started request=<Request [b'POST']>
2025-06-24 11:22:49,467 - httpcore.http11 - DEBUG - receive_response_headers.complete return_value=(b'HTTP/1.1', 200, b'OK', [(b'Server', b'nginx/1.18.0'), (b'Date', b'Tue, 24 Jun 2025 10:22:50 GMT'), (b'Content-Type', b'application/json'), (b'Content-Length', b'322'), (b'Connection', b'keep-alive'), (b'Strict-Transport-Security', b'max-age=31536000; includeSubDomains; preload'), (b'Access-Control-Allow-Origin', b'*'), (b'Access-Control-Allow-Methods', b'GET, POST, OPTIONS'), (b'Access-Control-Expose-Headers', b'Content-Length,Content-Type,Date,Server,Connection')])
2025-06-24 11:22:49,467 - httpx - INFO - HTTP Request: POST https://api.telegram.org/bot7707158318:AAE8rWa4Q8Z_3avql6K0HAmXaooZAReoNF0/sendMessage "HTTP/1.1 200 OK"
2025-06-24 11:22:49,467 - httpcore.http11 - DEBUG - receive_response_body.started request=<Request [b'POST']>
2025-06-24 11:22:49,467 - httpcore.http11 - DEBUG - receive_response_body.complete
2025-06-24 11:22:49,467 - httpcore.http11 - DEBUG - response_closed.started
2025-06-24 11:22:49,467 - httpcore.http11 - DEBUG - response_closed.complete
2025-06-24 11:22:49,467 - telegram.ext.ExtBot - DEBUG - Message(channel_chat_created=False, chat=Chat(first_name='Ghost', id=7049055170, last_name='Number1', type=<ChatType.PRIVATE>), date=datetime.datetime(2025, 6, 24, 10, 22, 50, tzinfo=<UTC>), delete_chat_photo=False, entities=(MessageEntity(length=5, offset=8, type=<MessageEntityType.URL>),), from_user=User(first_name='SPRD', id=7707158318, is_bot=True, username='tizi91Bot'), group_chat_created=False, message_id=11948, supergroup_chat_created=False, text='SniperX V2.py started with PID 6392.')
2025-06-24 11:22:49,467 - telegram.ext.ExtBot - DEBUG - Exiting: send_message
2025-06-24 11:22:49,467 - __main__ - INFO - SniperX V2.py started with PID 6392 by user tizi91Bot
2025-06-24 11:22:49,467 - telegram.ext.ExtBot - DEBUG - Entering: edit_message_text
2025-06-24 11:22:49,467 - httpcore.http11 - DEBUG - send_request_headers.started request=<Request [b'POST']>
2025-06-24 11:22:49,467 - httpcore.http11 - DEBUG - send_request_headers.complete
2025-06-24 11:22:49,467 - httpcore.http11 - DEBUG - send_request_body.started request=<Request [b'POST']>
2025-06-24 11:22:49,467 - httpcore.http11 - DEBUG - send_request_body.complete
2025-06-24 11:22:49,476 - httpcore.http11 - DEBUG - receive_response_headers.started request=<Request [b'POST']>
2025-06-24 11:22:49,611 - httpcore.http11 - DEBUG - receive_response_headers.complete return_value=(b'HTTP/1.1', 400, b'Bad Request', [(b'Server', b'nginx/1.18.0'), (b'Date', b'Tue, 24 Jun 2025 10:22:50 GMT'), (b'Content-Type', b'application/json'), (b'Content-Length', b'204'), (b'Connection', b'keep-alive'), (b'Strict-Transport-Security', b'max-age=31536000; includeSubDomains; preload'), (b'Access-Control-Allow-Origin', b'*'), (b'Access-Control-Expose-Headers', b'Content-Length,Content-Type,Date,Server,Connection')])
2025-06-24 11:22:49,612 - httpx - INFO - HTTP Request: POST https://api.telegram.org/bot7707158318:AAE8rWa4Q8Z_3avql6K0HAmXaooZAReoNF0/editMessageText "HTTP/1.1 400 Bad Request"
2025-06-24 11:22:49,612 - httpcore.http11 - DEBUG - receive_response_body.started request=<Request [b'POST']>
2025-06-24 11:22:49,612 - httpcore.http11 - DEBUG - receive_response_body.complete
2025-06-24 11:22:49,612 - httpcore.http11 - DEBUG - response_closed.started
2025-06-24 11:22:49,612 - httpcore.http11 - DEBUG - response_closed.complete
2025-06-24 11:22:49,612 - __main__ - ERROR - Error showing menu: Message is not modified: specified new message content and reply markup are exactly the same as a current content and reply markup of the message
2025-06-24 11:22:49,612 - telegram.ext.ExtBot - DEBUG - Entering: send_message
2025-06-24 11:22:49,612 - httpcore.http11 - DEBUG - send_request_headers.started request=<Request [b'POST']>
2025-06-24 11:22:49,612 - httpcore.http11 - DEBUG - send_request_headers.complete
2025-06-24 11:22:49,616 - httpcore.http11 - DEBUG - send_request_body.started request=<Request [b'POST']>
2025-06-24 11:22:49,616 - httpcore.http11 - DEBUG - send_request_body.complete
2025-06-24 11:22:49,616 - httpcore.http11 - DEBUG - receive_response_headers.started request=<Request [b'POST']>
2025-06-24 11:22:49,767 - httpcore.http11 - DEBUG - receive_response_headers.complete return_value=(b'HTTP/1.1', 200, b'OK', [(b'Server', b'nginx/1.18.0'), (b'Date', b'Tue, 24 Jun 2025 10:22:50 GMT'), (b'Content-Type', b'application/json'), (b'Content-Length', b'570'), (b'Connection', b'keep-alive'), (b'Strict-Transport-Security', b'max-age=31536000; includeSubDomains; preload'), (b'Access-Control-Allow-Origin', b'*'), (b'Access-Control-Allow-Methods', b'GET, POST, OPTIONS'), (b'Access-Control-Expose-Headers', b'Content-Length,Content-Type,Date,Server,Connection')])
2025-06-24 11:22:49,767 - httpx - INFO - HTTP Request: POST https://api.telegram.org/bot7707158318:AAE8rWa4Q8Z_3avql6K0HAmXaooZAReoNF0/sendMessage "HTTP/1.1 200 OK"
2025-06-24 11:22:49,767 - httpcore.http11 - DEBUG - receive_response_body.started request=<Request [b'POST']>
2025-06-24 11:22:49,767 - httpcore.http11 - DEBUG - receive_response_body.complete
2025-06-24 11:22:49,767 - httpcore.http11 - DEBUG - response_closed.started
2025-06-24 11:22:49,767 - httpcore.http11 - DEBUG - response_closed.complete
2025-06-24 11:22:49,775 - telegram.ext.ExtBot - DEBUG - Message(channel_chat_created=False, chat=Chat(first_name='Ghost', id=7049055170, last_name='Number1', type=<ChatType.PRIVATE>), date=datetime.datetime(2025, 6, 24, 10, 22, 50, tzinfo=<UTC>), delete_chat_photo=False, from_user=User(first_name='SPRD', id=7707158318, is_bot=True, username='tizi91Bot'), group_chat_created=False, message_id=11949, reply_markup=InlineKeyboardMarkup(inline_keyboard=((InlineKeyboardButton(callback_data='start_sniperx', text='🚀 Start SniperX'),), (InlineKeyboardButton(callback_data='stop_sniperx', text='🛑 Stop SniperX'), InlineKeyboardButton(callback_data='status_sniperx', text='📊 Status')), (InlineKeyboardButton(callback_data='show_balance', text='💰 Balance'),))), supergroup_chat_created=False, text='SniperX Bot Control Panel:')
2025-06-24 11:22:49,776 - telegram.ext.ExtBot - DEBUG - Exiting: send_message
2025-06-24 11:22:57,017 - httpcore.http11 - DEBUG - receive_response_headers.complete return_value=(b'HTTP/1.1', 200, b'OK', [(b'Server', b'nginx/1.18.0'), (b'Date', b'Tue, 24 Jun 2025 10:22:57 GMT'), (b'Content-Type', b'application/json'), (b'Content-Length', b'23'), (b'Connection', b'keep-alive'), (b'Strict-Transport-Security', b'max-age=31536000; includeSubDomains; preload'), (b'Access-Control-Allow-Origin', b'*'), (b'Access-Control-Allow-Methods', b'GET, POST, OPTIONS'), (b'Access-Control-Expose-Headers', b'Content-Length,Content-Type,Date,Server,Connection')])
2025-06-24 11:22:57,017 - httpx - INFO - HTTP Request: POST https://api.telegram.org/bot7707158318:AAE8rWa4Q8Z_3avql6K0HAmXaooZAReoNF0/getUpdates "HTTP/1.1 200 OK"
2025-06-24 11:22:57,017 - httpcore.http11 - DEBUG - receive_response_body.started request=<Request [b'POST']>
2025-06-24 11:22:57,017 - httpcore.http11 - DEBUG - receive_response_body.complete
2025-06-24 11:22:57,017 - httpcore.http11 - DEBUG - response_closed.started
2025-06-24 11:22:57,017 - httpcore.http11 - DEBUG - response_closed.complete
2025-06-24 11:22:57,021 - telegram.ext.ExtBot - DEBUG - No new updates found.
2025-06-24 11:22:57,021 - telegram.ext.ExtBot - DEBUG - ()
2025-06-24 11:22:57,021 - telegram.ext.ExtBot - DEBUG - Exiting: get_updates
2025-06-24 11:22:57,021 - telegram.ext.ExtBot - DEBUG - Entering: get_updates
2025-06-24 11:22:57,021 - httpcore.http11 - DEBUG - send_request_headers.started request=<Request [b'POST']>
2025-06-24 11:22:57,021 - httpcore.http11 - DEBUG - send_request_headers.complete
2025-06-24 11:22:57,027 - httpcore.http11 - DEBUG - send_request_body.started request=<Request [b'POST']>
2025-06-24 11:22:57,027 - httpcore.http11 - DEBUG - send_request_body.complete
2025-06-24 11:22:57,027 - httpcore.http11 - DEBUG - receive_response_headers.started request=<Request [b'POST']>
2025-06-24 11:23:07,092 - httpcore.http11 - DEBUG - receive_response_headers.complete return_value=(b'HTTP/1.1', 200, b'OK', [(b'Server', b'nginx/1.18.0'), (b'Date', b'Tue, 24 Jun 2025 10:23:08 GMT'), (b'Content-Type', b'application/json'), (b'Content-Length', b'23'), (b'Connection', b'keep-alive'), (b'Strict-Transport-Security', b'max-age=31536000; includeSubDomains; preload'), (b'Access-Control-Allow-Origin', b'*'), (b'Access-Control-Allow-Methods', b'GET, POST, OPTIONS'), (b'Access-Control-Expose-Headers', b'Content-Length,Content-Type,Date,Server,Connection')])
2025-06-24 11:23:07,094 - httpx - INFO - HTTP Request: POST https://api.telegram.org/bot7707158318:AAE8rWa4Q8Z_3avql6K0HAmXaooZAReoNF0/getUpdates "HTTP/1.1 200 OK"
2025-06-24 11:23:07,095 - httpcore.http11 - DEBUG - receive_response_body.started request=<Request [b'POST']>
2025-06-24 11:23:07,095 - httpcore.http11 - DEBUG - receive_response_body.complete
2025-06-24 11:23:07,097 - httpcore.http11 - DEBUG - response_closed.started
2025-06-24 11:23:07,097 - httpcore.http11 - DEBUG - response_closed.complete
2025-06-24 11:23:07,099 - telegram.ext.ExtBot - DEBUG - No new updates found.
2025-06-24 11:23:07,099 - telegram.ext.ExtBot - DEBUG - ()
2025-06-24 11:23:07,100 - telegram.ext.ExtBot - DEBUG - Exiting: get_updates
2025-06-24 11:23:07,100 - telegram.ext.ExtBot - DEBUG - Entering: get_updates
2025-06-24 11:23:07,103 - httpcore.http11 - DEBUG - send_request_headers.started request=<Request [b'POST']>
2025-06-24 11:23:07,104 - httpcore.http11 - DEBUG - send_request_headers.complete
2025-06-24 11:23:07,104 - httpcore.http11 - DEBUG - send_request_body.started request=<Request [b'POST']>
2025-06-24 11:23:07,104 - httpcore.http11 - DEBUG - send_request_body.complete
2025-06-24 11:23:07,106 - httpcore.http11 - DEBUG - receive_response_headers.started request=<Request [b'POST']>
