2025-06-23 18:20:29,425 - asyncio - DEBUG - Using proactor: IocpProactor
2025-06-23 18:20:29,436 - httpx - DEBUG - load_ssl_context verify=True cert=None trust_env=True http2=False
2025-06-23 18:20:29,437 - httpx - DEBUG - load_verify_locations cafile='c:\\Users\\Rachid Aitali\\OneDrive - 4JM Solutions Limited\\Desktop\\SniperX\\SniperX\\.venv\\lib\\site-packages\\certifi\\cacert.pem'
2025-06-23 18:20:29,458 - httpx - DEBUG - load_ssl_context verify=True cert=None trust_env=True http2=False
2025-06-23 18:20:29,461 - httpx - DEBUG - load_verify_locations cafile='c:\\Users\\Rachid Aitali\\OneDrive - 4JM Solutions Limited\\Desktop\\SniperX\\SniperX\\.venv\\lib\\site-packages\\certifi\\cacert.pem'
2025-06-23 18:20:29,496 - __main__ - INFO - Telegram Manager Bot started. Send /menu to interact.
2025-06-23 18:20:29,499 - telegram.ext.ExtBot - DEBUG - Entering: send_message
2025-06-23 18:20:29,572 - httpcore.connection - DEBUG - connect_tcp.started host='api.telegram.org' port=443 local_address=None timeout=5.0 socket_options=None
2025-06-23 18:20:34,586 - httpcore.connection - DEBUG - connect_tcp.failed exception=ConnectTimeout(TimeoutError())
2025-06-23 18:20:34,587 - __main__ - ERROR - Could not send startup message to TELEGRAM_CHAT_ID 7049055170: Timed out
2025-06-23 18:20:34,590 - telegram.ext.ExtBot - DEBUG - Entering: get_me
2025-06-23 18:20:34,591 - httpcore.connection - DEBUG - connect_tcp.started host='api.telegram.org' port=443 local_address=None timeout=5.0 socket_options=None
2025-06-23 18:20:36,884 - httpcore.connection - DEBUG - connect_tcp.complete return_value=<httpcore._backends.anyio.AnyIOStream object at 0x0000019B9EB1E680>
2025-06-23 18:20:36,885 - httpcore.connection - DEBUG - start_tls.started ssl_context=<ssl.SSLContext object at 0x0000019B9EA79AC0> server_hostname='api.telegram.org' timeout=5.0
2025-06-23 18:20:37,302 - httpcore.connection - DEBUG - start_tls.complete return_value=<httpcore._backends.anyio.AnyIOStream object at 0x0000019B9EB1F0D0>
2025-06-23 18:20:37,304 - httpcore.http11 - DEBUG - send_request_headers.started request=<Request [b'POST']>
2025-06-23 18:20:37,306 - httpcore.http11 - DEBUG - send_request_headers.complete
2025-06-23 18:20:37,307 - httpcore.http11 - DEBUG - send_request_body.started request=<Request [b'POST']>
2025-06-23 18:20:37,307 - httpcore.http11 - DEBUG - send_request_body.complete
2025-06-23 18:20:37,307 - httpcore.http11 - DEBUG - receive_response_headers.started request=<Request [b'POST']>
2025-06-23 18:20:41,123 - httpcore.http11 - DEBUG - receive_response_headers.complete return_value=(b'HTTP/1.1', 200, b'OK', [(b'Server', b'nginx/1.18.0'), (b'Date', b'Mon, 23 Jun 2025 17:20:43 GMT'), (b'Content-Type', b'application/json'), (b'Content-Length', b'243'), (b'Connection', b'keep-alive'), (b'Strict-Transport-Security', b'max-age=31536000; includeSubDomains; preload'), (b'Access-Control-Allow-Origin', b'*'), (b'Access-Control-Allow-Methods', b'GET, POST, OPTIONS'), (b'Access-Control-Expose-Headers', b'Content-Length,Content-Type,Date,Server,Connection')])
2025-06-23 18:20:41,124 - httpx - INFO - HTTP Request: POST https://api.telegram.org/bot7707158318:AAE8rWa4Q8Z_3avql6K0HAmXaooZAReoNF0/getMe "HTTP/1.1 200 OK"
2025-06-23 18:20:41,124 - httpcore.http11 - DEBUG - receive_response_body.started request=<Request [b'POST']>
2025-06-23 18:20:41,128 - httpcore.http11 - DEBUG - receive_response_body.complete
2025-06-23 18:20:41,128 - httpcore.http11 - DEBUG - response_closed.started
2025-06-23 18:20:41,130 - httpcore.http11 - DEBUG - response_closed.complete
2025-06-23 18:20:41,132 - telegram.ext.ExtBot - DEBUG - User(api_kwargs={'can_connect_to_business': False, 'has_main_web_app': False}, can_join_groups=True, can_read_all_group_messages=False, first_name='SPRD', id=7707158318, is_bot=True, supports_inline_queries=False, username='tizi91Bot')
2025-06-23 18:20:41,133 - telegram.ext.ExtBot - DEBUG - Exiting: get_me
2025-06-23 18:20:41,134 - telegram.ext.ExtBot - DEBUG - This Bot is already initialized.
2025-06-23 18:20:41,134 - telegram.ext.Updater - DEBUG - Updater started (polling)
2025-06-23 18:20:41,134 - telegram.ext.Updater - DEBUG - Start network loop retry bootstrap del webhook
2025-06-23 18:20:41,134 - telegram.ext.Updater - DEBUG - Deleting webhook
2025-06-23 18:20:41,134 - telegram.ext.ExtBot - DEBUG - Entering: delete_webhook
2025-06-23 18:20:41,137 - httpcore.http11 - DEBUG - send_request_headers.started request=<Request [b'POST']>
2025-06-23 18:20:41,137 - httpcore.http11 - DEBUG - send_request_headers.complete
2025-06-23 18:20:41,137 - httpcore.http11 - DEBUG - send_request_body.started request=<Request [b'POST']>
2025-06-23 18:20:41,139 - httpcore.http11 - DEBUG - send_request_body.complete
2025-06-23 18:20:41,139 - httpcore.http11 - DEBUG - receive_response_headers.started request=<Request [b'POST']>
2025-06-23 18:20:43,830 - httpcore.http11 - DEBUG - receive_response_headers.complete return_value=(b'HTTP/1.1', 200, b'OK', [(b'Server', b'nginx/1.18.0'), (b'Date', b'Mon, 23 Jun 2025 17:20:45 GMT'), (b'Content-Type', b'application/json'), (b'Content-Length', b'68'), (b'Connection', b'keep-alive'), (b'Strict-Transport-Security', b'max-age=31536000; includeSubDomains; preload'), (b'Access-Control-Allow-Origin', b'*'), (b'Access-Control-Allow-Methods', b'GET, POST, OPTIONS'), (b'Access-Control-Expose-Headers', b'Content-Length,Content-Type,Date,Server,Connection')])
2025-06-23 18:20:43,832 - httpx - INFO - HTTP Request: POST https://api.telegram.org/bot7707158318:AAE8rWa4Q8Z_3avql6K0HAmXaooZAReoNF0/deleteWebhook "HTTP/1.1 200 OK"
2025-06-23 18:20:43,832 - httpcore.http11 - DEBUG - receive_response_body.started request=<Request [b'POST']>
2025-06-23 18:20:43,832 - httpcore.http11 - DEBUG - receive_response_body.complete
2025-06-23 18:20:43,834 - httpcore.http11 - DEBUG - response_closed.started
2025-06-23 18:20:43,834 - httpcore.http11 - DEBUG - response_closed.complete
2025-06-23 18:20:43,834 - telegram.ext.ExtBot - DEBUG - True
2025-06-23 18:20:43,834 - telegram.ext.ExtBot - DEBUG - Exiting: delete_webhook
2025-06-23 18:20:43,834 - telegram.ext.Updater - DEBUG - Bootstrap done
2025-06-23 18:20:43,836 - telegram.ext.Updater - DEBUG - Waiting for polling to start
2025-06-23 18:20:43,836 - telegram.ext.Updater - DEBUG - Polling updates from Telegram started
2025-06-23 18:20:43,836 - telegram.ext.Updater - DEBUG - Start network loop retry getting Updates
2025-06-23 18:20:43,836 - telegram.ext.ExtBot - DEBUG - Entering: get_updates
2025-06-23 18:20:43,838 - telegram.ext.Application - INFO - Application started
2025-06-23 18:20:43,838 - httpcore.connection - DEBUG - connect_tcp.started host='api.telegram.org' port=443 local_address=None timeout=5.0 socket_options=None
2025-06-23 18:20:45,722 - httpcore.connection - DEBUG - connect_tcp.complete return_value=<httpcore._backends.anyio.AnyIOStream object at 0x0000019B9EB1E380>
2025-06-23 18:20:45,722 - httpcore.connection - DEBUG - start_tls.started ssl_context=<ssl.SSLContext object at 0x0000019B9EA79BC0> server_hostname='api.telegram.org' timeout=5.0
2025-06-23 18:20:46,035 - httpcore.connection - DEBUG - start_tls.complete return_value=<httpcore._backends.anyio.AnyIOStream object at 0x0000019B9EB6E140>
2025-06-23 18:20:46,037 - httpcore.http11 - DEBUG - send_request_headers.started request=<Request [b'POST']>
2025-06-23 18:20:46,038 - httpcore.http11 - DEBUG - send_request_headers.complete
2025-06-23 18:20:46,038 - httpcore.http11 - DEBUG - send_request_body.started request=<Request [b'POST']>
2025-06-23 18:20:46,040 - httpcore.http11 - DEBUG - send_request_body.complete
2025-06-23 18:20:46,040 - httpcore.http11 - DEBUG - receive_response_headers.started request=<Request [b'POST']>
2025-06-23 18:20:56,224 - httpcore.http11 - DEBUG - receive_response_headers.complete return_value=(b'HTTP/1.1', 200, b'OK', [(b'Server', b'nginx/1.18.0'), (b'Date', b'Mon, 23 Jun 2025 17:20:58 GMT'), (b'Content-Type', b'application/json'), (b'Content-Length', b'23'), (b'Connection', b'keep-alive'), (b'Strict-Transport-Security', b'max-age=31536000; includeSubDomains; preload'), (b'Access-Control-Allow-Origin', b'*'), (b'Access-Control-Allow-Methods', b'GET, POST, OPTIONS'), (b'Access-Control-Expose-Headers', b'Content-Length,Content-Type,Date,Server,Connection')])
2025-06-23 18:20:56,226 - httpx - INFO - HTTP Request: POST https://api.telegram.org/bot7707158318:AAE8rWa4Q8Z_3avql6K0HAmXaooZAReoNF0/getUpdates "HTTP/1.1 200 OK"
2025-06-23 18:20:56,227 - httpcore.http11 - DEBUG - receive_response_body.started request=<Request [b'POST']>
2025-06-23 18:20:56,228 - httpcore.http11 - DEBUG - receive_response_body.complete
2025-06-23 18:20:56,228 - httpcore.http11 - DEBUG - response_closed.started
2025-06-23 18:20:56,228 - httpcore.http11 - DEBUG - response_closed.complete
2025-06-23 18:20:56,230 - telegram.ext.ExtBot - DEBUG - No new updates found.
2025-06-23 18:20:56,230 - telegram.ext.ExtBot - DEBUG - ()
2025-06-23 18:20:56,230 - telegram.ext.ExtBot - DEBUG - Exiting: get_updates
2025-06-23 18:20:56,230 - telegram.ext.ExtBot - DEBUG - Entering: get_updates
2025-06-23 18:20:56,232 - httpcore.http11 - DEBUG - send_request_headers.started request=<Request [b'POST']>
2025-06-23 18:20:56,232 - httpcore.http11 - DEBUG - send_request_headers.complete
2025-06-23 18:20:56,232 - httpcore.http11 - DEBUG - send_request_body.started request=<Request [b'POST']>
2025-06-23 18:20:56,234 - httpcore.http11 - DEBUG - send_request_body.complete
2025-06-23 18:20:56,234 - httpcore.http11 - DEBUG - receive_response_headers.started request=<Request [b'POST']>
2025-06-23 18:21:06,384 - httpcore.http11 - DEBUG - receive_response_headers.complete return_value=(b'HTTP/1.1', 200, b'OK', [(b'Server', b'nginx/1.18.0'), (b'Date', b'Mon, 23 Jun 2025 17:21:08 GMT'), (b'Content-Type', b'application/json'), (b'Content-Length', b'23'), (b'Connection', b'keep-alive'), (b'Strict-Transport-Security', b'max-age=31536000; includeSubDomains; preload'), (b'Access-Control-Allow-Origin', b'*'), (b'Access-Control-Allow-Methods', b'GET, POST, OPTIONS'), (b'Access-Control-Expose-Headers', b'Content-Length,Content-Type,Date,Server,Connection')])
2025-06-23 18:21:06,386 - httpx - INFO - HTTP Request: POST https://api.telegram.org/bot7707158318:AAE8rWa4Q8Z_3avql6K0HAmXaooZAReoNF0/getUpdates "HTTP/1.1 200 OK"
2025-06-23 18:21:06,387 - httpcore.http11 - DEBUG - receive_response_body.started request=<Request [b'POST']>
2025-06-23 18:21:06,388 - httpcore.http11 - DEBUG - receive_response_body.complete
2025-06-23 18:21:06,388 - httpcore.http11 - DEBUG - response_closed.started
2025-06-23 18:21:06,389 - httpcore.http11 - DEBUG - response_closed.complete
2025-06-23 18:21:06,389 - telegram.ext.ExtBot - DEBUG - No new updates found.
2025-06-23 18:21:06,390 - telegram.ext.ExtBot - DEBUG - ()
2025-06-23 18:21:06,390 - telegram.ext.ExtBot - DEBUG - Exiting: get_updates
2025-06-23 18:21:06,390 - telegram.ext.ExtBot - DEBUG - Entering: get_updates
2025-06-23 18:21:06,391 - httpcore.http11 - DEBUG - send_request_headers.started request=<Request [b'POST']>
2025-06-23 18:21:06,393 - httpcore.http11 - DEBUG - send_request_headers.complete
2025-06-23 18:21:06,394 - httpcore.http11 - DEBUG - send_request_body.started request=<Request [b'POST']>
2025-06-23 18:21:06,394 - httpcore.http11 - DEBUG - send_request_body.complete
2025-06-23 18:21:06,394 - httpcore.http11 - DEBUG - receive_response_headers.started request=<Request [b'POST']>
2025-06-23 18:21:17,014 - httpcore.http11 - DEBUG - receive_response_headers.complete return_value=(b'HTTP/1.1', 200, b'OK', [(b'Server', b'nginx/1.18.0'), (b'Date', b'Mon, 23 Jun 2025 17:21:19 GMT'), (b'Content-Type', b'application/json'), (b'Content-Length', b'23'), (b'Connection', b'keep-alive'), (b'Strict-Transport-Security', b'max-age=31536000; includeSubDomains; preload'), (b'Access-Control-Allow-Origin', b'*'), (b'Access-Control-Allow-Methods', b'GET, POST, OPTIONS'), (b'Access-Control-Expose-Headers', b'Content-Length,Content-Type,Date,Server,Connection')])
2025-06-23 18:21:17,016 - httpx - INFO - HTTP Request: POST https://api.telegram.org/bot7707158318:AAE8rWa4Q8Z_3avql6K0HAmXaooZAReoNF0/getUpdates "HTTP/1.1 200 OK"
2025-06-23 18:21:17,017 - httpcore.http11 - DEBUG - receive_response_body.started request=<Request [b'POST']>
2025-06-23 18:21:17,017 - httpcore.http11 - DEBUG - receive_response_body.complete
2025-06-23 18:21:17,018 - httpcore.http11 - DEBUG - response_closed.started
2025-06-23 18:21:17,018 - httpcore.http11 - DEBUG - response_closed.complete
2025-06-23 18:21:17,019 - telegram.ext.ExtBot - DEBUG - No new updates found.
2025-06-23 18:21:17,020 - telegram.ext.ExtBot - DEBUG - ()
2025-06-23 18:21:17,020 - telegram.ext.ExtBot - DEBUG - Exiting: get_updates
2025-06-23 18:21:17,020 - telegram.ext.ExtBot - DEBUG - Entering: get_updates
2025-06-23 18:21:17,022 - httpcore.http11 - DEBUG - send_request_headers.started request=<Request [b'POST']>
2025-06-23 18:21:17,022 - httpcore.http11 - DEBUG - send_request_headers.complete
2025-06-23 18:21:17,023 - httpcore.http11 - DEBUG - send_request_body.started request=<Request [b'POST']>
2025-06-23 18:21:17,024 - httpcore.http11 - DEBUG - send_request_body.complete
2025-06-23 18:21:17,024 - httpcore.http11 - DEBUG - receive_response_headers.started request=<Request [b'POST']>
2025-06-23 18:21:29,052 - httpcore.http11 - DEBUG - receive_response_headers.failed exception=ReadTimeout(TimeoutError())
2025-06-23 18:21:29,053 - httpcore.http11 - DEBUG - response_closed.started
2025-06-23 18:21:29,056 - httpcore.http11 - DEBUG - response_closed.complete
2025-06-23 18:21:29,057 - telegram.ext.Updater - DEBUG - Timed out getting Updates: Timed out
2025-06-23 18:21:29,058 - telegram.ext.ExtBot - DEBUG - Entering: get_updates
2025-06-23 18:21:29,062 - httpcore.connection - DEBUG - connect_tcp.started host='api.telegram.org' port=443 local_address=None timeout=5.0 socket_options=None
2025-06-23 18:21:34,073 - httpcore.connection - DEBUG - connect_tcp.failed exception=ConnectTimeout(TimeoutError())
2025-06-23 18:21:34,075 - telegram.ext.Updater - DEBUG - Timed out getting Updates: Timed out
2025-06-23 18:21:34,075 - telegram.ext.ExtBot - DEBUG - Entering: get_updates
2025-06-23 18:21:34,078 - httpcore.connection - DEBUG - connect_tcp.started host='api.telegram.org' port=443 local_address=None timeout=5.0 socket_options=None
