2025-06-25 00:07:49,633 - asyncio - DEBUG - Using proactor: IocpProactor
2025-06-25 00:07:49,638 - httpx - DEBUG - load_ssl_context verify=True cert=None trust_env=True http2=False
2025-06-25 00:07:49,638 - httpx - DEBUG - load_verify_locations cafile='c:\\Users\\Rachid Aitali\\OneDrive - 4JM Solutions Limited\\Desktop\\SniperX\\SniperX\\SniperX-V3\\.venv\\lib\\site-packages\\certifi\\cacert.pem'
2025-06-25 00:07:49,652 - httpx - DEBUG - load_ssl_context verify=True cert=None trust_env=True http2=False
2025-06-25 00:07:49,652 - httpx - DEBUG - load_verify_locations cafile='c:\\Users\\Rachid Aitali\\OneDrive - 4JM Solutions Limited\\Desktop\\SniperX\\SniperX\\SniperX-V3\\.venv\\lib\\site-packages\\certifi\\cacert.pem'
2025-06-25 00:07:49,663 - __main__ - INFO - Telegram Manager Bot started. Send /menu to interact.
2025-06-25 00:07:49,663 - telegram.ext.ExtBot - DEBUG - Entering: send_message
2025-06-25 00:07:49,671 - httpcore.connection - DEBUG - connect_tcp.started host='api.telegram.org' port=443 local_address=None timeout=5.0 socket_options=None
2025-06-25 00:07:49,777 - httpcore.connection - DEBUG - connect_tcp.complete return_value=<httpcore._backends.anyio.AnyIOStream object at 0x000002BA295A6D40>
2025-06-25 00:07:49,777 - httpcore.connection - DEBUG - start_tls.started ssl_context=<ssl.SSLContext object at 0x000002BA294A7E40> server_hostname='api.telegram.org' timeout=5.0
2025-06-25 00:07:49,905 - httpcore.connection - DEBUG - start_tls.complete return_value=<httpcore._backends.anyio.AnyIOStream object at 0x000002BA295A6C80>
2025-06-25 00:07:49,905 - httpcore.http11 - DEBUG - send_request_headers.started request=<Request [b'POST']>
2025-06-25 00:07:49,907 - httpcore.http11 - DEBUG - send_request_headers.complete
2025-06-25 00:07:49,907 - httpcore.http11 - DEBUG - send_request_body.started request=<Request [b'POST']>
2025-06-25 00:07:49,907 - httpcore.http11 - DEBUG - send_request_body.complete
2025-06-25 00:07:49,907 - httpcore.http11 - DEBUG - receive_response_headers.started request=<Request [b'POST']>
2025-06-25 00:07:50,071 - httpcore.http11 - DEBUG - receive_response_headers.complete return_value=(b'HTTP/1.1', 200, b'OK', [(b'Server', b'nginx/1.18.0'), (b'Date', b'Tue, 24 Jun 2025 23:07:50 GMT'), (b'Content-Type', b'application/json'), (b'Content-Length', b'352'), (b'Connection', b'keep-alive'), (b'Strict-Transport-Security', b'max-age=31536000; includeSubDomains; preload'), (b'Access-Control-Allow-Origin', b'*'), (b'Access-Control-Allow-Methods', b'GET, POST, OPTIONS'), (b'Access-Control-Expose-Headers', b'Content-Length,Content-Type,Date,Server,Connection')])
2025-06-25 00:07:50,075 - httpx - INFO - HTTP Request: POST https://api.telegram.org/bot7707158318:AAE8rWa4Q8Z_3avql6K0HAmXaooZAReoNF0/sendMessage "HTTP/1.1 200 OK"
2025-06-25 00:07:50,075 - httpcore.http11 - DEBUG - receive_response_body.started request=<Request [b'POST']>
2025-06-25 00:07:50,075 - httpcore.http11 - DEBUG - receive_response_body.complete
2025-06-25 00:07:50,075 - httpcore.http11 - DEBUG - response_closed.started
2025-06-25 00:07:50,075 - httpcore.http11 - DEBUG - response_closed.complete
2025-06-25 00:07:50,084 - telegram.ext.ExtBot - DEBUG - Message(channel_chat_created=False, chat=Chat(first_name='Ghost', id=7049055170, last_name='Number1', type=<ChatType.PRIVATE>), date=datetime.datetime(2025, 6, 24, 23, 7, 50, tzinfo=datetime.timezone.utc), delete_chat_photo=False, entities=(MessageEntity(length=5, offset=36, type=<MessageEntityType.BOT_COMMAND>),), from_user=User(first_name='SPRD', id=7707158318, is_bot=True, username='tizi91Bot'), group_chat_created=False, message_id=12029, supergroup_chat_created=False, text='SniperX Control Bot is online! Send /menu to see options.')
2025-06-25 00:07:50,084 - telegram.ext.ExtBot - DEBUG - Exiting: send_message
2025-06-25 00:07:50,088 - telegram.ext.ExtBot - DEBUG - Entering: get_me
2025-06-25 00:07:50,088 - httpcore.http11 - DEBUG - send_request_headers.started request=<Request [b'POST']>
2025-06-25 00:07:50,092 - httpcore.http11 - DEBUG - send_request_headers.complete
2025-06-25 00:07:50,092 - httpcore.http11 - DEBUG - send_request_body.started request=<Request [b'POST']>
2025-06-25 00:07:50,092 - httpcore.http11 - DEBUG - send_request_body.complete
2025-06-25 00:07:50,092 - httpcore.http11 - DEBUG - receive_response_headers.started request=<Request [b'POST']>
2025-06-25 00:07:50,179 - httpcore.http11 - DEBUG - receive_response_headers.complete return_value=(b'HTTP/1.1', 200, b'OK', [(b'Server', b'nginx/1.18.0'), (b'Date', b'Tue, 24 Jun 2025 23:07:50 GMT'), (b'Content-Type', b'application/json'), (b'Content-Length', b'243'), (b'Connection', b'keep-alive'), (b'Strict-Transport-Security', b'max-age=31536000; includeSubDomains; preload'), (b'Access-Control-Allow-Origin', b'*'), (b'Access-Control-Allow-Methods', b'GET, POST, OPTIONS'), (b'Access-Control-Expose-Headers', b'Content-Length,Content-Type,Date,Server,Connection')])
2025-06-25 00:07:50,181 - httpx - INFO - HTTP Request: POST https://api.telegram.org/bot7707158318:AAE8rWa4Q8Z_3avql6K0HAmXaooZAReoNF0/getMe "HTTP/1.1 200 OK"
2025-06-25 00:07:50,183 - httpcore.http11 - DEBUG - receive_response_body.started request=<Request [b'POST']>
2025-06-25 00:07:50,183 - httpcore.http11 - DEBUG - receive_response_body.complete
2025-06-25 00:07:50,183 - httpcore.http11 - DEBUG - response_closed.started
2025-06-25 00:07:50,183 - httpcore.http11 - DEBUG - response_closed.complete
2025-06-25 00:07:50,184 - telegram.ext.ExtBot - DEBUG - User(api_kwargs={'can_connect_to_business': False, 'has_main_web_app': False}, can_join_groups=True, can_read_all_group_messages=False, first_name='SPRD', id=7707158318, is_bot=True, supports_inline_queries=False, username='tizi91Bot')
2025-06-25 00:07:50,184 - telegram.ext.ExtBot - DEBUG - Exiting: get_me
2025-06-25 00:07:50,184 - telegram.ext.ExtBot - DEBUG - This Bot is already initialized.
2025-06-25 00:07:50,185 - telegram.ext.Updater - DEBUG - Updater started (polling)
2025-06-25 00:07:50,185 - telegram.ext.Updater - DEBUG - Start network loop retry bootstrap del webhook
2025-06-25 00:07:50,185 - telegram.ext.Updater - DEBUG - Deleting webhook
2025-06-25 00:07:50,185 - telegram.ext.ExtBot - DEBUG - Entering: delete_webhook
2025-06-25 00:07:50,187 - httpcore.http11 - DEBUG - send_request_headers.started request=<Request [b'POST']>
2025-06-25 00:07:50,187 - httpcore.http11 - DEBUG - send_request_headers.complete
2025-06-25 00:07:50,187 - httpcore.http11 - DEBUG - send_request_body.started request=<Request [b'POST']>
2025-06-25 00:07:50,188 - httpcore.http11 - DEBUG - send_request_body.complete
2025-06-25 00:07:50,188 - httpcore.http11 - DEBUG - receive_response_headers.started request=<Request [b'POST']>
2025-06-25 00:07:50,259 - httpcore.http11 - DEBUG - receive_response_headers.complete return_value=(b'HTTP/1.1', 200, b'OK', [(b'Server', b'nginx/1.18.0'), (b'Date', b'Tue, 24 Jun 2025 23:07:50 GMT'), (b'Content-Type', b'application/json'), (b'Content-Length', b'68'), (b'Connection', b'keep-alive'), (b'Strict-Transport-Security', b'max-age=31536000; includeSubDomains; preload'), (b'Access-Control-Allow-Origin', b'*'), (b'Access-Control-Allow-Methods', b'GET, POST, OPTIONS'), (b'Access-Control-Expose-Headers', b'Content-Length,Content-Type,Date,Server,Connection')])
2025-06-25 00:07:50,259 - httpx - INFO - HTTP Request: POST https://api.telegram.org/bot7707158318:AAE8rWa4Q8Z_3avql6K0HAmXaooZAReoNF0/deleteWebhook "HTTP/1.1 200 OK"
2025-06-25 00:07:50,262 - httpcore.http11 - DEBUG - receive_response_body.started request=<Request [b'POST']>
2025-06-25 00:07:50,262 - httpcore.http11 - DEBUG - receive_response_body.complete
2025-06-25 00:07:50,262 - httpcore.http11 - DEBUG - response_closed.started
2025-06-25 00:07:50,264 - httpcore.http11 - DEBUG - response_closed.complete
2025-06-25 00:07:50,264 - telegram.ext.ExtBot - DEBUG - True
2025-06-25 00:07:50,264 - telegram.ext.ExtBot - DEBUG - Exiting: delete_webhook
2025-06-25 00:07:50,264 - telegram.ext.Updater - DEBUG - Bootstrap done
2025-06-25 00:07:50,264 - telegram.ext.Updater - DEBUG - Waiting for polling to start
2025-06-25 00:07:50,264 - telegram.ext.Updater - DEBUG - Polling updates from Telegram started
2025-06-25 00:07:50,264 - telegram.ext.Updater - DEBUG - Start network loop retry getting Updates
2025-06-25 00:07:50,265 - telegram.ext.ExtBot - DEBUG - Entering: get_updates
2025-06-25 00:07:50,268 - telegram.ext.Application - INFO - Application started
2025-06-25 00:07:50,268 - httpcore.connection - DEBUG - connect_tcp.started host='api.telegram.org' port=443 local_address=None timeout=5.0 socket_options=None
2025-06-25 00:07:50,343 - httpcore.connection - DEBUG - connect_tcp.complete return_value=<httpcore._backends.anyio.AnyIOStream object at 0x000002BA295F6620>
2025-06-25 00:07:50,343 - httpcore.connection - DEBUG - start_tls.started ssl_context=<ssl.SSLContext object at 0x000002BA294A7D40> server_hostname='api.telegram.org' timeout=5.0
2025-06-25 00:07:50,470 - httpcore.connection - DEBUG - start_tls.complete return_value=<httpcore._backends.anyio.AnyIOStream object at 0x000002BA295F64D0>
2025-06-25 00:07:50,470 - httpcore.http11 - DEBUG - send_request_headers.started request=<Request [b'POST']>
2025-06-25 00:07:50,471 - httpcore.http11 - DEBUG - send_request_headers.complete
2025-06-25 00:07:50,471 - httpcore.http11 - DEBUG - send_request_body.started request=<Request [b'POST']>
2025-06-25 00:07:50,471 - httpcore.http11 - DEBUG - send_request_body.complete
2025-06-25 00:07:50,471 - httpcore.http11 - DEBUG - receive_response_headers.started request=<Request [b'POST']>
2025-06-25 00:07:53,898 - httpcore.http11 - DEBUG - receive_response_headers.complete return_value=(b'HTTP/1.1', 200, b'OK', [(b'Server', b'nginx/1.18.0'), (b'Date', b'Tue, 24 Jun 2025 23:07:53 GMT'), (b'Content-Type', b'application/json'), (b'Content-Length', b'357'), (b'Connection', b'keep-alive'), (b'Strict-Transport-Security', b'max-age=31536000; includeSubDomains; preload'), (b'Access-Control-Allow-Origin', b'*'), (b'Access-Control-Allow-Methods', b'GET, POST, OPTIONS'), (b'Access-Control-Expose-Headers', b'Content-Length,Content-Type,Date,Server,Connection')])
2025-06-25 00:07:53,900 - httpx - INFO - HTTP Request: POST https://api.telegram.org/bot7707158318:AAE8rWa4Q8Z_3avql6K0HAmXaooZAReoNF0/getUpdates "HTTP/1.1 200 OK"
2025-06-25 00:07:53,902 - httpcore.http11 - DEBUG - receive_response_body.started request=<Request [b'POST']>
2025-06-25 00:07:53,903 - httpcore.http11 - DEBUG - receive_response_body.complete
2025-06-25 00:07:53,903 - httpcore.http11 - DEBUG - response_closed.started
2025-06-25 00:07:53,904 - httpcore.http11 - DEBUG - response_closed.complete
2025-06-25 00:07:53,905 - telegram.ext.ExtBot - DEBUG - Getting updates: [37530209]
2025-06-25 00:07:53,907 - telegram.ext.ExtBot - DEBUG - (Update(message=Message(channel_chat_created=False, chat=Chat(first_name='Ghost', id=7049055170, last_name='Number1', type=<ChatType.PRIVATE>), date=datetime.datetime(2025, 6, 24, 23, 7, 53, tzinfo=datetime.timezone.utc), delete_chat_photo=False, entities=(MessageEntity(length=5, offset=0, type=<MessageEntityType.BOT_COMMAND>),), from_user=User(first_name='Ghost', id=7049055170, is_bot=False, language_code='en', last_name='Number1'), group_chat_created=False, message_id=12030, supergroup_chat_created=False, text='/menu'), update_id=37530209),)
2025-06-25 00:07:53,910 - telegram.ext.ExtBot - DEBUG - Exiting: get_updates
2025-06-25 00:07:53,911 - telegram.ext.ExtBot - DEBUG - Entering: get_updates
2025-06-25 00:07:53,915 - telegram.ext.Application - DEBUG - Processing update Update(message=Message(channel_chat_created=False, chat=Chat(first_name='Ghost', id=7049055170, last_name='Number1', type=<ChatType.PRIVATE>), date=datetime.datetime(2025, 6, 24, 23, 7, 53, tzinfo=datetime.timezone.utc), delete_chat_photo=False, entities=(MessageEntity(length=5, offset=0, type=<MessageEntityType.BOT_COMMAND>),), from_user=User(first_name='Ghost', id=7049055170, is_bot=False, language_code='en', last_name='Number1'), group_chat_created=False, message_id=12030, supergroup_chat_created=False, text='/menu'), update_id=37530209)
2025-06-25 00:07:53,921 - telegram.ext.ExtBot - DEBUG - Entering: send_message
2025-06-25 00:07:53,928 - httpcore.http11 - DEBUG - send_request_headers.started request=<Request [b'POST']>
2025-06-25 00:07:53,932 - httpcore.http11 - DEBUG - send_request_headers.started request=<Request [b'POST']>
2025-06-25 00:07:53,935 - httpcore.http11 - DEBUG - send_request_headers.complete
2025-06-25 00:07:53,936 - httpcore.http11 - DEBUG - send_request_body.started request=<Request [b'POST']>
2025-06-25 00:07:53,940 - httpcore.http11 - DEBUG - send_request_headers.complete
2025-06-25 00:07:53,940 - httpcore.http11 - DEBUG - send_request_body.started request=<Request [b'POST']>
2025-06-25 00:07:53,943 - httpcore.http11 - DEBUG - send_request_body.complete
2025-06-25 00:07:53,944 - httpcore.http11 - DEBUG - receive_response_headers.started request=<Request [b'POST']>
2025-06-25 00:07:53,947 - httpcore.http11 - DEBUG - send_request_body.complete
2025-06-25 00:07:53,948 - httpcore.http11 - DEBUG - receive_response_headers.started request=<Request [b'POST']>
2025-06-25 00:07:54,064 - httpcore.http11 - DEBUG - receive_response_headers.complete return_value=(b'HTTP/1.1', 200, b'OK', [(b'Server', b'nginx/1.18.0'), (b'Date', b'Tue, 24 Jun 2025 23:07:54 GMT'), (b'Content-Type', b'application/json'), (b'Content-Length', b'570'), (b'Connection', b'keep-alive'), (b'Strict-Transport-Security', b'max-age=31536000; includeSubDomains; preload'), (b'Access-Control-Allow-Origin', b'*'), (b'Access-Control-Allow-Methods', b'GET, POST, OPTIONS'), (b'Access-Control-Expose-Headers', b'Content-Length,Content-Type,Date,Server,Connection')])
2025-06-25 00:07:54,065 - httpx - INFO - HTTP Request: POST https://api.telegram.org/bot7707158318:AAE8rWa4Q8Z_3avql6K0HAmXaooZAReoNF0/sendMessage "HTTP/1.1 200 OK"
2025-06-25 00:07:54,066 - httpcore.http11 - DEBUG - receive_response_body.started request=<Request [b'POST']>
2025-06-25 00:07:54,067 - httpcore.http11 - DEBUG - receive_response_body.complete
2025-06-25 00:07:54,067 - httpcore.http11 - DEBUG - response_closed.started
2025-06-25 00:07:54,067 - httpcore.http11 - DEBUG - response_closed.complete
2025-06-25 00:07:54,068 - telegram.ext.ExtBot - DEBUG - Message(channel_chat_created=False, chat=Chat(first_name='Ghost', id=7049055170, last_name='Number1', type=<ChatType.PRIVATE>), date=datetime.datetime(2025, 6, 24, 23, 7, 54, tzinfo=datetime.timezone.utc), delete_chat_photo=False, from_user=User(first_name='SPRD', id=7707158318, is_bot=True, username='tizi91Bot'), group_chat_created=False, message_id=12031, reply_markup=InlineKeyboardMarkup(inline_keyboard=((InlineKeyboardButton(callback_data='start_sniperx', text='🚀 Start SniperX'),), (InlineKeyboardButton(callback_data='stop_sniperx', text='🛑 Stop SniperX'), InlineKeyboardButton(callback_data='status_sniperx', text='📊 Status')), (InlineKeyboardButton(callback_data='show_balance', text='💰 Balance'),))), supergroup_chat_created=False, text='SniperX Bot Control Panel:')
2025-06-25 00:07:54,071 - telegram.ext.ExtBot - DEBUG - Exiting: send_message
2025-06-25 00:07:55,907 - httpcore.http11 - DEBUG - receive_response_headers.complete return_value=(b'HTTP/1.1', 200, b'OK', [(b'Server', b'nginx/1.18.0'), (b'Date', b'Tue, 24 Jun 2025 23:07:55 GMT'), (b'Content-Type', b'application/json'), (b'Content-Length', b'818'), (b'Connection', b'keep-alive'), (b'Strict-Transport-Security', b'max-age=31536000; includeSubDomains; preload'), (b'Access-Control-Allow-Origin', b'*'), (b'Access-Control-Allow-Methods', b'GET, POST, OPTIONS'), (b'Access-Control-Expose-Headers', b'Content-Length,Content-Type,Date,Server,Connection')])
2025-06-25 00:07:55,907 - httpx - INFO - HTTP Request: POST https://api.telegram.org/bot7707158318:AAE8rWa4Q8Z_3avql6K0HAmXaooZAReoNF0/getUpdates "HTTP/1.1 200 OK"
2025-06-25 00:07:55,908 - httpcore.http11 - DEBUG - receive_response_body.started request=<Request [b'POST']>
2025-06-25 00:07:55,908 - httpcore.http11 - DEBUG - receive_response_body.complete
2025-06-25 00:07:55,910 - httpcore.http11 - DEBUG - response_closed.started
2025-06-25 00:07:55,912 - httpcore.http11 - DEBUG - response_closed.complete
2025-06-25 00:07:55,914 - telegram.ext.ExtBot - DEBUG - Getting updates: [37530210]
2025-06-25 00:07:55,916 - telegram.ext.ExtBot - DEBUG - (Update(callback_query=CallbackQuery(chat_instance='-1307310250263184334', data='start_sniperx', from_user=User(first_name='Ghost', id=7049055170, is_bot=False, language_code='en', last_name='Number1'), id='2605345313060256325', message=Message(channel_chat_created=False, chat=Chat(first_name='Ghost', id=7049055170, last_name='Number1', type=<ChatType.PRIVATE>), date=datetime.datetime(2025, 6, 24, 23, 7, 54, tzinfo=datetime.timezone.utc), delete_chat_photo=False, from_user=User(first_name='SPRD', id=7707158318, is_bot=True, username='tizi91Bot'), group_chat_created=False, message_id=12031, reply_markup=InlineKeyboardMarkup(inline_keyboard=((InlineKeyboardButton(callback_data='start_sniperx', text='🚀 Start SniperX'),), (InlineKeyboardButton(callback_data='stop_sniperx', text='🛑 Stop SniperX'), InlineKeyboardButton(callback_data='status_sniperx', text='📊 Status')), (InlineKeyboardButton(callback_data='show_balance', text='💰 Balance'),))), supergroup_chat_created=False, text='SniperX Bot Control Panel:')), update_id=37530210),)
2025-06-25 00:07:55,917 - telegram.ext.ExtBot - DEBUG - Exiting: get_updates
2025-06-25 00:07:55,918 - telegram.ext.ExtBot - DEBUG - Entering: get_updates
2025-06-25 00:07:55,919 - telegram.ext.Application - DEBUG - Processing update Update(callback_query=CallbackQuery(chat_instance='-1307310250263184334', data='start_sniperx', from_user=User(first_name='Ghost', id=7049055170, is_bot=False, language_code='en', last_name='Number1'), id='2605345313060256325', message=Message(channel_chat_created=False, chat=Chat(first_name='Ghost', id=7049055170, last_name='Number1', type=<ChatType.PRIVATE>), date=datetime.datetime(2025, 6, 24, 23, 7, 54, tzinfo=datetime.timezone.utc), delete_chat_photo=False, from_user=User(first_name='SPRD', id=7707158318, is_bot=True, username='tizi91Bot'), group_chat_created=False, message_id=12031, reply_markup=InlineKeyboardMarkup(inline_keyboard=((InlineKeyboardButton(callback_data='start_sniperx', text='🚀 Start SniperX'),), (InlineKeyboardButton(callback_data='stop_sniperx', text='🛑 Stop SniperX'), InlineKeyboardButton(callback_data='status_sniperx', text='📊 Status')), (InlineKeyboardButton(callback_data='show_balance', text='💰 Balance'),))), supergroup_chat_created=False, text='SniperX Bot Control Panel:')), update_id=37530210)
2025-06-25 00:07:55,924 - __main__ - INFO - Button callback received: Update(callback_query=CallbackQuery(chat_instance='-1307310250263184334', data='start_sniperx', from_user=User(first_name='Ghost', id=7049055170, is_bot=False, language_code='en', last_name='Number1'), id='2605345313060256325', message=Message(channel_chat_created=False, chat=Chat(first_name='Ghost', id=7049055170, last_name='Number1', type=<ChatType.PRIVATE>), date=datetime.datetime(2025, 6, 24, 23, 7, 54, tzinfo=datetime.timezone.utc), delete_chat_photo=False, from_user=User(first_name='SPRD', id=7707158318, is_bot=True, username='tizi91Bot'), group_chat_created=False, message_id=12031, reply_markup=InlineKeyboardMarkup(inline_keyboard=((InlineKeyboardButton(callback_data='start_sniperx', text='🚀 Start SniperX'),), (InlineKeyboardButton(callback_data='stop_sniperx', text='🛑 Stop SniperX'), InlineKeyboardButton(callback_data='status_sniperx', text='📊 Status')), (InlineKeyboardButton(callback_data='show_balance', text='💰 Balance'),))), supergroup_chat_created=False, text='SniperX Bot Control Panel:')), update_id=37530210)
2025-06-25 00:07:55,925 - telegram.ext.ExtBot - DEBUG - Entering: answer_callback_query
2025-06-25 00:07:55,938 - httpcore.http11 - DEBUG - send_request_headers.started request=<Request [b'POST']>
2025-06-25 00:07:55,938 - httpcore.http11 - DEBUG - send_request_headers.started request=<Request [b'POST']>
2025-06-25 00:07:55,940 - httpcore.http11 - DEBUG - send_request_headers.complete
2025-06-25 00:07:55,940 - httpcore.http11 - DEBUG - send_request_body.started request=<Request [b'POST']>
2025-06-25 00:07:55,941 - httpcore.http11 - DEBUG - send_request_headers.complete
2025-06-25 00:07:55,941 - httpcore.http11 - DEBUG - send_request_body.started request=<Request [b'POST']>
2025-06-25 00:07:55,943 - httpcore.http11 - DEBUG - send_request_body.complete
2025-06-25 00:07:55,944 - httpcore.http11 - DEBUG - receive_response_headers.started request=<Request [b'POST']>
2025-06-25 00:07:55,946 - httpcore.http11 - DEBUG - send_request_body.complete
2025-06-25 00:07:55,948 - httpcore.http11 - DEBUG - receive_response_headers.started request=<Request [b'POST']>
2025-06-25 00:07:56,056 - httpcore.http11 - DEBUG - receive_response_headers.complete return_value=(b'HTTP/1.1', 200, b'OK', [(b'Server', b'nginx/1.18.0'), (b'Date', b'Tue, 24 Jun 2025 23:07:56 GMT'), (b'Content-Type', b'application/json'), (b'Content-Length', b'25'), (b'Connection', b'keep-alive'), (b'Strict-Transport-Security', b'max-age=31536000; includeSubDomains; preload'), (b'Access-Control-Allow-Origin', b'*'), (b'Access-Control-Allow-Methods', b'GET, POST, OPTIONS'), (b'Access-Control-Expose-Headers', b'Content-Length,Content-Type,Date,Server,Connection')])
2025-06-25 00:07:56,057 - httpx - INFO - HTTP Request: POST https://api.telegram.org/bot7707158318:AAE8rWa4Q8Z_3avql6K0HAmXaooZAReoNF0/answerCallbackQuery "HTTP/1.1 200 OK"
2025-06-25 00:07:56,059 - httpcore.http11 - DEBUG - receive_response_body.started request=<Request [b'POST']>
2025-06-25 00:07:56,061 - httpcore.http11 - DEBUG - receive_response_body.complete
2025-06-25 00:07:56,062 - httpcore.http11 - DEBUG - response_closed.started
2025-06-25 00:07:56,063 - httpcore.http11 - DEBUG - response_closed.complete
2025-06-25 00:07:56,065 - telegram.ext.ExtBot - DEBUG - True
2025-06-25 00:07:56,065 - telegram.ext.ExtBot - DEBUG - Exiting: answer_callback_query
2025-06-25 00:07:56,065 - __main__ - INFO - Processing action: start_sniperx
2025-06-25 00:07:56,071 - telegram.ext.ExtBot - DEBUG - Entering: send_message
2025-06-25 00:07:56,074 - httpcore.http11 - DEBUG - send_request_headers.started request=<Request [b'POST']>
2025-06-25 00:07:56,076 - httpcore.http11 - DEBUG - send_request_headers.complete
2025-06-25 00:07:56,076 - httpcore.http11 - DEBUG - send_request_body.started request=<Request [b'POST']>
2025-06-25 00:07:56,078 - httpcore.http11 - DEBUG - send_request_body.complete
2025-06-25 00:07:56,079 - httpcore.http11 - DEBUG - receive_response_headers.started request=<Request [b'POST']>
2025-06-25 00:07:56,210 - httpcore.http11 - DEBUG - receive_response_headers.complete return_value=(b'HTTP/1.1', 200, b'OK', [(b'Server', b'nginx/1.18.0'), (b'Date', b'Tue, 24 Jun 2025 23:07:56 GMT'), (b'Content-Type', b'application/json'), (b'Content-Length', b'262'), (b'Connection', b'keep-alive'), (b'Strict-Transport-Security', b'max-age=31536000; includeSubDomains; preload'), (b'Access-Control-Allow-Origin', b'*'), (b'Access-Control-Allow-Methods', b'GET, POST, OPTIONS'), (b'Access-Control-Expose-Headers', b'Content-Length,Content-Type,Date,Server,Connection')])
2025-06-25 00:07:56,211 - httpx - INFO - HTTP Request: POST https://api.telegram.org/bot7707158318:AAE8rWa4Q8Z_3avql6K0HAmXaooZAReoNF0/sendMessage "HTTP/1.1 200 OK"
2025-06-25 00:07:56,214 - httpcore.http11 - DEBUG - receive_response_body.started request=<Request [b'POST']>
2025-06-25 00:07:56,215 - httpcore.http11 - DEBUG - receive_response_body.complete
2025-06-25 00:07:56,215 - httpcore.http11 - DEBUG - response_closed.started
2025-06-25 00:07:56,216 - httpcore.http11 - DEBUG - response_closed.complete
2025-06-25 00:07:56,220 - telegram.ext.ExtBot - DEBUG - Message(channel_chat_created=False, chat=Chat(first_name='Ghost', id=7049055170, last_name='Number1', type=<ChatType.PRIVATE>), date=datetime.datetime(2025, 6, 24, 23, 7, 56, tzinfo=datetime.timezone.utc), delete_chat_photo=False, from_user=User(first_name='SPRD', id=7707158318, is_bot=True, username='tizi91Bot'), group_chat_created=False, message_id=12032, supergroup_chat_created=False, text='Starting wallet manager...')
2025-06-25 00:07:56,221 - telegram.ext.ExtBot - DEBUG - Exiting: send_message
2025-06-25 00:07:58,336 - telegram.ext.ExtBot - DEBUG - Entering: send_message
2025-06-25 00:07:58,341 - httpcore.http11 - DEBUG - send_request_headers.started request=<Request [b'POST']>
2025-06-25 00:07:58,343 - httpcore.http11 - DEBUG - send_request_headers.complete
2025-06-25 00:07:58,345 - httpcore.http11 - DEBUG - send_request_body.started request=<Request [b'POST']>
2025-06-25 00:07:58,347 - httpcore.http11 - DEBUG - send_request_body.complete
2025-06-25 00:07:58,348 - httpcore.http11 - DEBUG - receive_response_headers.started request=<Request [b'POST']>
2025-06-25 00:07:58,554 - httpcore.http11 - DEBUG - receive_response_headers.complete return_value=(b'HTTP/1.1', 200, b'OK', [(b'Server', b'nginx/1.18.0'), (b'Date', b'Tue, 24 Jun 2025 23:07:58 GMT'), (b'Content-Type', b'application/json'), (b'Content-Length', b'323'), (b'Connection', b'keep-alive'), (b'Strict-Transport-Security', b'max-age=31536000; includeSubDomains; preload'), (b'Access-Control-Allow-Origin', b'*'), (b'Access-Control-Allow-Methods', b'GET, POST, OPTIONS'), (b'Access-Control-Expose-Headers', b'Content-Length,Content-Type,Date,Server,Connection')])
2025-06-25 00:07:58,554 - httpx - INFO - HTTP Request: POST https://api.telegram.org/bot7707158318:AAE8rWa4Q8Z_3avql6K0HAmXaooZAReoNF0/sendMessage "HTTP/1.1 200 OK"
2025-06-25 00:07:58,555 - httpcore.http11 - DEBUG - receive_response_body.started request=<Request [b'POST']>
2025-06-25 00:07:58,555 - httpcore.http11 - DEBUG - receive_response_body.complete
2025-06-25 00:07:58,556 - httpcore.http11 - DEBUG - response_closed.started
2025-06-25 00:07:58,556 - httpcore.http11 - DEBUG - response_closed.complete
2025-06-25 00:07:58,557 - telegram.ext.ExtBot - DEBUG - Message(channel_chat_created=False, chat=Chat(first_name='Ghost', id=7049055170, last_name='Number1', type=<ChatType.PRIVATE>), date=datetime.datetime(2025, 6, 24, 23, 7, 58, tzinfo=datetime.timezone.utc), delete_chat_photo=False, entities=(MessageEntity(length=5, offset=8, type=<MessageEntityType.URL>),), from_user=User(first_name='SPRD', id=7707158318, is_bot=True, username='tizi91Bot'), group_chat_created=False, message_id=12033, supergroup_chat_created=False, text='SniperX V2.py started with PID 12068.')
2025-06-25 00:07:58,557 - telegram.ext.ExtBot - DEBUG - Exiting: send_message
2025-06-25 00:07:58,557 - __main__ - INFO - SniperX V2.py started with PID 12068 by user tizi91Bot
2025-06-25 00:07:58,559 - telegram.ext.ExtBot - DEBUG - Entering: edit_message_text
2025-06-25 00:07:58,561 - httpcore.http11 - DEBUG - send_request_headers.started request=<Request [b'POST']>
2025-06-25 00:07:58,561 - httpcore.http11 - DEBUG - send_request_headers.complete
2025-06-25 00:07:58,561 - httpcore.http11 - DEBUG - send_request_body.started request=<Request [b'POST']>
2025-06-25 00:07:58,562 - httpcore.http11 - DEBUG - send_request_body.complete
2025-06-25 00:07:58,562 - httpcore.http11 - DEBUG - receive_response_headers.started request=<Request [b'POST']>
2025-06-25 00:07:58,744 - httpcore.http11 - DEBUG - receive_response_headers.complete return_value=(b'HTTP/1.1', 400, b'Bad Request', [(b'Server', b'nginx/1.18.0'), (b'Date', b'Tue, 24 Jun 2025 23:07:58 GMT'), (b'Content-Type', b'application/json'), (b'Content-Length', b'204'), (b'Connection', b'keep-alive'), (b'Strict-Transport-Security', b'max-age=31536000; includeSubDomains; preload'), (b'Access-Control-Allow-Origin', b'*'), (b'Access-Control-Expose-Headers', b'Content-Length,Content-Type,Date,Server,Connection')])
2025-06-25 00:07:58,745 - httpx - INFO - HTTP Request: POST https://api.telegram.org/bot7707158318:AAE8rWa4Q8Z_3avql6K0HAmXaooZAReoNF0/editMessageText "HTTP/1.1 400 Bad Request"
2025-06-25 00:07:58,745 - httpcore.http11 - DEBUG - receive_response_body.started request=<Request [b'POST']>
2025-06-25 00:07:58,745 - httpcore.http11 - DEBUG - receive_response_body.complete
2025-06-25 00:07:58,745 - httpcore.http11 - DEBUG - response_closed.started
2025-06-25 00:07:58,746 - httpcore.http11 - DEBUG - response_closed.complete
2025-06-25 00:07:58,746 - __main__ - ERROR - Error showing menu: Message is not modified: specified new message content and reply markup are exactly the same as a current content and reply markup of the message
2025-06-25 00:07:58,746 - telegram.ext.ExtBot - DEBUG - Entering: send_message
2025-06-25 00:07:58,748 - httpcore.http11 - DEBUG - send_request_headers.started request=<Request [b'POST']>
2025-06-25 00:07:58,748 - httpcore.http11 - DEBUG - send_request_headers.complete
2025-06-25 00:07:58,748 - httpcore.http11 - DEBUG - send_request_body.started request=<Request [b'POST']>
2025-06-25 00:07:58,750 - httpcore.http11 - DEBUG - send_request_body.complete
2025-06-25 00:07:58,750 - httpcore.http11 - DEBUG - receive_response_headers.started request=<Request [b'POST']>
2025-06-25 00:07:58,927 - httpcore.http11 - DEBUG - receive_response_headers.complete return_value=(b'HTTP/1.1', 200, b'OK', [(b'Server', b'nginx/1.18.0'), (b'Date', b'Tue, 24 Jun 2025 23:07:58 GMT'), (b'Content-Type', b'application/json'), (b'Content-Length', b'570'), (b'Connection', b'keep-alive'), (b'Strict-Transport-Security', b'max-age=31536000; includeSubDomains; preload'), (b'Access-Control-Allow-Origin', b'*'), (b'Access-Control-Allow-Methods', b'GET, POST, OPTIONS'), (b'Access-Control-Expose-Headers', b'Content-Length,Content-Type,Date,Server,Connection')])
2025-06-25 00:07:58,927 - httpx - INFO - HTTP Request: POST https://api.telegram.org/bot7707158318:AAE8rWa4Q8Z_3avql6K0HAmXaooZAReoNF0/sendMessage "HTTP/1.1 200 OK"
2025-06-25 00:07:58,928 - httpcore.http11 - DEBUG - receive_response_body.started request=<Request [b'POST']>
2025-06-25 00:07:58,928 - httpcore.http11 - DEBUG - receive_response_body.complete
2025-06-25 00:07:58,928 - httpcore.http11 - DEBUG - response_closed.started
2025-06-25 00:07:58,929 - httpcore.http11 - DEBUG - response_closed.complete
2025-06-25 00:07:58,930 - telegram.ext.ExtBot - DEBUG - Message(channel_chat_created=False, chat=Chat(first_name='Ghost', id=7049055170, last_name='Number1', type=<ChatType.PRIVATE>), date=datetime.datetime(2025, 6, 24, 23, 7, 58, tzinfo=datetime.timezone.utc), delete_chat_photo=False, from_user=User(first_name='SPRD', id=7707158318, is_bot=True, username='tizi91Bot'), group_chat_created=False, message_id=12034, reply_markup=InlineKeyboardMarkup(inline_keyboard=((InlineKeyboardButton(callback_data='start_sniperx', text='🚀 Start SniperX'),), (InlineKeyboardButton(callback_data='stop_sniperx', text='🛑 Stop SniperX'), InlineKeyboardButton(callback_data='status_sniperx', text='📊 Status')), (InlineKeyboardButton(callback_data='show_balance', text='💰 Balance'),))), supergroup_chat_created=False, text='SniperX Bot Control Panel:')
2025-06-25 00:07:58,932 - telegram.ext.ExtBot - DEBUG - Exiting: send_message
2025-06-25 00:08:06,053 - httpcore.http11 - DEBUG - receive_response_headers.complete return_value=(b'HTTP/1.1', 200, b'OK', [(b'Server', b'nginx/1.18.0'), (b'Date', b'Tue, 24 Jun 2025 23:08:06 GMT'), (b'Content-Type', b'application/json'), (b'Content-Length', b'23'), (b'Connection', b'keep-alive'), (b'Strict-Transport-Security', b'max-age=31536000; includeSubDomains; preload'), (b'Access-Control-Allow-Origin', b'*'), (b'Access-Control-Allow-Methods', b'GET, POST, OPTIONS'), (b'Access-Control-Expose-Headers', b'Content-Length,Content-Type,Date,Server,Connection')])
2025-06-25 00:08:06,054 - httpx - INFO - HTTP Request: POST https://api.telegram.org/bot7707158318:AAE8rWa4Q8Z_3avql6K0HAmXaooZAReoNF0/getUpdates "HTTP/1.1 200 OK"
2025-06-25 00:08:06,055 - httpcore.http11 - DEBUG - receive_response_body.started request=<Request [b'POST']>
2025-06-25 00:08:06,055 - httpcore.http11 - DEBUG - receive_response_body.complete
2025-06-25 00:08:06,055 - httpcore.http11 - DEBUG - response_closed.started
2025-06-25 00:08:06,055 - httpcore.http11 - DEBUG - response_closed.complete
2025-06-25 00:08:06,056 - telegram.ext.ExtBot - DEBUG - No new updates found.
2025-06-25 00:08:06,056 - telegram.ext.ExtBot - DEBUG - ()
2025-06-25 00:08:06,056 - telegram.ext.ExtBot - DEBUG - Exiting: get_updates
2025-06-25 00:08:06,056 - telegram.ext.ExtBot - DEBUG - Entering: get_updates
2025-06-25 00:08:06,059 - httpcore.http11 - DEBUG - send_request_headers.started request=<Request [b'POST']>
2025-06-25 00:08:06,060 - httpcore.http11 - DEBUG - send_request_headers.complete
2025-06-25 00:08:06,060 - httpcore.http11 - DEBUG - send_request_body.started request=<Request [b'POST']>
2025-06-25 00:08:06,061 - httpcore.http11 - DEBUG - send_request_body.complete
2025-06-25 00:08:06,061 - httpcore.http11 - DEBUG - receive_response_headers.started request=<Request [b'POST']>
2025-06-25 00:08:16,290 - httpcore.http11 - DEBUG - receive_response_headers.complete return_value=(b'HTTP/1.1', 200, b'OK', [(b'Server', b'nginx/1.18.0'), (b'Date', b'Tue, 24 Jun 2025 23:08:16 GMT'), (b'Content-Type', b'application/json'), (b'Content-Length', b'23'), (b'Connection', b'keep-alive'), (b'Strict-Transport-Security', b'max-age=31536000; includeSubDomains; preload'), (b'Access-Control-Allow-Origin', b'*'), (b'Access-Control-Allow-Methods', b'GET, POST, OPTIONS'), (b'Access-Control-Expose-Headers', b'Content-Length,Content-Type,Date,Server,Connection')])
2025-06-25 00:08:16,290 - httpx - INFO - HTTP Request: POST https://api.telegram.org/bot7707158318:AAE8rWa4Q8Z_3avql6K0HAmXaooZAReoNF0/getUpdates "HTTP/1.1 200 OK"
2025-06-25 00:08:16,291 - httpcore.http11 - DEBUG - receive_response_body.started request=<Request [b'POST']>
2025-06-25 00:08:16,291 - httpcore.http11 - DEBUG - receive_response_body.complete
2025-06-25 00:08:16,291 - httpcore.http11 - DEBUG - response_closed.started
2025-06-25 00:08:16,291 - httpcore.http11 - DEBUG - response_closed.complete
2025-06-25 00:08:16,292 - telegram.ext.ExtBot - DEBUG - No new updates found.
2025-06-25 00:08:16,293 - telegram.ext.ExtBot - DEBUG - ()
2025-06-25 00:08:16,293 - telegram.ext.ExtBot - DEBUG - Exiting: get_updates
2025-06-25 00:08:16,293 - telegram.ext.ExtBot - DEBUG - Entering: get_updates
2025-06-25 00:08:16,294 - httpcore.http11 - DEBUG - send_request_headers.started request=<Request [b'POST']>
2025-06-25 00:08:16,294 - httpcore.http11 - DEBUG - send_request_headers.complete
2025-06-25 00:08:16,295 - httpcore.http11 - DEBUG - send_request_body.started request=<Request [b'POST']>
2025-06-25 00:08:16,295 - httpcore.http11 - DEBUG - send_request_body.complete
2025-06-25 00:08:16,295 - httpcore.http11 - DEBUG - receive_response_headers.started request=<Request [b'POST']>
