2025-06-23 10:45:56,670 - asyncio - DEBUG - Using proactor: IocpProactor
2025-06-23 10:45:57,385 - telegram.ext.ExtBot - DEBUG - Set Bot API URL: https://api.telegram.org/bottest_telegram_token
2025-06-23 10:45:57,385 - telegram.ext.ExtBot - DEBUG - Set Bot API File URL: https://api.telegram.org/file/bottest_telegram_token
2025-06-23 10:45:57,388 - __main__ - INFO - Telegram Manager Bot started. Send /menu to interact.
2025-06-23 10:45:57,388 - telegram.ext.ExtBot - DEBUG - Calling Bot API endpoint `sendMessage` with parameters `{'chat_id': 'test_chat_id', 'text': 'SniperX Control Bot is online! Send /menu to see options.'}`
2025-06-23 10:45:57,403 - httpcore.connection - DEBUG - connect_tcp.started host='api.telegram.org' port=443 local_address=None timeout=5.0 socket_options=None
2025-06-23 10:45:57,510 - httpcore.connection - DEBUG - connect_tcp.complete return_value=<httpcore._backends.anyio.AnyIOStream object at 0x00000154A0C5AA70>
2025-06-23 10:45:57,511 - httpcore.connection - DEBUG - start_tls.started ssl_context=<ssl.SSLContext object at 0x00000154A0C04FC0> server_hostname='api.telegram.org' timeout=5.0
2025-06-23 10:45:57,576 - httpcore.connection - DEBUG - start_tls.complete return_value=<httpcore._backends.anyio.AnyIOStream object at 0x00000154A0BFF3A0>
2025-06-23 10:45:57,578 - httpcore.http11 - DEBUG - send_request_headers.started request=<Request [b'POST']>
2025-06-23 10:45:57,583 - httpcore.http11 - DEBUG - send_request_headers.complete
2025-06-23 10:45:57,583 - httpcore.http11 - DEBUG - send_request_body.started request=<Request [b'POST']>
2025-06-23 10:45:57,583 - httpcore.http11 - DEBUG - send_request_body.complete
2025-06-23 10:45:57,583 - httpcore.http11 - DEBUG - receive_response_headers.started request=<Request [b'POST']>
2025-06-23 10:45:57,634 - httpcore.http11 - DEBUG - receive_response_headers.complete return_value=(b'HTTP/1.1', 404, b'Not Found', [(b'Server', b'nginx/1.18.0'), (b'Date', b'Mon, 23 Jun 2025 09:45:59 GMT'), (b'Content-Type', b'application/json'), (b'Content-Length', b'55'), (b'Connection', b'keep-alive'), (b'Strict-Transport-Security', b'max-age=31536000; includeSubDomains; preload'), (b'Access-Control-Allow-Origin', b'*'), (b'Access-Control-Expose-Headers', b'Content-Length,Content-Type,Date,Server,Connection')])
2025-06-23 10:45:57,637 - httpx - INFO - HTTP Request: POST https://api.telegram.org/bottest_telegram_token/sendMessage "HTTP/1.1 404 Not Found"
2025-06-23 10:45:57,640 - httpcore.http11 - DEBUG - receive_response_body.started request=<Request [b'POST']>
2025-06-23 10:45:57,640 - httpcore.http11 - DEBUG - receive_response_body.complete
2025-06-23 10:45:57,640 - httpcore.http11 - DEBUG - response_closed.started
2025-06-23 10:45:57,643 - httpcore.http11 - DEBUG - response_closed.complete
2025-06-23 10:45:57,647 - __main__ - ERROR - Could not send startup message to TELEGRAM_CHAT_ID test_chat_id: Not Found
2025-06-23 10:45:57,651 - telegram.ext - DEBUG - Network Retry Loop (Bootstrap Initialize Application): Starting
2025-06-23 10:45:57,652 - telegram.ext.ExtBot - DEBUG - Calling Bot API endpoint `getMe` with parameters `{}`
2025-06-23 10:45:57,656 - httpcore.http11 - DEBUG - send_request_headers.started request=<Request [b'POST']>
2025-06-23 10:45:57,658 - httpcore.http11 - DEBUG - send_request_headers.complete
2025-06-23 10:45:57,658 - httpcore.http11 - DEBUG - send_request_body.started request=<Request [b'POST']>
2025-06-23 10:45:57,658 - httpcore.http11 - DEBUG - send_request_body.complete
2025-06-23 10:45:57,659 - httpcore.http11 - DEBUG - receive_response_headers.started request=<Request [b'POST']>
2025-06-23 10:45:57,709 - httpcore.http11 - DEBUG - receive_response_headers.complete return_value=(b'HTTP/1.1', 404, b'Not Found', [(b'Server', b'nginx/1.18.0'), (b'Date', b'Mon, 23 Jun 2025 09:45:59 GMT'), (b'Content-Type', b'application/json'), (b'Content-Length', b'55'), (b'Connection', b'keep-alive'), (b'Strict-Transport-Security', b'max-age=31536000; includeSubDomains; preload'), (b'Access-Control-Allow-Origin', b'*'), (b'Access-Control-Expose-Headers', b'Content-Length,Content-Type,Date,Server,Connection')])
2025-06-23 10:45:57,712 - httpx - INFO - HTTP Request: POST https://api.telegram.org/bottest_telegram_token/getMe "HTTP/1.1 404 Not Found"
2025-06-23 10:45:57,714 - httpcore.http11 - DEBUG - receive_response_body.started request=<Request [b'POST']>
2025-06-23 10:45:57,714 - httpcore.http11 - DEBUG - receive_response_body.complete
2025-06-23 10:45:57,715 - httpcore.http11 - DEBUG - response_closed.started
2025-06-23 10:45:57,716 - httpcore.http11 - DEBUG - response_closed.complete
2025-06-23 10:45:57,717 - telegram.ext - ERROR - Network Retry Loop (Bootstrap Initialize Application): Invalid token. Aborting retry loop.
Traceback (most recent call last):
  File "c:\Users\Rachid Aitali\OneDrive - 4JM Solutions Limited\Desktop\SniperX\SniperX\SniperX-V3\.venv\lib\site-packages\telegram\_bot.py", line 844, in initialize
    await self.get_me()
  File "c:\Users\Rachid Aitali\OneDrive - 4JM Solutions Limited\Desktop\SniperX\SniperX\SniperX-V3\.venv\lib\site-packages\telegram\ext\_extbot.py", line 1980, in get_me
    return await super().get_me(
  File "c:\Users\Rachid Aitali\OneDrive - 4JM Solutions Limited\Desktop\SniperX\SniperX\SniperX-V3\.venv\lib\site-packages\telegram\_bot.py", line 975, in get_me
    result = await self._post(
  File "c:\Users\Rachid Aitali\OneDrive - 4JM Solutions Limited\Desktop\SniperX\SniperX\SniperX-V3\.venv\lib\site-packages\telegram\_bot.py", line 697, in _post
    return await self._do_post(
  File "c:\Users\Rachid Aitali\OneDrive - 4JM Solutions Limited\Desktop\SniperX\SniperX\SniperX-V3\.venv\lib\site-packages\telegram\ext\_extbot.py", line 369, in _do_post
    return await super()._do_post(
  File "c:\Users\Rachid Aitali\OneDrive - 4JM Solutions Limited\Desktop\SniperX\SniperX\SniperX-V3\.venv\lib\site-packages\telegram\_bot.py", line 726, in _do_post
    result = await request.post(
  File "c:\Users\Rachid Aitali\OneDrive - 4JM Solutions Limited\Desktop\SniperX\SniperX\SniperX-V3\.venv\lib\site-packages\telegram\request\_baserequest.py", line 197, in post
    result = await self._request_wrapper(
  File "c:\Users\Rachid Aitali\OneDrive - 4JM Solutions Limited\Desktop\SniperX\SniperX\SniperX-V3\.venv\lib\site-packages\telegram\request\_baserequest.py", line 351, in _request_wrapper
    raise InvalidToken(message)
telegram.error.InvalidToken: Not Found

The above exception was the direct cause of the following exception:

Traceback (most recent call last):
  File "c:\Users\Rachid Aitali\OneDrive - 4JM Solutions Limited\Desktop\SniperX\SniperX\SniperX-V3\.venv\lib\site-packages\telegram\ext\_utils\networkloop.py", line 115, in network_retry_loop
    if not await do_action():
  File "c:\Users\Rachid Aitali\OneDrive - 4JM Solutions Limited\Desktop\SniperX\SniperX\SniperX-V3\.venv\lib\site-packages\telegram\ext\_utils\networkloop.py", line 93, in do_action
    return await action_cb()
  File "c:\Users\Rachid Aitali\OneDrive - 4JM Solutions Limited\Desktop\SniperX\SniperX\SniperX-V3\.venv\lib\site-packages\telegram\ext\_application.py", line 486, in initialize
    await self.bot.initialize()
  File "c:\Users\Rachid Aitali\OneDrive - 4JM Solutions Limited\Desktop\SniperX\SniperX\SniperX-V3\.venv\lib\site-packages\telegram\ext\_extbot.py", line 315, in initialize
    await super().initialize()
  File "c:\Users\Rachid Aitali\OneDrive - 4JM Solutions Limited\Desktop\SniperX\SniperX\SniperX-V3\.venv\lib\site-packages\telegram\_bot.py", line 846, in initialize
    raise InvalidToken(f"The token `{self._token}` was rejected by the server.") from exc
telegram.error.InvalidToken: The token `test_telegram_token` was rejected by the server.
2025-06-23 10:45:57,767 - telegram.ext.Application - DEBUG - This Application is already shut down. Returning.
2025-06-23 10:45:57,768 - __main__ - ERROR - Error in polling: The token `test_telegram_token` was rejected by the server.
